[2022-06-27T19:01:20.907-0700][gc,heap] Heap region size: 1M
[2022-06-27T19:01:20.911-0700][gc     ] Using G1
[2022-06-27T19:01:20.911-0700][gc,heap,coops] Heap address: 0x00000007e0000000, size: 512 MB, Compressed Oops mode: Zero based, Oop shift amount: 3
[2022-06-27T19:01:23.296-0700][gc,start     ] GC(0) Pause Young (Concurrent Start) (Metadata GC Threshold)
[2022-06-27T19:01:23.296-0700][gc,task      ] GC(0) Using 8 workers of 8 for evacuation
[2022-06-27T19:01:23.314-0700][gc,phases    ] GC(0)   Pre Evacuate Collection Set: 0.0ms
[2022-06-27T19:01:23.314-0700][gc,phases    ] GC(0)   Evacuate Collection Set: 17.2ms
[2022-06-27T19:01:23.314-0700][gc,phases    ] GC(0)   Post Evacuate Collection Set: 0.6ms
[2022-06-27T19:01:23.315-0700][gc,phases    ] GC(0)   Other: 1.2ms
[2022-06-27T19:01:23.315-0700][gc,heap      ] GC(0) Eden regions: 142->0(250)
[2022-06-27T19:01:23.315-0700][gc,heap      ] GC(0) Survivor regions: 0->6(32)
[2022-06-27T19:01:23.315-0700][gc,heap      ] GC(0) Old regions: 0->0
[2022-06-27T19:01:23.315-0700][gc,heap      ] GC(0) Humongous regions: 0->0
[2022-06-27T19:01:23.315-0700][gc,metaspace ] GC(0) Metaspace: 20822K->20822K(1069056K)
[2022-06-27T19:01:23.315-0700][gc           ] GC(0) Pause Young (Concurrent Start) (Metadata GC Threshold) 141M->5M(512M) 18.701ms
[2022-06-27T19:01:23.315-0700][gc,cpu       ] GC(0) User=0.06s Sys=0.03s Real=0.02s
[2022-06-27T19:01:23.315-0700][gc           ] GC(1) Concurrent Cycle
[2022-06-27T19:01:23.315-0700][gc,marking   ] GC(1) Concurrent Clear Claimed Marks
[2022-06-27T19:01:23.315-0700][gc,marking   ] GC(1) Concurrent Clear Claimed Marks 0.030ms
[2022-06-27T19:01:23.315-0700][gc,marking   ] GC(1) Concurrent Scan Root Regions
[2022-06-27T19:01:23.317-0700][gc,marking   ] GC(1) Concurrent Scan Root Regions 1.711ms
[2022-06-27T19:01:23.317-0700][gc,marking   ] GC(1) Concurrent Mark (2.416s)
[2022-06-27T19:01:23.317-0700][gc,marking   ] GC(1) Concurrent Mark From Roots
[2022-06-27T19:01:23.317-0700][gc,task      ] GC(1) Using 2 workers of 2 for marking
[2022-06-27T19:01:23.317-0700][gc,marking   ] GC(1) Concurrent Mark From Roots 0.068ms
[2022-06-27T19:01:23.317-0700][gc,marking   ] GC(1) Concurrent Preclean
[2022-06-27T19:01:23.317-0700][gc,marking   ] GC(1) Concurrent Preclean 0.024ms
[2022-06-27T19:01:23.317-0700][gc,marking   ] GC(1) Concurrent Mark (2.416s, 2.416s) 0.120ms
[2022-06-27T19:01:23.318-0700][gc,start     ] GC(1) Pause Remark
[2022-06-27T19:01:23.322-0700][gc,stringtable] GC(1) Cleaned string and symbol table, strings: 7456 processed, 0 removed, symbols: 68207 processed, 77 removed
[2022-06-27T19:01:23.322-0700][gc            ] GC(1) Pause Remark 6M->6M(512M) 4.454ms
[2022-06-27T19:01:23.322-0700][gc,cpu        ] GC(1) User=0.01s Sys=0.00s Real=0.01s
[2022-06-27T19:01:23.322-0700][gc,marking    ] GC(1) Concurrent Rebuild Remembered Sets
[2022-06-27T19:01:23.322-0700][gc,marking    ] GC(1) Concurrent Rebuild Remembered Sets 0.089ms
[2022-06-27T19:01:23.323-0700][gc,start      ] GC(1) Pause Cleanup
[2022-06-27T19:01:23.323-0700][gc            ] GC(1) Pause Cleanup 6M->6M(512M) 0.065ms
[2022-06-27T19:01:23.323-0700][gc,cpu        ] GC(1) User=0.00s Sys=0.00s Real=0.00s
[2022-06-27T19:01:23.323-0700][gc,marking    ] GC(1) Concurrent Cleanup for Next Mark
[2022-06-27T19:01:23.325-0700][gc,marking    ] GC(1) Concurrent Cleanup for Next Mark 1.860ms
[2022-06-27T19:01:23.325-0700][gc            ] GC(1) Concurrent Cycle 9.842ms
[2022-06-27T19:01:26.440-0700][gc,start      ] GC(2) Pause Young (Normal) (G1 Evacuation Pause)
[2022-06-27T19:01:26.441-0700][gc,task       ] GC(2) Using 8 workers of 8 for evacuation
[2022-06-27T19:01:26.477-0700][gc,phases     ] GC(2)   Pre Evacuate Collection Set: 0.0ms
[2022-06-27T19:01:26.477-0700][gc,phases     ] GC(2)   Evacuate Collection Set: 35.8ms
[2022-06-27T19:01:26.477-0700][gc,phases     ] GC(2)   Post Evacuate Collection Set: 0.7ms
[2022-06-27T19:01:26.477-0700][gc,phases     ] GC(2)   Other: 0.2ms
[2022-06-27T19:01:26.477-0700][gc,heap       ] GC(2) Eden regions: 250->0(244)
[2022-06-27T19:01:26.477-0700][gc,heap       ] GC(2) Survivor regions: 6->12(32)
[2022-06-27T19:01:26.477-0700][gc,heap       ] GC(2) Old regions: 0->0
[2022-06-27T19:01:26.477-0700][gc,heap       ] GC(2) Humongous regions: 0->0
[2022-06-27T19:01:26.477-0700][gc,metaspace  ] GC(2) Metaspace: 31163K->31163K(1077248K)
[2022-06-27T19:01:26.477-0700][gc            ] GC(2) Pause Young (Normal) (G1 Evacuation Pause) 255M->11M(512M) 36.833ms
[2022-06-27T19:01:26.477-0700][gc,cpu        ] GC(2) User=0.16s Sys=0.06s Real=0.03s
[2022-06-27T19:01:29.783-0700][gc,start      ] GC(3) Pause Young (Normal) (G1 Evacuation Pause)
[2022-06-27T19:01:29.783-0700][gc,task       ] GC(3) Using 8 workers of 8 for evacuation
[2022-06-27T19:01:29.810-0700][gc,phases     ] GC(3)   Pre Evacuate Collection Set: 0.0ms
[2022-06-27T19:01:29.810-0700][gc,phases     ] GC(3)   Evacuate Collection Set: 25.9ms
[2022-06-27T19:01:29.810-0700][gc,phases     ] GC(3)   Post Evacuate Collection Set: 0.7ms
[2022-06-27T19:01:29.810-0700][gc,phases     ] GC(3)   Other: 0.2ms
[2022-06-27T19:01:29.810-0700][gc,heap       ] GC(3) Eden regions: 244->0(241)
[2022-06-27T19:01:29.810-0700][gc,heap       ] GC(3) Survivor regions: 12->15(32)
[2022-06-27T19:01:29.810-0700][gc,heap       ] GC(3) Old regions: 0->0
[2022-06-27T19:01:29.810-0700][gc,heap       ] GC(3) Humongous regions: 0->0
[2022-06-27T19:01:29.810-0700][gc,metaspace  ] GC(3) Metaspace: 34500K->34500K(1081344K)
[2022-06-27T19:01:29.810-0700][gc            ] GC(3) Pause Young (Normal) (G1 Evacuation Pause) 255M->14M(512M) 26.873ms
[2022-06-27T19:01:29.810-0700][gc,cpu        ] GC(3) User=0.11s Sys=0.05s Real=0.03s
[2022-06-27T19:01:30.193-0700][gc,start      ] GC(4) Pause Young (Concurrent Start) (Metadata GC Threshold)
[2022-06-27T19:01:30.194-0700][gc,task       ] GC(4) Using 8 workers of 8 for evacuation
[2022-06-27T19:01:30.219-0700][gc,phases     ] GC(4)   Pre Evacuate Collection Set: 0.0ms
[2022-06-27T19:01:30.219-0700][gc,phases     ] GC(4)   Evacuate Collection Set: 25.0ms
[2022-06-27T19:01:30.219-0700][gc,phases     ] GC(4)   Post Evacuate Collection Set: 0.5ms
[2022-06-27T19:01:30.219-0700][gc,phases     ] GC(4)   Other: 0.1ms
[2022-06-27T19:01:30.219-0700][gc,heap       ] GC(4) Eden regions: 19->0(241)
[2022-06-27T19:01:30.219-0700][gc,heap       ] GC(4) Survivor regions: 15->15(32)
[2022-06-27T19:01:30.219-0700][gc,heap       ] GC(4) Old regions: 0->0
[2022-06-27T19:01:30.219-0700][gc,heap       ] GC(4) Humongous regions: 0->0
[2022-06-27T19:01:30.219-0700][gc,metaspace  ] GC(4) Metaspace: 34927K->34927K(1081344K)
[2022-06-27T19:01:30.219-0700][gc            ] GC(4) Pause Young (Concurrent Start) (Metadata GC Threshold) 33M->15M(512M) 25.775ms
[2022-06-27T19:01:30.219-0700][gc,cpu        ] GC(4) User=0.08s Sys=0.03s Real=0.02s
[2022-06-27T19:01:30.219-0700][gc            ] GC(5) Concurrent Cycle
[2022-06-27T19:01:30.219-0700][gc,marking    ] GC(5) Concurrent Clear Claimed Marks
[2022-06-27T19:01:30.219-0700][gc,marking    ] GC(5) Concurrent Clear Claimed Marks 0.034ms
[2022-06-27T19:01:30.219-0700][gc,marking    ] GC(5) Concurrent Scan Root Regions
[2022-06-27T19:01:30.224-0700][gc,marking    ] GC(5) Concurrent Scan Root Regions 4.159ms
[2022-06-27T19:01:30.224-0700][gc,marking    ] GC(5) Concurrent Mark (9.323s)
[2022-06-27T19:01:30.224-0700][gc,marking    ] GC(5) Concurrent Mark From Roots
[2022-06-27T19:01:30.224-0700][gc,task       ] GC(5) Using 2 workers of 2 for marking
[2022-06-27T19:01:30.224-0700][gc,marking    ] GC(5) Concurrent Mark From Roots 0.076ms
[2022-06-27T19:01:30.224-0700][gc,marking    ] GC(5) Concurrent Preclean
[2022-06-27T19:01:30.224-0700][gc,marking    ] GC(5) Concurrent Preclean 0.022ms
[2022-06-27T19:01:30.224-0700][gc,marking    ] GC(5) Concurrent Mark (9.323s, 9.323s) 0.122ms
[2022-06-27T19:01:30.224-0700][gc,start      ] GC(5) Pause Remark
[2022-06-27T19:01:30.229-0700][gc,stringtable] GC(5) Cleaned string and symbol table, strings: 13526 processed, 0 removed, symbols: 110798 processed, 295 removed
[2022-06-27T19:01:30.229-0700][gc            ] GC(5) Pause Remark 15M->15M(512M) 5.062ms
[2022-06-27T19:01:30.229-0700][gc,cpu        ] GC(5) User=0.02s Sys=0.01s Real=0.00s
[2022-06-27T19:01:30.229-0700][gc,marking    ] GC(5) Concurrent Rebuild Remembered Sets
[2022-06-27T19:01:30.229-0700][gc,marking    ] GC(5) Concurrent Rebuild Remembered Sets 0.024ms
[2022-06-27T19:01:30.230-0700][gc,start      ] GC(5) Pause Cleanup
[2022-06-27T19:01:30.230-0700][gc            ] GC(5) Pause Cleanup 15M->15M(512M) 0.077ms
[2022-06-27T19:01:30.230-0700][gc,cpu        ] GC(5) User=0.00s Sys=0.00s Real=0.00s
[2022-06-27T19:01:30.230-0700][gc,marking    ] GC(5) Concurrent Cleanup for Next Mark
[2022-06-27T19:01:30.231-0700][gc,marking    ] GC(5) Concurrent Cleanup for Next Mark 1.600ms
[2022-06-27T19:01:30.231-0700][gc            ] GC(5) Concurrent Cycle 12.129ms
[2022-06-27T19:01:34.713-0700][gc,start      ] GC(6) Pause Young (Normal) (G1 Evacuation Pause)
[2022-06-27T19:01:34.713-0700][gc,task       ] GC(6) Using 8 workers of 8 for evacuation
[2022-06-27T19:01:34.751-0700][gc,phases     ] GC(6)   Pre Evacuate Collection Set: 0.0ms
[2022-06-27T19:01:34.751-0700][gc,phases     ] GC(6)   Evacuate Collection Set: 37.4ms
[2022-06-27T19:01:34.751-0700][gc,phases     ] GC(6)   Post Evacuate Collection Set: 1.0ms
[2022-06-27T19:01:34.751-0700][gc,phases     ] GC(6)   Other: 0.1ms
[2022-06-27T19:01:34.751-0700][gc,heap       ] GC(6) Eden regions: 241->0(230)
[2022-06-27T19:01:34.751-0700][gc,heap       ] GC(6) Survivor regions: 15->26(32)
[2022-06-27T19:01:34.751-0700][gc,heap       ] GC(6) Old regions: 0->0
[2022-06-27T19:01:34.751-0700][gc,heap       ] GC(6) Humongous regions: 0->0
[2022-06-27T19:01:34.751-0700][gc,metaspace  ] GC(6) Metaspace: 48741K->48741K(1093632K)
[2022-06-27T19:01:34.751-0700][gc            ] GC(6) Pause Young (Normal) (G1 Evacuation Pause) 256M->25M(512M) 38.625ms
[2022-06-27T19:01:34.751-0700][gc,cpu        ] GC(6) User=0.13s Sys=0.06s Real=0.04s
[2022-06-27T19:01:37.440-0700][gc,start      ] GC(7) Pause Young (Concurrent Start) (Metadata GC Threshold)
[2022-06-27T19:01:37.440-0700][gc,task       ] GC(7) Using 8 workers of 8 for evacuation
[2022-06-27T19:01:37.488-0700][gc,phases     ] GC(7)   Pre Evacuate Collection Set: 0.0ms
[2022-06-27T19:01:37.489-0700][gc,phases     ] GC(7)   Evacuate Collection Set: 47.5ms
[2022-06-27T19:01:37.489-0700][gc,phases     ] GC(7)   Post Evacuate Collection Set: 1.1ms
[2022-06-27T19:01:37.489-0700][gc,phases     ] GC(7)   Other: 0.3ms
[2022-06-27T19:01:37.489-0700][gc,heap       ] GC(7) Eden regions: 112->0(235)
[2022-06-27T19:01:37.489-0700][gc,heap       ] GC(7) Survivor regions: 26->21(32)
[2022-06-27T19:01:37.489-0700][gc,heap       ] GC(7) Old regions: 0->11
[2022-06-27T19:01:37.489-0700][gc,heap       ] GC(7) Humongous regions: 0->0
[2022-06-27T19:01:37.489-0700][gc,metaspace  ] GC(7) Metaspace: 58530K->58530K(1101824K)
[2022-06-27T19:01:37.489-0700][gc            ] GC(7) Pause Young (Concurrent Start) (Metadata GC Threshold) 137M->31M(512M) 49.039ms
[2022-06-27T19:01:37.489-0700][gc,cpu        ] GC(7) User=0.16s Sys=0.06s Real=0.04s
[2022-06-27T19:01:37.489-0700][gc            ] GC(8) Concurrent Cycle
[2022-06-27T19:01:37.489-0700][gc,marking    ] GC(8) Concurrent Clear Claimed Marks
[2022-06-27T19:01:37.489-0700][gc,marking    ] GC(8) Concurrent Clear Claimed Marks 0.043ms
[2022-06-27T19:01:37.489-0700][gc,marking    ] GC(8) Concurrent Scan Root Regions
[2022-06-27T19:01:37.495-0700][gc,marking    ] GC(8) Concurrent Scan Root Regions 5.969ms
[2022-06-27T19:01:37.495-0700][gc,marking    ] GC(8) Concurrent Mark (16.595s)
[2022-06-27T19:01:37.495-0700][gc,marking    ] GC(8) Concurrent Mark From Roots
[2022-06-27T19:01:37.495-0700][gc,task       ] GC(8) Using 2 workers of 2 for marking
[2022-06-27T19:01:37.503-0700][gc,marking    ] GC(8) Concurrent Mark From Roots 8.636ms
[2022-06-27T19:01:37.503-0700][gc,marking    ] GC(8) Concurrent Preclean
[2022-06-27T19:01:37.503-0700][gc,marking    ] GC(8) Concurrent Preclean 0.052ms
[2022-06-27T19:01:37.503-0700][gc,marking    ] GC(8) Concurrent Mark (16.595s, 16.603s) 8.750ms
[2022-06-27T19:01:37.504-0700][gc,start      ] GC(8) Pause Remark
[2022-06-27T19:01:37.511-0700][gc,stringtable] GC(8) Cleaned string and symbol table, strings: 28029 processed, 0 removed, symbols: 168223 processed, 222 removed
[2022-06-27T19:01:37.511-0700][gc            ] GC(8) Pause Remark 33M->33M(512M) 7.383ms
[2022-06-27T19:01:37.511-0700][gc,cpu        ] GC(8) User=0.02s Sys=0.00s Real=0.01s
[2022-06-27T19:01:37.511-0700][gc,marking    ] GC(8) Concurrent Rebuild Remembered Sets
[2022-06-27T19:01:37.517-0700][gc,marking    ] GC(8) Concurrent Rebuild Remembered Sets 5.857ms
[2022-06-27T19:01:37.518-0700][gc,start      ] GC(8) Pause Cleanup
[2022-06-27T19:01:37.518-0700][gc            ] GC(8) Pause Cleanup 33M->33M(512M) 0.107ms
[2022-06-27T19:01:37.518-0700][gc,cpu        ] GC(8) User=0.00s Sys=0.00s Real=0.00s
[2022-06-27T19:01:37.518-0700][gc,marking    ] GC(8) Concurrent Cleanup for Next Mark
[2022-06-27T19:01:37.519-0700][gc,marking    ] GC(8) Concurrent Cleanup for Next Mark 0.721ms
[2022-06-27T19:01:37.519-0700][gc            ] GC(8) Concurrent Cycle 29.928ms
[2022-06-27T19:01:41.731-0700][gc,start      ] GC(9) Pause Young (Normal) (G1 Evacuation Pause)
[2022-06-27T19:01:41.731-0700][gc,task       ] GC(9) Using 8 workers of 8 for evacuation
[2022-06-27T19:01:41.753-0700][gc,phases     ] GC(9)   Pre Evacuate Collection Set: 0.0ms
[2022-06-27T19:01:41.753-0700][gc,phases     ] GC(9)   Evacuate Collection Set: 20.4ms
[2022-06-27T19:01:41.753-0700][gc,phases     ] GC(9)   Post Evacuate Collection Set: 0.8ms
[2022-06-27T19:01:41.753-0700][gc,phases     ] GC(9)   Other: 0.2ms
[2022-06-27T19:01:41.753-0700][gc,heap       ] GC(9) Eden regions: 235->0(233)
[2022-06-27T19:01:41.753-0700][gc,heap       ] GC(9) Survivor regions: 21->23(32)
[2022-06-27T19:01:41.753-0700][gc,heap       ] GC(9) Old regions: 11->14
[2022-06-27T19:01:41.753-0700][gc,heap       ] GC(9) Humongous regions: 2->2
[2022-06-27T19:01:41.753-0700][gc,metaspace  ] GC(9) Metaspace: 70624K->70624K(1114112K)
[2022-06-27T19:01:41.753-0700][gc            ] GC(9) Pause Young (Normal) (G1 Evacuation Pause) 268M->38M(512M) 21.502ms
[2022-06-27T19:01:41.753-0700][gc,cpu        ] GC(9) User=0.10s Sys=0.02s Real=0.02s
[2022-06-27T19:29:14.662-0700][gc,start      ] GC(10) Pause Young (Normal) (G1 Evacuation Pause)
[2022-06-27T19:29:14.663-0700][gc,task       ] GC(10) Using 8 workers of 8 for evacuation
[2022-06-27T19:29:14.715-0700][gc,phases     ] GC(10)   Pre Evacuate Collection Set: 0.1ms
[2022-06-27T19:29:14.715-0700][gc,phases     ] GC(10)   Evacuate Collection Set: 50.5ms
[2022-06-27T19:29:14.715-0700][gc,phases     ] GC(10)   Post Evacuate Collection Set: 0.7ms
[2022-06-27T19:29:14.715-0700][gc,phases     ] GC(10)   Other: 2.0ms
[2022-06-27T19:29:14.715-0700][gc,heap       ] GC(10) Eden regions: 233->0(241)
[2022-06-27T19:29:14.715-0700][gc,heap       ] GC(10) Survivor regions: 23->15(32)
[2022-06-27T19:29:14.715-0700][gc,heap       ] GC(10) Old regions: 14->24
[2022-06-27T19:29:14.715-0700][gc,heap       ] GC(10) Humongous regions: 6->6
[2022-06-27T19:29:14.715-0700][gc,metaspace  ] GC(10) Metaspace: 75843K->75843K(1118208K)
[2022-06-27T19:29:14.715-0700][gc            ] GC(10) Pause Young (Normal) (G1 Evacuation Pause) 275M->44M(512M) 53.316ms
[2022-06-27T19:29:14.715-0700][gc,cpu        ] GC(10) User=0.13s Sys=0.05s Real=0.05s
[2022-06-27T20:02:33.920-0700][gc,start      ] GC(11) Pause Young (Normal) (G1 Evacuation Pause)
[2022-06-27T20:02:33.921-0700][gc,task       ] GC(11) Using 8 workers of 8 for evacuation
[2022-06-27T20:02:33.975-0700][gc,phases     ] GC(11)   Pre Evacuate Collection Set: 0.3ms
[2022-06-27T20:02:33.975-0700][gc,phases     ] GC(11)   Evacuate Collection Set: 51.4ms
[2022-06-27T20:02:33.975-0700][gc,phases     ] GC(11)   Post Evacuate Collection Set: 1.2ms
[2022-06-27T20:02:33.975-0700][gc,phases     ] GC(11)   Other: 2.2ms
[2022-06-27T20:02:33.975-0700][gc,heap       ] GC(11) Eden regions: 241->0(241)
[2022-06-27T20:02:33.975-0700][gc,heap       ] GC(11) Survivor regions: 15->15(32)
[2022-06-27T20:02:33.975-0700][gc,heap       ] GC(11) Old regions: 24->24
[2022-06-27T20:02:33.975-0700][gc,heap       ] GC(11) Humongous regions: 6->6
[2022-06-27T20:02:33.975-0700][gc,metaspace  ] GC(11) Metaspace: 76177K->76177K(1118208K)
[2022-06-27T20:02:33.975-0700][gc            ] GC(11) Pause Young (Normal) (G1 Evacuation Pause) 285M->43M(512M) 55.141ms
[2022-06-27T20:02:33.975-0700][gc,cpu        ] GC(11) User=0.13s Sys=0.10s Real=0.05s
[2022-06-27T23:08:41.392-0700][gc,start      ] GC(12) Pause Young (Normal) (G1 Evacuation Pause)
[2022-06-27T23:08:41.393-0700][gc,task       ] GC(12) Using 8 workers of 8 for evacuation
[2022-06-27T23:08:41.451-0700][gc,phases     ] GC(12)   Pre Evacuate Collection Set: 0.1ms
[2022-06-27T23:08:41.451-0700][gc,phases     ] GC(12)   Evacuate Collection Set: 55.7ms
[2022-06-27T23:08:41.451-0700][gc,phases     ] GC(12)   Post Evacuate Collection Set: 0.8ms
[2022-06-27T23:08:41.451-0700][gc,phases     ] GC(12)   Other: 2.1ms
[2022-06-27T23:08:41.451-0700][gc,heap       ] GC(12) Eden regions: 241->0(241)
[2022-06-27T23:08:41.451-0700][gc,heap       ] GC(12) Survivor regions: 15->15(32)
[2022-06-27T23:08:41.451-0700][gc,heap       ] GC(12) Old regions: 24->24
[2022-06-27T23:08:41.451-0700][gc,heap       ] GC(12) Humongous regions: 6->6
[2022-06-27T23:08:41.451-0700][gc,metaspace  ] GC(12) Metaspace: 76296K->76296K(1118208K)
[2022-06-27T23:08:41.451-0700][gc            ] GC(12) Pause Young (Normal) (G1 Evacuation Pause) 284M->43M(512M) 58.739ms
[2022-06-27T23:08:41.451-0700][gc,cpu        ] GC(12) User=0.19s Sys=0.06s Real=0.06s
[2022-06-28T11:09:58.623-0700][gc,start      ] GC(13) Pause Young (Normal) (G1 Evacuation Pause)
[2022-06-28T11:09:58.625-0700][gc,task       ] GC(13) Using 8 workers of 8 for evacuation
[2022-06-28T11:09:58.670-0700][gc,phases     ] GC(13)   Pre Evacuate Collection Set: 0.1ms
[2022-06-28T11:09:58.671-0700][gc,phases     ] GC(13)   Evacuate Collection Set: 44.3ms
[2022-06-28T11:09:58.671-0700][gc,phases     ] GC(13)   Post Evacuate Collection Set: 0.8ms
[2022-06-28T11:09:58.671-0700][gc,phases     ] GC(13)   Other: 2.0ms
[2022-06-28T11:09:58.671-0700][gc,heap       ] GC(13) Eden regions: 241->0(241)
[2022-06-28T11:09:58.671-0700][gc,heap       ] GC(13) Survivor regions: 15->15(32)
[2022-06-28T11:09:58.671-0700][gc,heap       ] GC(13) Old regions: 24->24
[2022-06-28T11:09:58.671-0700][gc,heap       ] GC(13) Humongous regions: 6->6
[2022-06-28T11:09:58.671-0700][gc,metaspace  ] GC(13) Metaspace: 76377K->76377K(1118208K)
[2022-06-28T11:09:58.671-0700][gc            ] GC(13) Pause Young (Normal) (G1 Evacuation Pause) 284M->43M(512M) 47.281ms
[2022-06-28T11:09:58.671-0700][gc,cpu        ] GC(13) User=0.15s Sys=0.05s Real=0.05s
[2022-06-28T12:14:45.492-0700][gc,start      ] GC(14) Pause Young (Normal) (G1 Evacuation Pause)
[2022-06-28T12:14:45.494-0700][gc,task       ] GC(14) Using 8 workers of 8 for evacuation
[2022-06-28T12:14:45.556-0700][gc,phases     ] GC(14)   Pre Evacuate Collection Set: 0.3ms
[2022-06-28T12:14:45.556-0700][gc,phases     ] GC(14)   Evacuate Collection Set: 60.5ms
[2022-06-28T12:14:45.556-0700][gc,phases     ] GC(14)   Post Evacuate Collection Set: 0.9ms
[2022-06-28T12:14:45.556-0700][gc,phases     ] GC(14)   Other: 2.4ms
[2022-06-28T12:14:45.556-0700][gc,heap       ] GC(14) Eden regions: 241->0(242)
[2022-06-28T12:14:45.556-0700][gc,heap       ] GC(14) Survivor regions: 15->14(32)
[2022-06-28T12:14:45.556-0700][gc,heap       ] GC(14) Old regions: 24->24
[2022-06-28T12:14:45.556-0700][gc,heap       ] GC(14) Humongous regions: 6->6
[2022-06-28T12:14:45.556-0700][gc,metaspace  ] GC(14) Metaspace: 76408K->76408K(1118208K)
[2022-06-28T12:14:45.556-0700][gc            ] GC(14) Pause Young (Normal) (G1 Evacuation Pause) 284M->43M(512M) 64.133ms
[2022-06-28T12:14:45.556-0700][gc,cpu        ] GC(14) User=0.17s Sys=0.12s Real=0.06s
[2022-06-28T13:12:57.553-0700][gc,start      ] GC(15) Pause Young (Normal) (G1 Evacuation Pause)
[2022-06-28T13:12:57.554-0700][gc,task       ] GC(15) Using 8 workers of 8 for evacuation
[2022-06-28T13:12:57.615-0700][gc,phases     ] GC(15)   Pre Evacuate Collection Set: 0.4ms
[2022-06-28T13:12:57.615-0700][gc,phases     ] GC(15)   Evacuate Collection Set: 57.7ms
[2022-06-28T13:12:57.615-0700][gc,phases     ] GC(15)   Post Evacuate Collection Set: 1.2ms
[2022-06-28T13:12:57.615-0700][gc,phases     ] GC(15)   Other: 2.6ms
[2022-06-28T13:12:57.615-0700][gc,heap       ] GC(15) Eden regions: 242->0(240)
[2022-06-28T13:12:57.615-0700][gc,heap       ] GC(15) Survivor regions: 14->16(32)
[2022-06-28T13:12:57.615-0700][gc,heap       ] GC(15) Old regions: 24->24
[2022-06-28T13:12:57.615-0700][gc,heap       ] GC(15) Humongous regions: 6->6
[2022-06-28T13:12:57.615-0700][gc,metaspace  ] GC(15) Metaspace: 77578K->77578K(1120256K)
[2022-06-28T13:12:57.615-0700][gc            ] GC(15) Pause Young (Normal) (G1 Evacuation Pause) 285M->44M(512M) 61.934ms
[2022-06-28T13:12:57.615-0700][gc,cpu        ] GC(15) User=0.17s Sys=0.13s Real=0.06s
[2022-06-28T13:47:38.258-0700][gc,start      ] GC(16) Pause Young (Normal) (G1 Evacuation Pause)
[2022-06-28T13:47:38.260-0700][gc,task       ] GC(16) Using 8 workers of 8 for evacuation
[2022-06-28T13:47:38.327-0700][gc,phases     ] GC(16)   Pre Evacuate Collection Set: 0.4ms
[2022-06-28T13:47:38.327-0700][gc,phases     ] GC(16)   Evacuate Collection Set: 63.4ms
[2022-06-28T13:47:38.327-0700][gc,phases     ] GC(16)   Post Evacuate Collection Set: 2.8ms
[2022-06-28T13:47:38.327-0700][gc,phases     ] GC(16)   Other: 2.2ms
[2022-06-28T13:47:38.327-0700][gc,heap       ] GC(16) Eden regions: 240->0(241)
[2022-06-28T13:47:38.327-0700][gc,heap       ] GC(16) Survivor regions: 16->15(32)
[2022-06-28T13:47:38.327-0700][gc,heap       ] GC(16) Old regions: 24->24
[2022-06-28T13:47:38.327-0700][gc,heap       ] GC(16) Humongous regions: 6->6
[2022-06-28T13:47:38.327-0700][gc,metaspace  ] GC(16) Metaspace: 77591K->77591K(1120256K)
[2022-06-28T13:47:38.327-0700][gc            ] GC(16) Pause Young (Normal) (G1 Evacuation Pause) 284M->44M(512M) 68.901ms
[2022-06-28T13:47:38.327-0700][gc,cpu        ] GC(16) User=0.16s Sys=0.13s Real=0.07s
[2022-06-28T16:41:41.478-0700][gc,start      ] GC(17) Pause Young (Normal) (G1 Evacuation Pause)
[2022-06-28T16:41:41.479-0700][gc,task       ] GC(17) Using 8 workers of 8 for evacuation
[2022-06-28T16:41:41.540-0700][gc,phases     ] GC(17)   Pre Evacuate Collection Set: 0.3ms
[2022-06-28T16:41:41.540-0700][gc,phases     ] GC(17)   Evacuate Collection Set: 59.4ms
[2022-06-28T16:41:41.540-0700][gc,phases     ] GC(17)   Post Evacuate Collection Set: 1.1ms
[2022-06-28T16:41:41.541-0700][gc,phases     ] GC(17)   Other: 2.2ms
[2022-06-28T16:41:41.541-0700][gc,heap       ] GC(17) Eden regions: 241->0(241)
[2022-06-28T16:41:41.541-0700][gc,heap       ] GC(17) Survivor regions: 15->15(32)
[2022-06-28T16:41:41.541-0700][gc,heap       ] GC(17) Old regions: 24->24
[2022-06-28T16:41:41.541-0700][gc,heap       ] GC(17) Humongous regions: 6->6
[2022-06-28T16:41:41.541-0700][gc,metaspace  ] GC(17) Metaspace: 77652K->77652K(1120256K)
[2022-06-28T16:41:41.541-0700][gc            ] GC(17) Pause Young (Normal) (G1 Evacuation Pause) 285M->43M(512M) 63.066ms
[2022-06-28T16:41:41.541-0700][gc,cpu        ] GC(17) User=0.15s Sys=0.12s Real=0.07s
[2022-06-28T17:16:26.170-0700][gc,start      ] GC(18) Pause Young (Normal) (G1 Evacuation Pause)
[2022-06-28T17:16:26.171-0700][gc,task       ] GC(18) Using 8 workers of 8 for evacuation
[2022-06-28T17:16:26.240-0700][gc,phases     ] GC(18)   Pre Evacuate Collection Set: 0.5ms
[2022-06-28T17:16:26.240-0700][gc,phases     ] GC(18)   Evacuate Collection Set: 66.4ms
[2022-06-28T17:16:26.240-0700][gc,phases     ] GC(18)   Post Evacuate Collection Set: 1.3ms
[2022-06-28T17:16:26.240-0700][gc,phases     ] GC(18)   Other: 2.1ms
[2022-06-28T17:16:26.240-0700][gc,heap       ] GC(18) Eden regions: 241->0(241)
[2022-06-28T17:16:26.240-0700][gc,heap       ] GC(18) Survivor regions: 15->15(32)
[2022-06-28T17:16:26.240-0700][gc,heap       ] GC(18) Old regions: 24->24
[2022-06-28T17:16:26.240-0700][gc,heap       ] GC(18) Humongous regions: 6->6
[2022-06-28T17:16:26.240-0700][gc,metaspace  ] GC(18) Metaspace: 77662K->77662K(1120256K)
[2022-06-28T17:16:26.240-0700][gc            ] GC(18) Pause Young (Normal) (G1 Evacuation Pause) 284M->43M(512M) 70.229ms
[2022-06-28T17:16:26.240-0700][gc,cpu        ] GC(18) User=0.14s Sys=0.11s Real=0.07s
[2022-06-28T17:48:39.522-0700][gc,start      ] GC(19) Pause Young (Normal) (G1 Evacuation Pause)
[2022-06-28T17:48:39.524-0700][gc,task       ] GC(19) Using 8 workers of 8 for evacuation
[2022-06-28T17:48:39.595-0700][gc,phases     ] GC(19)   Pre Evacuate Collection Set: 0.7ms
[2022-06-28T17:48:39.595-0700][gc,phases     ] GC(19)   Evacuate Collection Set: 68.0ms
[2022-06-28T17:48:39.595-0700][gc,phases     ] GC(19)   Post Evacuate Collection Set: 1.2ms
[2022-06-28T17:48:39.595-0700][gc,phases     ] GC(19)   Other: 2.6ms
[2022-06-28T17:48:39.595-0700][gc,heap       ] GC(19) Eden regions: 241->0(241)
[2022-06-28T17:48:39.595-0700][gc,heap       ] GC(19) Survivor regions: 15->15(32)
[2022-06-28T17:48:39.595-0700][gc,heap       ] GC(19) Old regions: 24->24
[2022-06-28T17:48:39.595-0700][gc,heap       ] GC(19) Humongous regions: 6->6
[2022-06-28T17:48:39.595-0700][gc,metaspace  ] GC(19) Metaspace: 77744K->77744K(1120256K)
[2022-06-28T17:48:39.595-0700][gc            ] GC(19) Pause Young (Normal) (G1 Evacuation Pause) 284M->44M(512M) 72.591ms
[2022-06-28T17:48:39.595-0700][gc,cpu        ] GC(19) User=0.16s Sys=0.12s Real=0.07s
[2022-06-28T20:58:22.007-0700][gc,start      ] GC(20) Pause Young (Normal) (G1 Evacuation Pause)
[2022-06-28T20:58:22.008-0700][gc,task       ] GC(20) Using 8 workers of 8 for evacuation
[2022-06-28T20:58:22.069-0700][gc,phases     ] GC(20)   Pre Evacuate Collection Set: 0.3ms
[2022-06-28T20:58:22.069-0700][gc,phases     ] GC(20)   Evacuate Collection Set: 59.0ms
[2022-06-28T20:58:22.069-0700][gc,phases     ] GC(20)   Post Evacuate Collection Set: 1.0ms
[2022-06-28T20:58:22.069-0700][gc,phases     ] GC(20)   Other: 1.5ms
[2022-06-28T20:58:22.069-0700][gc,heap       ] GC(20) Eden regions: 241->0(241)
[2022-06-28T20:58:22.069-0700][gc,heap       ] GC(20) Survivor regions: 15->15(32)
[2022-06-28T20:58:22.069-0700][gc,heap       ] GC(20) Old regions: 24->24
[2022-06-28T20:58:22.069-0700][gc,heap       ] GC(20) Humongous regions: 6->6
[2022-06-28T20:58:22.069-0700][gc,metaspace  ] GC(20) Metaspace: 77785K->77785K(1120256K)
[2022-06-28T20:58:22.069-0700][gc            ] GC(20) Pause Young (Normal) (G1 Evacuation Pause) 285M->43M(512M) 61.886ms
[2022-06-28T20:58:22.069-0700][gc,cpu        ] GC(20) User=0.15s Sys=0.10s Real=0.06s
[2022-06-29T10:05:16.836-0700][gc,start      ] GC(21) Pause Young (Normal) (G1 Evacuation Pause)
[2022-06-29T10:05:16.838-0700][gc,task       ] GC(21) Using 8 workers of 8 for evacuation
[2022-06-29T10:05:16.909-0700][gc,phases     ] GC(21)   Pre Evacuate Collection Set: 0.3ms
[2022-06-29T10:05:16.909-0700][gc,phases     ] GC(21)   Evacuate Collection Set: 68.6ms
[2022-06-29T10:05:16.909-0700][gc,phases     ] GC(21)   Post Evacuate Collection Set: 1.2ms
[2022-06-29T10:05:16.909-0700][gc,phases     ] GC(21)   Other: 2.4ms
[2022-06-29T10:05:16.909-0700][gc,heap       ] GC(21) Eden regions: 241->0(240)
[2022-06-29T10:05:16.909-0700][gc,heap       ] GC(21) Survivor regions: 15->16(32)
[2022-06-29T10:05:16.909-0700][gc,heap       ] GC(21) Old regions: 24->24
[2022-06-29T10:05:16.909-0700][gc,heap       ] GC(21) Humongous regions: 6->6
[2022-06-29T10:05:16.909-0700][gc,metaspace  ] GC(21) Metaspace: 77895K->77895K(1120256K)
[2022-06-29T10:05:16.909-0700][gc            ] GC(21) Pause Young (Normal) (G1 Evacuation Pause) 284M->44M(512M) 72.600ms
[2022-06-29T10:05:16.909-0700][gc,cpu        ] GC(21) User=0.15s Sys=0.12s Real=0.07s
[2022-06-29T10:39:52.247-0700][gc,start      ] GC(22) Pause Young (Normal) (G1 Evacuation Pause)
[2022-06-29T10:39:52.249-0700][gc,task       ] GC(22) Using 8 workers of 8 for evacuation
[2022-06-29T10:39:52.327-0700][gc,phases     ] GC(22)   Pre Evacuate Collection Set: 0.3ms
[2022-06-29T10:39:52.327-0700][gc,phases     ] GC(22)   Evacuate Collection Set: 76.3ms
[2022-06-29T10:39:52.327-0700][gc,phases     ] GC(22)   Post Evacuate Collection Set: 1.0ms
[2022-06-29T10:39:52.327-0700][gc,phases     ] GC(22)   Other: 2.3ms
[2022-06-29T10:39:52.327-0700][gc,heap       ] GC(22) Eden regions: 240->0(240)
[2022-06-29T10:39:52.327-0700][gc,heap       ] GC(22) Survivor regions: 16->16(32)
[2022-06-29T10:39:52.327-0700][gc,heap       ] GC(22) Old regions: 24->24
[2022-06-29T10:39:52.327-0700][gc,heap       ] GC(22) Humongous regions: 6->6
[2022-06-29T10:39:52.327-0700][gc,metaspace  ] GC(22) Metaspace: 77906K->77906K(1120256K)
[2022-06-29T10:39:52.327-0700][gc            ] GC(22) Pause Young (Normal) (G1 Evacuation Pause) 284M->44M(512M) 79.961ms
[2022-06-29T10:39:52.327-0700][gc,cpu        ] GC(22) User=0.18s Sys=0.13s Real=0.08s
[2022-06-29T11:14:34.977-0700][gc,start      ] GC(23) Pause Young (Normal) (G1 Evacuation Pause)
[2022-06-29T11:14:34.979-0700][gc,task       ] GC(23) Using 8 workers of 8 for evacuation
[2022-06-29T11:14:35.029-0700][gc,phases     ] GC(23)   Pre Evacuate Collection Set: 0.2ms
[2022-06-29T11:14:35.029-0700][gc,phases     ] GC(23)   Evacuate Collection Set: 48.8ms
[2022-06-29T11:14:35.029-0700][gc,phases     ] GC(23)   Post Evacuate Collection Set: 1.0ms
[2022-06-29T11:14:35.029-0700][gc,phases     ] GC(23)   Other: 1.9ms
[2022-06-29T11:14:35.029-0700][gc,heap       ] GC(23) Eden regions: 240->0(245)
[2022-06-29T11:14:35.029-0700][gc,heap       ] GC(23) Survivor regions: 16->11(32)
[2022-06-29T11:14:35.029-0700][gc,heap       ] GC(23) Old regions: 24->28
[2022-06-29T11:14:35.029-0700][gc,heap       ] GC(23) Humongous regions: 6->6
[2022-06-29T11:14:35.029-0700][gc,metaspace  ] GC(23) Metaspace: 77946K->77946K(1120256K)
[2022-06-29T11:14:35.029-0700][gc            ] GC(23) Pause Young (Normal) (G1 Evacuation Pause) 284M->44M(512M) 51.883ms
[2022-06-29T11:14:35.029-0700][gc,cpu        ] GC(23) User=0.12s Sys=0.11s Real=0.05s
[2022-06-29T11:49:54.562-0700][gc,start      ] GC(24) Pause Young (Normal) (G1 Evacuation Pause)
[2022-06-29T11:49:54.564-0700][gc,task       ] GC(24) Using 8 workers of 8 for evacuation
[2022-06-29T11:49:54.625-0700][gc,phases     ] GC(24)   Pre Evacuate Collection Set: 0.4ms
[2022-06-29T11:49:54.625-0700][gc,phases     ] GC(24)   Evacuate Collection Set: 58.4ms
[2022-06-29T11:49:54.625-0700][gc,phases     ] GC(24)   Post Evacuate Collection Set: 1.3ms
[2022-06-29T11:49:54.625-0700][gc,phases     ] GC(24)   Other: 3.1ms
[2022-06-29T11:49:54.625-0700][gc,heap       ] GC(24) Eden regions: 245->0(252)
[2022-06-29T11:49:54.625-0700][gc,heap       ] GC(24) Survivor regions: 11->4(32)
[2022-06-29T11:49:54.625-0700][gc,heap       ] GC(24) Old regions: 28->35
[2022-06-29T11:49:54.625-0700][gc,heap       ] GC(24) Humongous regions: 6->6
[2022-06-29T11:49:54.625-0700][gc,metaspace  ] GC(24) Metaspace: 77957K->77957K(1120256K)
[2022-06-29T11:49:54.625-0700][gc            ] GC(24) Pause Young (Normal) (G1 Evacuation Pause) 289M->43M(512M) 63.206ms
[2022-06-29T11:49:54.625-0700][gc,cpu        ] GC(24) User=0.16s Sys=0.11s Real=0.06s
[2022-06-29T15:32:33.956-0700][gc,start      ] GC(25) Pause Young (Normal) (G1 Evacuation Pause)
[2022-06-29T15:32:33.957-0700][gc,task       ] GC(25) Using 8 workers of 8 for evacuation
[2022-06-29T15:32:33.992-0700][gc,phases     ] GC(25)   Pre Evacuate Collection Set: 0.3ms
[2022-06-29T15:32:33.992-0700][gc,phases     ] GC(25)   Evacuate Collection Set: 33.1ms
[2022-06-29T15:32:33.992-0700][gc,phases     ] GC(25)   Post Evacuate Collection Set: 0.9ms
[2022-06-29T15:32:33.992-0700][gc,phases     ] GC(25)   Other: 2.2ms
[2022-06-29T15:32:33.992-0700][gc,heap       ] GC(25) Eden regions: 252->0(253)
[2022-06-29T15:32:33.992-0700][gc,heap       ] GC(25) Survivor regions: 4->3(32)
[2022-06-29T15:32:33.992-0700][gc,heap       ] GC(25) Old regions: 35->36
[2022-06-29T15:32:33.992-0700][gc,heap       ] GC(25) Humongous regions: 6->6
[2022-06-29T15:32:33.992-0700][gc,metaspace  ] GC(25) Metaspace: 77990K->77990K(1120256K)
[2022-06-29T15:32:33.992-0700][gc            ] GC(25) Pause Young (Normal) (G1 Evacuation Pause) 295M->44M(512M) 36.547ms
[2022-06-29T15:32:33.992-0700][gc,cpu        ] GC(25) User=0.12s Sys=0.05s Real=0.04s
[2022-06-29T16:09:02.690-0700][gc,start      ] GC(26) Pause Young (Normal) (G1 Evacuation Pause)
[2022-06-29T16:09:02.691-0700][gc,task       ] GC(26) Using 8 workers of 8 for evacuation
[2022-06-29T16:09:02.715-0700][gc,phases     ] GC(26)   Pre Evacuate Collection Set: 0.3ms
[2022-06-29T16:09:02.715-0700][gc,phases     ] GC(26)   Evacuate Collection Set: 21.4ms
[2022-06-29T16:09:02.715-0700][gc,phases     ] GC(26)   Post Evacuate Collection Set: 1.3ms
[2022-06-29T16:09:02.716-0700][gc,phases     ] GC(26)   Other: 2.9ms
[2022-06-29T16:09:02.716-0700][gc,heap       ] GC(26) Eden regions: 253->0(254)
[2022-06-29T16:09:02.716-0700][gc,heap       ] GC(26) Survivor regions: 3->2(32)
[2022-06-29T16:09:02.716-0700][gc,heap       ] GC(26) Old regions: 36->37
[2022-06-29T16:09:02.716-0700][gc,heap       ] GC(26) Humongous regions: 6->6
[2022-06-29T16:09:02.716-0700][gc,metaspace  ] GC(26) Metaspace: 77994K->77994K(1120256K)
[2022-06-29T16:09:02.716-0700][gc            ] GC(26) Pause Young (Normal) (G1 Evacuation Pause) 297M->44M(512M) 26.052ms
[2022-06-29T16:09:02.716-0700][gc,cpu        ] GC(26) User=0.09s Sys=0.03s Real=0.02s
[2022-06-29T16:45:41.997-0700][gc,start      ] GC(27) Pause Young (Normal) (G1 Evacuation Pause)
[2022-06-29T16:45:41.999-0700][gc,task       ] GC(27) Using 8 workers of 8 for evacuation
[2022-06-29T16:45:42.025-0700][gc,phases     ] GC(27)   Pre Evacuate Collection Set: 0.5ms
[2022-06-29T16:45:42.025-0700][gc,phases     ] GC(27)   Evacuate Collection Set: 19.5ms
[2022-06-29T16:45:42.025-0700][gc,phases     ] GC(27)   Post Evacuate Collection Set: 4.7ms
[2022-06-29T16:45:42.025-0700][gc,phases     ] GC(27)   Other: 3.3ms
[2022-06-29T16:45:42.025-0700][gc,heap       ] GC(27) Eden regions: 254->0(254)
[2022-06-29T16:45:42.025-0700][gc,heap       ] GC(27) Survivor regions: 2->2(32)
[2022-06-29T16:45:42.025-0700][gc,heap       ] GC(27) Old regions: 37->37
[2022-06-29T16:45:42.025-0700][gc,heap       ] GC(27) Humongous regions: 6->6
[2022-06-29T16:45:42.025-0700][gc,metaspace  ] GC(27) Metaspace: 77994K->77994K(1120256K)
[2022-06-29T16:45:42.025-0700][gc            ] GC(27) Pause Young (Normal) (G1 Evacuation Pause) 298M->44M(512M) 27.950ms
[2022-06-29T16:45:42.026-0700][gc,cpu        ] GC(27) User=0.05s Sys=0.03s Real=0.03s
[2022-06-29T17:22:19.840-0700][gc,start      ] GC(28) Pause Young (Normal) (G1 Evacuation Pause)
[2022-06-29T17:22:19.841-0700][gc,task       ] GC(28) Using 8 workers of 8 for evacuation
[2022-06-29T17:22:19.857-0700][gc,phases     ] GC(28)   Pre Evacuate Collection Set: 0.3ms
[2022-06-29T17:22:19.857-0700][gc,phases     ] GC(28)   Evacuate Collection Set: 13.5ms
[2022-06-29T17:22:19.857-0700][gc,phases     ] GC(28)   Post Evacuate Collection Set: 1.5ms
[2022-06-29T17:22:19.857-0700][gc,phases     ] GC(28)   Other: 2.2ms
[2022-06-29T17:22:19.857-0700][gc,heap       ] GC(28) Eden regions: 254->0(254)
[2022-06-29T17:22:19.857-0700][gc,heap       ] GC(28) Survivor regions: 2->2(32)
[2022-06-29T17:22:19.857-0700][gc,heap       ] GC(28) Old regions: 37->37
[2022-06-29T17:22:19.857-0700][gc,heap       ] GC(28) Humongous regions: 6->6
[2022-06-29T17:22:19.857-0700][gc,metaspace  ] GC(28) Metaspace: 78002K->78002K(1120256K)
[2022-06-29T17:22:19.858-0700][gc            ] GC(28) Pause Young (Normal) (G1 Evacuation Pause) 298M->44M(512M) 17.841ms
[2022-06-29T17:22:19.858-0700][gc,cpu        ] GC(28) User=0.02s Sys=0.02s Real=0.01s
[2022-06-29T17:58:54.398-0700][gc,start      ] GC(29) Pause Young (Normal) (G1 Evacuation Pause)
[2022-06-29T17:58:54.400-0700][gc,task       ] GC(29) Using 8 workers of 8 for evacuation
[2022-06-29T17:58:54.416-0700][gc,phases     ] GC(29)   Pre Evacuate Collection Set: 0.5ms
[2022-06-29T17:58:54.417-0700][gc,phases     ] GC(29)   Evacuate Collection Set: 12.6ms
[2022-06-29T17:58:54.417-0700][gc,phases     ] GC(29)   Post Evacuate Collection Set: 2.2ms
[2022-06-29T17:58:54.417-0700][gc,phases     ] GC(29)   Other: 3.2ms
[2022-06-29T17:58:54.417-0700][gc,heap       ] GC(29) Eden regions: 254->0(254)
[2022-06-29T17:58:54.417-0700][gc,heap       ] GC(29) Survivor regions: 2->2(32)
[2022-06-29T17:58:54.417-0700][gc,heap       ] GC(29) Old regions: 37->37
[2022-06-29T17:58:54.417-0700][gc,heap       ] GC(29) Humongous regions: 6->6
[2022-06-29T17:58:54.417-0700][gc,metaspace  ] GC(29) Metaspace: 78015K->78015K(1120256K)
[2022-06-29T17:58:54.417-0700][gc            ] GC(29) Pause Young (Normal) (G1 Evacuation Pause) 298M->44M(512M) 18.833ms
[2022-06-29T17:58:54.417-0700][gc,cpu        ] GC(29) User=0.03s Sys=0.02s Real=0.02s
[2022-06-29T18:39:16.342-0700][gc,start      ] GC(30) Pause Young (Normal) (G1 Evacuation Pause)
[2022-06-29T18:39:16.343-0700][gc,task       ] GC(30) Using 8 workers of 8 for evacuation
[2022-06-29T18:39:16.360-0700][gc,phases     ] GC(30)   Pre Evacuate Collection Set: 0.5ms
[2022-06-29T18:39:16.360-0700][gc,phases     ] GC(30)   Evacuate Collection Set: 12.7ms
[2022-06-29T18:39:16.360-0700][gc,phases     ] GC(30)   Post Evacuate Collection Set: 2.0ms
[2022-06-29T18:39:16.360-0700][gc,phases     ] GC(30)   Other: 3.0ms
[2022-06-29T18:39:16.360-0700][gc,heap       ] GC(30) Eden regions: 254->0(255)
[2022-06-29T18:39:16.360-0700][gc,heap       ] GC(30) Survivor regions: 2->1(32)
[2022-06-29T18:39:16.360-0700][gc,heap       ] GC(30) Old regions: 37->38
[2022-06-29T18:39:16.360-0700][gc,heap       ] GC(30) Humongous regions: 6->6
[2022-06-29T18:39:16.360-0700][gc,metaspace  ] GC(30) Metaspace: 78015K->78015K(1120256K)
[2022-06-29T18:39:16.360-0700][gc            ] GC(30) Pause Young (Normal) (G1 Evacuation Pause) 298M->44M(512M) 18.522ms
[2022-06-29T18:39:16.361-0700][gc,cpu        ] GC(30) User=0.03s Sys=0.03s Real=0.02s
[2022-06-30T09:23:30.000-0700][gc,start      ] GC(31) Pause Young (Normal) (G1 Evacuation Pause)
[2022-06-30T09:23:30.002-0700][gc,task       ] GC(31) Using 8 workers of 8 for evacuation
[2022-06-30T09:23:30.016-0700][gc,phases     ] GC(31)   Pre Evacuate Collection Set: 0.5ms
[2022-06-30T09:23:30.016-0700][gc,phases     ] GC(31)   Evacuate Collection Set: 10.6ms
[2022-06-30T09:23:30.016-0700][gc,phases     ] GC(31)   Post Evacuate Collection Set: 1.7ms
[2022-06-30T09:23:30.016-0700][gc,phases     ] GC(31)   Other: 2.9ms
[2022-06-30T09:23:30.016-0700][gc,heap       ] GC(31) Eden regions: 255->0(255)
[2022-06-30T09:23:30.016-0700][gc,heap       ] GC(31) Survivor regions: 1->1(32)
[2022-06-30T09:23:30.016-0700][gc,heap       ] GC(31) Old regions: 38->38
[2022-06-30T09:23:30.016-0700][gc,heap       ] GC(31) Humongous regions: 6->6
[2022-06-30T09:23:30.016-0700][gc,metaspace  ] GC(31) Metaspace: 78103K->78103K(1120256K)
[2022-06-30T09:23:30.016-0700][gc            ] GC(31) Pause Young (Normal) (G1 Evacuation Pause) 299M->44M(512M) 15.856ms
[2022-06-30T09:23:30.016-0700][gc,cpu        ] GC(31) User=0.03s Sys=0.02s Real=0.01s
[2022-06-30T11:55:54.767-0700][gc,start      ] GC(32) Pause Young (Normal) (G1 Evacuation Pause)
[2022-06-30T11:55:54.768-0700][gc,task       ] GC(32) Using 8 workers of 8 for evacuation
[2022-06-30T11:55:54.789-0700][gc,phases     ] GC(32)   Pre Evacuate Collection Set: 0.3ms
[2022-06-30T11:55:54.789-0700][gc,phases     ] GC(32)   Evacuate Collection Set: 18.8ms
[2022-06-30T11:55:54.789-0700][gc,phases     ] GC(32)   Post Evacuate Collection Set: 1.1ms
[2022-06-30T11:55:54.789-0700][gc,phases     ] GC(32)   Other: 2.4ms
[2022-06-30T11:55:54.789-0700][gc,heap       ] GC(32) Eden regions: 255->0(255)
[2022-06-30T11:55:54.789-0700][gc,heap       ] GC(32) Survivor regions: 1->1(32)
[2022-06-30T11:55:54.789-0700][gc,heap       ] GC(32) Old regions: 38->38
[2022-06-30T11:55:54.789-0700][gc,heap       ] GC(32) Humongous regions: 6->6
[2022-06-30T11:55:54.789-0700][gc,metaspace  ] GC(32) Metaspace: 78163K->78163K(1120256K)
[2022-06-30T11:55:54.789-0700][gc            ] GC(32) Pause Young (Normal) (G1 Evacuation Pause) 299M->44M(512M) 22.833ms
[2022-06-30T11:55:54.790-0700][gc,cpu        ] GC(32) User=0.02s Sys=0.03s Real=0.03s
[2022-06-30T12:24:49.872-0700][gc,start      ] GC(33) Pause Young (Normal) (G1 Evacuation Pause)
[2022-06-30T12:24:49.873-0700][gc,task       ] GC(33) Using 8 workers of 8 for evacuation
[2022-06-30T12:24:49.893-0700][gc,phases     ] GC(33)   Pre Evacuate Collection Set: 0.2ms
[2022-06-30T12:24:49.893-0700][gc,phases     ] GC(33)   Evacuate Collection Set: 17.3ms
[2022-06-30T12:24:49.893-0700][gc,phases     ] GC(33)   Post Evacuate Collection Set: 1.4ms
[2022-06-30T12:24:49.893-0700][gc,phases     ] GC(33)   Other: 2.3ms
[2022-06-30T12:24:49.893-0700][gc,heap       ] GC(33) Eden regions: 255->0(254)
[2022-06-30T12:24:49.893-0700][gc,heap       ] GC(33) Survivor regions: 1->2(32)
[2022-06-30T12:24:49.893-0700][gc,heap       ] GC(33) Old regions: 38->38
[2022-06-30T12:24:49.893-0700][gc,heap       ] GC(33) Humongous regions: 6->6
[2022-06-30T12:24:49.893-0700][gc,metaspace  ] GC(33) Metaspace: 78163K->78163K(1120256K)
[2022-06-30T12:24:49.893-0700][gc            ] GC(33) Pause Young (Normal) (G1 Evacuation Pause) 299M->44M(512M) 21.389ms
[2022-06-30T12:24:49.893-0700][gc,cpu        ] GC(33) User=0.04s Sys=0.03s Real=0.02s
[2022-06-30T12:53:39.272-0700][gc,start      ] GC(34) Pause Young (Normal) (G1 Evacuation Pause)
[2022-06-30T12:53:39.274-0700][gc,task       ] GC(34) Using 8 workers of 8 for evacuation
[2022-06-30T12:53:39.292-0700][gc,phases     ] GC(34)   Pre Evacuate Collection Set: 0.4ms
[2022-06-30T12:53:39.292-0700][gc,phases     ] GC(34)   Evacuate Collection Set: 12.0ms
[2022-06-30T12:53:39.292-0700][gc,phases     ] GC(34)   Post Evacuate Collection Set: 5.0ms
[2022-06-30T12:53:39.292-0700][gc,phases     ] GC(34)   Other: 2.8ms
[2022-06-30T12:53:39.292-0700][gc,heap       ] GC(34) Eden regions: 254->0(255)
[2022-06-30T12:53:39.292-0700][gc,heap       ] GC(34) Survivor regions: 2->1(32)
[2022-06-30T12:53:39.292-0700][gc,heap       ] GC(34) Old regions: 38->38
[2022-06-30T12:53:39.292-0700][gc,heap       ] GC(34) Humongous regions: 6->6
[2022-06-30T12:53:39.292-0700][gc,metaspace  ] GC(34) Metaspace: 78163K->78163K(1120256K)
[2022-06-30T12:53:39.293-0700][gc            ] GC(34) Pause Young (Normal) (G1 Evacuation Pause) 298M->44M(512M) 20.199ms
[2022-06-30T12:53:39.293-0700][gc,cpu        ] GC(34) User=0.03s Sys=0.02s Real=0.02s
[2022-06-30T13:22:36.610-0700][gc,start      ] GC(35) Pause Young (Normal) (G1 Evacuation Pause)
[2022-06-30T13:22:36.611-0700][gc,task       ] GC(35) Using 8 workers of 8 for evacuation
[2022-06-30T13:22:36.627-0700][gc,phases     ] GC(35)   Pre Evacuate Collection Set: 0.5ms
[2022-06-30T13:22:36.627-0700][gc,phases     ] GC(35)   Evacuate Collection Set: 11.6ms
[2022-06-30T13:22:36.627-0700][gc,phases     ] GC(35)   Post Evacuate Collection Set: 1.9ms
[2022-06-30T13:22:36.627-0700][gc,phases     ] GC(35)   Other: 3.4ms
[2022-06-30T13:22:36.627-0700][gc,heap       ] GC(35) Eden regions: 255->0(255)
[2022-06-30T13:22:36.627-0700][gc,heap       ] GC(35) Survivor regions: 1->1(32)
[2022-06-30T13:22:36.627-0700][gc,heap       ] GC(35) Old regions: 38->38
[2022-06-30T13:22:36.627-0700][gc,heap       ] GC(35) Humongous regions: 6->6
[2022-06-30T13:22:36.627-0700][gc,metaspace  ] GC(35) Metaspace: 78163K->78163K(1120256K)
[2022-06-30T13:22:36.628-0700][gc            ] GC(35) Pause Young (Normal) (G1 Evacuation Pause) 299M->44M(512M) 17.878ms
[2022-06-30T13:22:36.628-0700][gc,cpu        ] GC(35) User=0.03s Sys=0.02s Real=0.01s
[2022-06-30T13:51:35.471-0700][gc,start      ] GC(36) Pause Young (Normal) (G1 Evacuation Pause)
[2022-06-30T13:51:35.474-0700][gc,task       ] GC(36) Using 8 workers of 8 for evacuation
[2022-06-30T13:51:35.494-0700][gc,phases     ] GC(36)   Pre Evacuate Collection Set: 0.5ms
[2022-06-30T13:51:35.494-0700][gc,phases     ] GC(36)   Evacuate Collection Set: 12.9ms
[2022-06-30T13:51:35.494-0700][gc,phases     ] GC(36)   Post Evacuate Collection Set: 6.1ms
[2022-06-30T13:51:35.494-0700][gc,phases     ] GC(36)   Other: 3.6ms
[2022-06-30T13:51:35.494-0700][gc,heap       ] GC(36) Eden regions: 255->0(255)
[2022-06-30T13:51:35.494-0700][gc,heap       ] GC(36) Survivor regions: 1->1(32)
[2022-06-30T13:51:35.494-0700][gc,heap       ] GC(36) Old regions: 38->38
[2022-06-30T13:51:35.494-0700][gc,heap       ] GC(36) Humongous regions: 6->6
[2022-06-30T13:51:35.495-0700][gc,metaspace  ] GC(36) Metaspace: 78163K->78163K(1120256K)
[2022-06-30T13:51:35.495-0700][gc            ] GC(36) Pause Young (Normal) (G1 Evacuation Pause) 299M->44M(512M) 23.283ms
[2022-06-30T13:51:35.495-0700][gc,cpu        ] GC(36) User=0.03s Sys=0.02s Real=0.02s
[2022-06-30T14:20:32.882-0700][gc,start      ] GC(37) Pause Young (Normal) (G1 Evacuation Pause)
[2022-06-30T14:20:32.884-0700][gc,task       ] GC(37) Using 8 workers of 8 for evacuation
[2022-06-30T14:20:32.904-0700][gc,phases     ] GC(37)   Pre Evacuate Collection Set: 0.3ms
[2022-06-30T14:20:32.904-0700][gc,phases     ] GC(37)   Evacuate Collection Set: 17.1ms
[2022-06-30T14:20:32.904-0700][gc,phases     ] GC(37)   Post Evacuate Collection Set: 1.1ms
[2022-06-30T14:20:32.904-0700][gc,phases     ] GC(37)   Other: 3.2ms
[2022-06-30T14:20:32.904-0700][gc,heap       ] GC(37) Eden regions: 255->0(255)
[2022-06-30T14:20:32.904-0700][gc,heap       ] GC(37) Survivor regions: 1->1(32)
[2022-06-30T14:20:32.904-0700][gc,heap       ] GC(37) Old regions: 38->38
[2022-06-30T14:20:32.904-0700][gc,heap       ] GC(37) Humongous regions: 6->6
[2022-06-30T14:20:32.904-0700][gc,metaspace  ] GC(37) Metaspace: 78163K->78163K(1120256K)
[2022-06-30T14:20:32.904-0700][gc            ] GC(37) Pause Young (Normal) (G1 Evacuation Pause) 299M->44M(512M) 21.874ms
[2022-06-30T14:20:32.904-0700][gc,cpu        ] GC(37) User=0.03s Sys=0.02s Real=0.02s
[2022-06-30T14:49:31.690-0700][gc,start      ] GC(38) Pause Young (Normal) (G1 Evacuation Pause)
[2022-06-30T14:49:31.692-0700][gc,task       ] GC(38) Using 8 workers of 8 for evacuation
[2022-06-30T14:49:31.708-0700][gc,phases     ] GC(38)   Pre Evacuate Collection Set: 0.5ms
[2022-06-30T14:49:31.708-0700][gc,phases     ] GC(38)   Evacuate Collection Set: 11.5ms
[2022-06-30T14:49:31.708-0700][gc,phases     ] GC(38)   Post Evacuate Collection Set: 2.3ms
[2022-06-30T14:49:31.708-0700][gc,phases     ] GC(38)   Other: 3.7ms
[2022-06-30T14:49:31.708-0700][gc,heap       ] GC(38) Eden regions: 255->0(255)
[2022-06-30T14:49:31.708-0700][gc,heap       ] GC(38) Survivor regions: 1->1(32)
[2022-06-30T14:49:31.708-0700][gc,heap       ] GC(38) Old regions: 38->38
[2022-06-30T14:49:31.709-0700][gc,heap       ] GC(38) Humongous regions: 6->6
[2022-06-30T14:49:31.709-0700][gc,metaspace  ] GC(38) Metaspace: 78166K->78166K(1120256K)
[2022-06-30T14:49:31.709-0700][gc            ] GC(38) Pause Young (Normal) (G1 Evacuation Pause) 299M->44M(512M) 18.305ms
[2022-06-30T14:49:31.709-0700][gc,cpu        ] GC(38) User=0.02s Sys=0.02s Real=0.01s
[2022-06-30T15:18:33.296-0700][gc,start      ] GC(39) Pause Young (Normal) (G1 Evacuation Pause)
[2022-06-30T15:18:33.299-0700][gc,task       ] GC(39) Using 8 workers of 8 for evacuation
[2022-06-30T15:18:33.314-0700][gc,phases     ] GC(39)   Pre Evacuate Collection Set: 0.4ms
[2022-06-30T15:18:33.314-0700][gc,phases     ] GC(39)   Evacuate Collection Set: 11.2ms
[2022-06-30T15:18:33.314-0700][gc,phases     ] GC(39)   Post Evacuate Collection Set: 2.4ms
[2022-06-30T15:18:33.314-0700][gc,phases     ] GC(39)   Other: 3.7ms
[2022-06-30T15:18:33.314-0700][gc,heap       ] GC(39) Eden regions: 255->0(255)
[2022-06-30T15:18:33.314-0700][gc,heap       ] GC(39) Survivor regions: 1->1(32)
[2022-06-30T15:18:33.314-0700][gc,heap       ] GC(39) Old regions: 38->38
[2022-06-30T15:18:33.314-0700][gc,heap       ] GC(39) Humongous regions: 6->6
[2022-06-30T15:18:33.314-0700][gc,metaspace  ] GC(39) Metaspace: 78183K->78183K(1120256K)
[2022-06-30T15:18:33.314-0700][gc            ] GC(39) Pause Young (Normal) (G1 Evacuation Pause) 299M->44M(512M) 18.010ms
[2022-06-30T15:18:33.314-0700][gc,cpu        ] GC(39) User=0.03s Sys=0.02s Real=0.02s
[2022-06-30T15:47:28.122-0700][gc,start      ] GC(40) Pause Young (Normal) (G1 Evacuation Pause)
[2022-06-30T15:47:28.124-0700][gc,task       ] GC(40) Using 8 workers of 8 for evacuation
[2022-06-30T15:47:28.140-0700][gc,phases     ] GC(40)   Pre Evacuate Collection Set: 0.4ms
[2022-06-30T15:47:28.140-0700][gc,phases     ] GC(40)   Evacuate Collection Set: 12.3ms
[2022-06-30T15:47:28.140-0700][gc,phases     ] GC(40)   Post Evacuate Collection Set: 1.5ms
[2022-06-30T15:47:28.140-0700][gc,phases     ] GC(40)   Other: 3.4ms
[2022-06-30T15:47:28.140-0700][gc,heap       ] GC(40) Eden regions: 255->0(255)
[2022-06-30T15:47:28.140-0700][gc,heap       ] GC(40) Survivor regions: 1->1(32)
[2022-06-30T15:47:28.140-0700][gc,heap       ] GC(40) Old regions: 38->38
[2022-06-30T15:47:28.140-0700][gc,heap       ] GC(40) Humongous regions: 6->6
[2022-06-30T15:47:28.140-0700][gc,metaspace  ] GC(40) Metaspace: 78187K->78187K(1120256K)
[2022-06-30T15:47:28.140-0700][gc            ] GC(40) Pause Young (Normal) (G1 Evacuation Pause) 299M->44M(512M) 17.582ms
[2022-06-30T15:47:28.140-0700][gc,cpu        ] GC(40) User=0.03s Sys=0.02s Real=0.02s
[2022-06-30T16:16:17.559-0700][gc,start      ] GC(41) Pause Young (Normal) (G1 Evacuation Pause)
[2022-06-30T16:16:17.561-0700][gc,task       ] GC(41) Using 8 workers of 8 for evacuation
[2022-06-30T16:16:17.579-0700][gc,phases     ] GC(41)   Pre Evacuate Collection Set: 0.4ms
[2022-06-30T16:16:17.579-0700][gc,phases     ] GC(41)   Evacuate Collection Set: 10.6ms
[2022-06-30T16:16:17.579-0700][gc,phases     ] GC(41)   Post Evacuate Collection Set: 5.5ms
[2022-06-30T16:16:17.579-0700][gc,phases     ] GC(41)   Other: 3.7ms
[2022-06-30T16:16:17.579-0700][gc,heap       ] GC(41) Eden regions: 255->0(255)
[2022-06-30T16:16:17.579-0700][gc,heap       ] GC(41) Survivor regions: 1->1(32)
[2022-06-30T16:16:17.579-0700][gc,heap       ] GC(41) Old regions: 38->38
[2022-06-30T16:16:17.579-0700][gc,heap       ] GC(41) Humongous regions: 8->8
[2022-06-30T16:16:17.579-0700][gc,metaspace  ] GC(41) Metaspace: 78187K->78187K(1120256K)
[2022-06-30T16:16:17.579-0700][gc            ] GC(41) Pause Young (Normal) (G1 Evacuation Pause) 301M->46M(512M) 20.360ms
[2022-06-30T16:16:17.579-0700][gc,cpu        ] GC(41) User=0.03s Sys=0.02s Real=0.02s
[2022-06-30T16:45:08.286-0700][gc,start      ] GC(42) Pause Young (Normal) (G1 Evacuation Pause)
[2022-06-30T16:45:08.288-0700][gc,task       ] GC(42) Using 8 workers of 8 for evacuation
[2022-06-30T16:45:08.304-0700][gc,phases     ] GC(42)   Pre Evacuate Collection Set: 0.4ms
[2022-06-30T16:45:08.305-0700][gc,phases     ] GC(42)   Evacuate Collection Set: 12.7ms
[2022-06-30T16:45:08.305-0700][gc,phases     ] GC(42)   Post Evacuate Collection Set: 2.2ms
[2022-06-30T16:45:08.305-0700][gc,phases     ] GC(42)   Other: 3.0ms
[2022-06-30T16:45:08.305-0700][gc,heap       ] GC(42) Eden regions: 255->0(255)
[2022-06-30T16:45:08.305-0700][gc,heap       ] GC(42) Survivor regions: 1->1(32)
[2022-06-30T16:45:08.305-0700][gc,heap       ] GC(42) Old regions: 38->38
[2022-06-30T16:45:08.305-0700][gc,heap       ] GC(42) Humongous regions: 8->8
[2022-06-30T16:45:08.305-0700][gc,metaspace  ] GC(42) Metaspace: 78189K->78189K(1120256K)
[2022-06-30T16:45:08.305-0700][gc            ] GC(42) Pause Young (Normal) (G1 Evacuation Pause) 301M->46M(512M) 18.660ms
[2022-06-30T16:45:08.305-0700][gc,cpu        ] GC(42) User=0.03s Sys=0.02s Real=0.02s
[2022-06-30T17:14:06.692-0700][gc,start      ] GC(43) Pause Young (Normal) (G1 Evacuation Pause)
[2022-06-30T17:14:06.694-0700][gc,task       ] GC(43) Using 8 workers of 8 for evacuation
[2022-06-30T17:14:06.704-0700][gc,phases     ] GC(43)   Pre Evacuate Collection Set: 0.2ms
[2022-06-30T17:14:06.704-0700][gc,phases     ] GC(43)   Evacuate Collection Set: 8.4ms
[2022-06-30T17:14:06.704-0700][gc,phases     ] GC(43)   Post Evacuate Collection Set: 1.3ms
[2022-06-30T17:14:06.704-0700][gc,phases     ] GC(43)   Other: 2.5ms
[2022-06-30T17:14:06.704-0700][gc,heap       ] GC(43) Eden regions: 255->0(255)
[2022-06-30T17:14:06.704-0700][gc,heap       ] GC(43) Survivor regions: 1->1(32)
[2022-06-30T17:14:06.704-0700][gc,heap       ] GC(43) Old regions: 38->38
[2022-06-30T17:14:06.704-0700][gc,heap       ] GC(43) Humongous regions: 8->8
[2022-06-30T17:14:06.704-0700][gc,metaspace  ] GC(43) Metaspace: 78203K->78203K(1120256K)
[2022-06-30T17:14:06.705-0700][gc            ] GC(43) Pause Young (Normal) (G1 Evacuation Pause) 301M->46M(512M) 12.540ms
[2022-06-30T17:14:06.705-0700][gc,cpu        ] GC(43) User=0.03s Sys=0.01s Real=0.01s
[2022-06-30T17:42:59.226-0700][gc,start      ] GC(44) Pause Young (Normal) (G1 Evacuation Pause)
[2022-06-30T17:42:59.227-0700][gc,task       ] GC(44) Using 8 workers of 8 for evacuation
[2022-06-30T17:42:59.241-0700][gc,phases     ] GC(44)   Pre Evacuate Collection Set: 0.5ms
[2022-06-30T17:42:59.241-0700][gc,phases     ] GC(44)   Evacuate Collection Set: 11.5ms
[2022-06-30T17:42:59.241-0700][gc,phases     ] GC(44)   Post Evacuate Collection Set: 1.8ms
[2022-06-30T17:42:59.241-0700][gc,phases     ] GC(44)   Other: 1.9ms
[2022-06-30T17:42:59.241-0700][gc,heap       ] GC(44) Eden regions: 255->0(255)
[2022-06-30T17:42:59.241-0700][gc,heap       ] GC(44) Survivor regions: 1->1(32)
[2022-06-30T17:42:59.241-0700][gc,heap       ] GC(44) Old regions: 38->38
[2022-06-30T17:42:59.241-0700][gc,heap       ] GC(44) Humongous regions: 8->8
[2022-06-30T17:42:59.241-0700][gc,metaspace  ] GC(44) Metaspace: 78203K->78203K(1120256K)
[2022-06-30T17:42:59.242-0700][gc            ] GC(44) Pause Young (Normal) (G1 Evacuation Pause) 301M->46M(512M) 15.727ms
[2022-06-30T17:42:59.242-0700][gc,cpu        ] GC(44) User=0.02s Sys=0.02s Real=0.02s
[2022-06-30T18:11:51.045-0700][gc,start      ] GC(45) Pause Young (Normal) (G1 Evacuation Pause)
[2022-06-30T18:11:51.047-0700][gc,task       ] GC(45) Using 8 workers of 8 for evacuation
[2022-06-30T18:11:51.064-0700][gc,phases     ] GC(45)   Pre Evacuate Collection Set: 0.5ms
[2022-06-30T18:11:51.064-0700][gc,phases     ] GC(45)   Evacuate Collection Set: 12.5ms
[2022-06-30T18:11:51.064-0700][gc,phases     ] GC(45)   Post Evacuate Collection Set: 2.7ms
[2022-06-30T18:11:51.064-0700][gc,phases     ] GC(45)   Other: 3.2ms
[2022-06-30T18:11:51.064-0700][gc,heap       ] GC(45) Eden regions: 255->0(255)
[2022-06-30T18:11:51.064-0700][gc,heap       ] GC(45) Survivor regions: 1->1(32)
[2022-06-30T18:11:51.064-0700][gc,heap       ] GC(45) Old regions: 38->38
[2022-06-30T18:11:51.064-0700][gc,heap       ] GC(45) Humongous regions: 8->8
[2022-06-30T18:11:51.064-0700][gc,metaspace  ] GC(45) Metaspace: 78203K->78203K(1120256K)
[2022-06-30T18:11:51.064-0700][gc            ] GC(45) Pause Young (Normal) (G1 Evacuation Pause) 301M->46M(512M) 19.260ms
[2022-06-30T18:11:51.065-0700][gc,cpu        ] GC(45) User=0.03s Sys=0.02s Real=0.02s
[2022-06-30T18:40:45.652-0700][gc,start      ] GC(46) Pause Young (Normal) (G1 Evacuation Pause)
[2022-06-30T18:40:45.654-0700][gc,task       ] GC(46) Using 8 workers of 8 for evacuation
[2022-06-30T18:40:45.667-0700][gc,phases     ] GC(46)   Pre Evacuate Collection Set: 0.4ms
[2022-06-30T18:40:45.668-0700][gc,phases     ] GC(46)   Evacuate Collection Set: 10.8ms
[2022-06-30T18:40:45.668-0700][gc,phases     ] GC(46)   Post Evacuate Collection Set: 1.2ms
[2022-06-30T18:40:45.668-0700][gc,phases     ] GC(46)   Other: 2.9ms
[2022-06-30T18:40:45.668-0700][gc,heap       ] GC(46) Eden regions: 255->0(255)
[2022-06-30T18:40:45.668-0700][gc,heap       ] GC(46) Survivor regions: 1->1(32)
[2022-06-30T18:40:45.668-0700][gc,heap       ] GC(46) Old regions: 38->38
[2022-06-30T18:40:45.668-0700][gc,heap       ] GC(46) Humongous regions: 8->8
[2022-06-30T18:40:45.668-0700][gc,metaspace  ] GC(46) Metaspace: 78213K->78213K(1120256K)
[2022-06-30T18:40:45.668-0700][gc            ] GC(46) Pause Young (Normal) (G1 Evacuation Pause) 301M->46M(512M) 15.308ms
[2022-06-30T18:40:45.668-0700][gc,cpu        ] GC(46) User=0.04s Sys=0.03s Real=0.01s
[2022-06-30T19:09:44.149-0700][gc,start      ] GC(47) Pause Young (Normal) (G1 Evacuation Pause)
[2022-06-30T19:09:44.151-0700][gc,task       ] GC(47) Using 8 workers of 8 for evacuation
[2022-06-30T19:09:44.165-0700][gc,phases     ] GC(47)   Pre Evacuate Collection Set: 0.5ms
[2022-06-30T19:09:44.165-0700][gc,phases     ] GC(47)   Evacuate Collection Set: 10.4ms
[2022-06-30T19:09:44.165-0700][gc,phases     ] GC(47)   Post Evacuate Collection Set: 1.8ms
[2022-06-30T19:09:44.165-0700][gc,phases     ] GC(47)   Other: 3.2ms
[2022-06-30T19:09:44.165-0700][gc,heap       ] GC(47) Eden regions: 255->0(255)
[2022-06-30T19:09:44.165-0700][gc,heap       ] GC(47) Survivor regions: 1->1(32)
[2022-06-30T19:09:44.165-0700][gc,heap       ] GC(47) Old regions: 38->38
[2022-06-30T19:09:44.165-0700][gc,heap       ] GC(47) Humongous regions: 8->8
[2022-06-30T19:09:44.165-0700][gc,metaspace  ] GC(47) Metaspace: 78213K->78213K(1120256K)
[2022-06-30T19:09:44.165-0700][gc            ] GC(47) Pause Young (Normal) (G1 Evacuation Pause) 301M->46M(512M) 15.976ms
[2022-06-30T19:09:44.165-0700][gc,cpu        ] GC(47) User=0.02s Sys=0.02s Real=0.02s
[2022-06-30T19:38:42.109-0700][gc,start      ] GC(48) Pause Young (Normal) (G1 Evacuation Pause)
[2022-06-30T19:38:42.111-0700][gc,task       ] GC(48) Using 8 workers of 8 for evacuation
[2022-06-30T19:38:42.124-0700][gc,phases     ] GC(48)   Pre Evacuate Collection Set: 0.5ms
[2022-06-30T19:38:42.124-0700][gc,phases     ] GC(48)   Evacuate Collection Set: 9.9ms
[2022-06-30T19:38:42.124-0700][gc,phases     ] GC(48)   Post Evacuate Collection Set: 1.4ms
[2022-06-30T19:38:42.124-0700][gc,phases     ] GC(48)   Other: 3.1ms
[2022-06-30T19:38:42.124-0700][gc,heap       ] GC(48) Eden regions: 255->0(255)
[2022-06-30T19:38:42.124-0700][gc,heap       ] GC(48) Survivor regions: 1->1(32)
[2022-06-30T19:38:42.124-0700][gc,heap       ] GC(48) Old regions: 38->38
[2022-06-30T19:38:42.124-0700][gc,heap       ] GC(48) Humongous regions: 8->8
[2022-06-30T19:38:42.124-0700][gc,metaspace  ] GC(48) Metaspace: 78219K->78219K(1120256K)
[2022-06-30T19:38:42.124-0700][gc            ] GC(48) Pause Young (Normal) (G1 Evacuation Pause) 301M->46M(512M) 14.983ms
[2022-06-30T19:38:42.124-0700][gc,cpu        ] GC(48) User=0.02s Sys=0.02s Real=0.02s
[2022-06-30T20:12:54.482-0700][gc,start      ] GC(49) Pause Young (Normal) (G1 Evacuation Pause)
[2022-06-30T20:12:54.484-0700][gc,task       ] GC(49) Using 8 workers of 8 for evacuation
[2022-06-30T20:12:54.495-0700][gc,phases     ] GC(49)   Pre Evacuate Collection Set: 0.6ms
[2022-06-30T20:12:54.495-0700][gc,phases     ] GC(49)   Evacuate Collection Set: 7.3ms
[2022-06-30T20:12:54.495-0700][gc,phases     ] GC(49)   Post Evacuate Collection Set: 1.7ms
[2022-06-30T20:12:54.495-0700][gc,phases     ] GC(49)   Other: 2.9ms
[2022-06-30T20:12:54.495-0700][gc,heap       ] GC(49) Eden regions: 255->0(255)
[2022-06-30T20:12:54.495-0700][gc,heap       ] GC(49) Survivor regions: 1->1(32)
[2022-06-30T20:12:54.495-0700][gc,heap       ] GC(49) Old regions: 38->38
[2022-06-30T20:12:54.495-0700][gc,heap       ] GC(49) Humongous regions: 8->8
[2022-06-30T20:12:54.495-0700][gc,metaspace  ] GC(49) Metaspace: 78223K->78223K(1120256K)
[2022-06-30T20:12:54.495-0700][gc            ] GC(49) Pause Young (Normal) (G1 Evacuation Pause) 301M->46M(512M) 12.703ms
[2022-06-30T20:12:54.495-0700][gc,cpu        ] GC(49) User=0.02s Sys=0.01s Real=0.01s
[2022-07-01T09:58:41.777-0700][gc,start      ] GC(50) Pause Young (Normal) (G1 Evacuation Pause)
[2022-07-01T09:58:41.778-0700][gc,task       ] GC(50) Using 8 workers of 8 for evacuation
[2022-07-01T09:58:41.784-0700][gc,phases     ] GC(50)   Pre Evacuate Collection Set: 0.0ms
[2022-07-01T09:58:41.784-0700][gc,phases     ] GC(50)   Evacuate Collection Set: 4.4ms
[2022-07-01T09:58:41.784-0700][gc,phases     ] GC(50)   Post Evacuate Collection Set: 0.6ms
[2022-07-01T09:58:41.784-0700][gc,phases     ] GC(50)   Other: 1.3ms
[2022-07-01T09:58:41.784-0700][gc,heap       ] GC(50) Eden regions: 255->0(255)
[2022-07-01T09:58:41.784-0700][gc,heap       ] GC(50) Survivor regions: 1->1(32)
[2022-07-01T09:58:41.784-0700][gc,heap       ] GC(50) Old regions: 38->38
[2022-07-01T09:58:41.784-0700][gc,heap       ] GC(50) Humongous regions: 8->8
[2022-07-01T09:58:41.784-0700][gc,metaspace  ] GC(50) Metaspace: 78262K->78262K(1120256K)
[2022-07-01T09:58:41.784-0700][gc            ] GC(50) Pause Young (Normal) (G1 Evacuation Pause) 301M->46M(512M) 6.741ms
[2022-07-01T09:58:41.784-0700][gc,cpu        ] GC(50) User=0.01s Sys=0.00s Real=0.01s
[2022-07-01T10:46:27.366-0700][gc,start      ] GC(51) Pause Young (Normal) (G1 Evacuation Pause)
[2022-07-01T10:46:27.368-0700][gc,task       ] GC(51) Using 8 workers of 8 for evacuation
[2022-07-01T10:46:27.385-0700][gc,phases     ] GC(51)   Pre Evacuate Collection Set: 0.5ms
[2022-07-01T10:46:27.385-0700][gc,phases     ] GC(51)   Evacuate Collection Set: 13.6ms
[2022-07-01T10:46:27.385-0700][gc,phases     ] GC(51)   Post Evacuate Collection Set: 2.1ms
[2022-07-01T10:46:27.385-0700][gc,phases     ] GC(51)   Other: 2.9ms
[2022-07-01T10:46:27.385-0700][gc,heap       ] GC(51) Eden regions: 255->0(255)
[2022-07-01T10:46:27.385-0700][gc,heap       ] GC(51) Survivor regions: 1->1(32)
[2022-07-01T10:46:27.385-0700][gc,heap       ] GC(51) Old regions: 38->38
[2022-07-01T10:46:27.385-0700][gc,heap       ] GC(51) Humongous regions: 8->8
[2022-07-01T10:46:27.385-0700][gc,metaspace  ] GC(51) Metaspace: 78266K->78266K(1120256K)
[2022-07-01T10:46:27.385-0700][gc            ] GC(51) Pause Young (Normal) (G1 Evacuation Pause) 301M->46M(512M) 18.987ms
[2022-07-01T10:46:27.385-0700][gc,cpu        ] GC(51) User=0.04s Sys=0.02s Real=0.02s
[2022-07-01T11:15:00.027-0700][gc,start      ] GC(52) Pause Young (Normal) (G1 Evacuation Pause)
[2022-07-01T11:15:00.029-0700][gc,task       ] GC(52) Using 8 workers of 8 for evacuation
[2022-07-01T11:15:00.046-0700][gc,phases     ] GC(52)   Pre Evacuate Collection Set: 0.6ms
[2022-07-01T11:15:00.046-0700][gc,phases     ] GC(52)   Evacuate Collection Set: 12.6ms
[2022-07-01T11:15:00.046-0700][gc,phases     ] GC(52)   Post Evacuate Collection Set: 2.1ms
[2022-07-01T11:15:00.046-0700][gc,phases     ] GC(52)   Other: 3.1ms
[2022-07-01T11:15:00.046-0700][gc,heap       ] GC(52) Eden regions: 255->0(255)
[2022-07-01T11:15:00.046-0700][gc,heap       ] GC(52) Survivor regions: 1->1(32)
[2022-07-01T11:15:00.046-0700][gc,heap       ] GC(52) Old regions: 38->38
[2022-07-01T11:15:00.046-0700][gc,heap       ] GC(52) Humongous regions: 8->8
[2022-07-01T11:15:00.046-0700][gc,metaspace  ] GC(52) Metaspace: 78317K->78317K(1120256K)
[2022-07-01T11:15:00.046-0700][gc            ] GC(52) Pause Young (Normal) (G1 Evacuation Pause) 301M->46M(512M) 18.476ms
[2022-07-01T11:15:00.046-0700][gc,cpu        ] GC(52) User=0.02s Sys=0.02s Real=0.02s
[2022-07-01T11:40:38.537-0700][gc,start      ] GC(53) Pause Young (Normal) (G1 Evacuation Pause)
[2022-07-01T11:40:38.539-0700][gc,task       ] GC(53) Using 8 workers of 8 for evacuation
[2022-07-01T11:40:38.551-0700][gc,phases     ] GC(53)   Pre Evacuate Collection Set: 0.5ms
[2022-07-01T11:40:38.551-0700][gc,phases     ] GC(53)   Evacuate Collection Set: 7.1ms
[2022-07-01T11:40:38.551-0700][gc,phases     ] GC(53)   Post Evacuate Collection Set: 2.4ms
[2022-07-01T11:40:38.551-0700][gc,phases     ] GC(53)   Other: 3.8ms
[2022-07-01T11:40:38.551-0700][gc,heap       ] GC(53) Eden regions: 255->0(255)
[2022-07-01T11:40:38.551-0700][gc,heap       ] GC(53) Survivor regions: 1->1(32)
[2022-07-01T11:40:38.551-0700][gc,heap       ] GC(53) Old regions: 38->38
[2022-07-01T11:40:38.551-0700][gc,heap       ] GC(53) Humongous regions: 8->8
[2022-07-01T11:40:38.551-0700][gc,metaspace  ] GC(53) Metaspace: 78361K->78361K(1120256K)
[2022-07-01T11:40:38.551-0700][gc            ] GC(53) Pause Young (Normal) (G1 Evacuation Pause) 301M->46M(512M) 14.266ms
[2022-07-01T11:40:38.551-0700][gc,cpu        ] GC(53) User=0.02s Sys=0.01s Real=0.02s
[2022-07-01T12:05:31.813-0700][gc,start      ] GC(54) Pause Young (Normal) (G1 Evacuation Pause)
[2022-07-01T12:05:31.815-0700][gc,task       ] GC(54) Using 8 workers of 8 for evacuation
[2022-07-01T12:05:31.829-0700][gc,phases     ] GC(54)   Pre Evacuate Collection Set: 0.5ms
[2022-07-01T12:05:31.829-0700][gc,phases     ] GC(54)   Evacuate Collection Set: 11.8ms
[2022-07-01T12:05:31.829-0700][gc,phases     ] GC(54)   Post Evacuate Collection Set: 1.2ms
[2022-07-01T12:05:31.829-0700][gc,phases     ] GC(54)   Other: 3.2ms
[2022-07-01T12:05:31.829-0700][gc,heap       ] GC(54) Eden regions: 255->0(255)
[2022-07-01T12:05:31.829-0700][gc,heap       ] GC(54) Survivor regions: 1->1(32)
[2022-07-01T12:05:31.829-0700][gc,heap       ] GC(54) Old regions: 38->38
[2022-07-01T12:05:31.829-0700][gc,heap       ] GC(54) Humongous regions: 8->8
[2022-07-01T12:05:31.830-0700][gc,metaspace  ] GC(54) Metaspace: 78362K->78362K(1120256K)
[2022-07-01T12:05:31.830-0700][gc            ] GC(54) Pause Young (Normal) (G1 Evacuation Pause) 301M->46M(512M) 16.714ms
[2022-07-01T12:05:31.830-0700][gc,cpu        ] GC(54) User=0.02s Sys=0.02s Real=0.02s
[2022-07-01T12:30:20.469-0700][gc,start      ] GC(55) Pause Young (Normal) (G1 Evacuation Pause)
[2022-07-01T12:30:20.471-0700][gc,task       ] GC(55) Using 8 workers of 8 for evacuation
[2022-07-01T12:30:20.483-0700][gc,phases     ] GC(55)   Pre Evacuate Collection Set: 0.4ms
[2022-07-01T12:30:20.484-0700][gc,phases     ] GC(55)   Evacuate Collection Set: 8.9ms
[2022-07-01T12:30:20.484-0700][gc,phases     ] GC(55)   Post Evacuate Collection Set: 2.2ms
[2022-07-01T12:30:20.484-0700][gc,phases     ] GC(55)   Other: 3.3ms
[2022-07-01T12:30:20.484-0700][gc,heap       ] GC(55) Eden regions: 255->0(255)
[2022-07-01T12:30:20.484-0700][gc,heap       ] GC(55) Survivor regions: 1->1(32)
[2022-07-01T12:30:20.484-0700][gc,heap       ] GC(55) Old regions: 38->38
[2022-07-01T12:30:20.484-0700][gc,heap       ] GC(55) Humongous regions: 8->8
[2022-07-01T12:30:20.484-0700][gc,metaspace  ] GC(55) Metaspace: 78362K->78362K(1120256K)
[2022-07-01T12:30:20.484-0700][gc            ] GC(55) Pause Young (Normal) (G1 Evacuation Pause) 301M->46M(512M) 15.326ms
[2022-07-01T12:30:20.484-0700][gc,cpu        ] GC(55) User=0.02s Sys=0.01s Real=0.02s
[2022-07-01T12:55:10.074-0700][gc,start      ] GC(56) Pause Young (Normal) (G1 Evacuation Pause)
[2022-07-01T12:55:10.076-0700][gc,task       ] GC(56) Using 8 workers of 8 for evacuation
[2022-07-01T12:55:10.089-0700][gc,phases     ] GC(56)   Pre Evacuate Collection Set: 0.6ms
[2022-07-01T12:55:10.089-0700][gc,phases     ] GC(56)   Evacuate Collection Set: 9.3ms
[2022-07-01T12:55:10.089-0700][gc,phases     ] GC(56)   Post Evacuate Collection Set: 1.8ms
[2022-07-01T12:55:10.089-0700][gc,phases     ] GC(56)   Other: 3.2ms
[2022-07-01T12:55:10.089-0700][gc,heap       ] GC(56) Eden regions: 255->0(255)
[2022-07-01T12:55:10.089-0700][gc,heap       ] GC(56) Survivor regions: 1->1(32)
[2022-07-01T12:55:10.089-0700][gc,heap       ] GC(56) Old regions: 38->38
[2022-07-01T12:55:10.089-0700][gc,heap       ] GC(56) Humongous regions: 8->8
[2022-07-01T12:55:10.089-0700][gc,metaspace  ] GC(56) Metaspace: 78362K->78362K(1120256K)
[2022-07-01T12:55:10.089-0700][gc            ] GC(56) Pause Young (Normal) (G1 Evacuation Pause) 301M->46M(512M) 15.222ms
[2022-07-01T12:55:10.089-0700][gc,cpu        ] GC(56) User=0.03s Sys=0.02s Real=0.01s
[2022-07-01T13:20:02.226-0700][gc,start      ] GC(57) Pause Young (Normal) (G1 Evacuation Pause)
[2022-07-01T13:20:02.228-0700][gc,task       ] GC(57) Using 8 workers of 8 for evacuation
[2022-07-01T13:20:02.240-0700][gc,phases     ] GC(57)   Pre Evacuate Collection Set: 0.3ms
[2022-07-01T13:20:02.240-0700][gc,phases     ] GC(57)   Evacuate Collection Set: 9.7ms
[2022-07-01T13:20:02.240-0700][gc,phases     ] GC(57)   Post Evacuate Collection Set: 1.8ms
[2022-07-01T13:20:02.240-0700][gc,phases     ] GC(57)   Other: 2.1ms
[2022-07-01T13:20:02.240-0700][gc,heap       ] GC(57) Eden regions: 255->0(255)
[2022-07-01T13:20:02.240-0700][gc,heap       ] GC(57) Survivor regions: 1->1(32)
[2022-07-01T13:20:02.240-0700][gc,heap       ] GC(57) Old regions: 38->38
[2022-07-01T13:20:02.240-0700][gc,heap       ] GC(57) Humongous regions: 8->8
[2022-07-01T13:20:02.240-0700][gc,metaspace  ] GC(57) Metaspace: 78362K->78362K(1120256K)
[2022-07-01T13:20:02.240-0700][gc            ] GC(57) Pause Young (Normal) (G1 Evacuation Pause) 301M->46M(512M) 14.086ms
[2022-07-01T13:20:02.240-0700][gc,cpu        ] GC(57) User=0.01s Sys=0.01s Real=0.02s
[2022-07-01T13:44:55.582-0700][gc,start      ] GC(58) Pause Young (Normal) (G1 Evacuation Pause)
[2022-07-01T13:44:55.584-0700][gc,task       ] GC(58) Using 8 workers of 8 for evacuation
[2022-07-01T13:44:55.594-0700][gc,phases     ] GC(58)   Pre Evacuate Collection Set: 0.6ms
[2022-07-01T13:44:55.594-0700][gc,phases     ] GC(58)   Evacuate Collection Set: 6.5ms
[2022-07-01T13:44:55.594-0700][gc,phases     ] GC(58)   Post Evacuate Collection Set: 1.7ms
[2022-07-01T13:44:55.594-0700][gc,phases     ] GC(58)   Other: 3.2ms
[2022-07-01T13:44:55.594-0700][gc,heap       ] GC(58) Eden regions: 255->0(255)
[2022-07-01T13:44:55.594-0700][gc,heap       ] GC(58) Survivor regions: 1->1(32)
[2022-07-01T13:44:55.594-0700][gc,heap       ] GC(58) Old regions: 38->38
[2022-07-01T13:44:55.594-0700][gc,heap       ] GC(58) Humongous regions: 8->8
[2022-07-01T13:44:55.594-0700][gc,metaspace  ] GC(58) Metaspace: 78362K->78362K(1120256K)
[2022-07-01T13:44:55.595-0700][gc            ] GC(58) Pause Young (Normal) (G1 Evacuation Pause) 301M->46M(512M) 12.386ms
[2022-07-01T13:44:55.595-0700][gc,cpu        ] GC(58) User=0.01s Sys=0.01s Real=0.01s
[2022-07-01T14:09:43.034-0700][gc,start      ] GC(59) Pause Young (Normal) (G1 Evacuation Pause)
[2022-07-01T14:09:43.035-0700][gc,task       ] GC(59) Using 8 workers of 8 for evacuation
[2022-07-01T14:09:43.042-0700][gc,phases     ] GC(59)   Pre Evacuate Collection Set: 0.2ms
[2022-07-01T14:09:43.042-0700][gc,phases     ] GC(59)   Evacuate Collection Set: 5.0ms
[2022-07-01T14:09:43.042-0700][gc,phases     ] GC(59)   Post Evacuate Collection Set: 1.0ms
[2022-07-01T14:09:43.042-0700][gc,phases     ] GC(59)   Other: 2.4ms
[2022-07-01T14:09:43.042-0700][gc,heap       ] GC(59) Eden regions: 255->0(255)
[2022-07-01T14:09:43.042-0700][gc,heap       ] GC(59) Survivor regions: 1->1(32)
[2022-07-01T14:09:43.042-0700][gc,heap       ] GC(59) Old regions: 38->38
[2022-07-01T14:09:43.042-0700][gc,heap       ] GC(59) Humongous regions: 8->8
[2022-07-01T14:09:43.042-0700][gc,metaspace  ] GC(59) Metaspace: 78363K->78363K(1120256K)
[2022-07-01T14:09:43.042-0700][gc            ] GC(59) Pause Young (Normal) (G1 Evacuation Pause) 301M->46M(512M) 8.635ms
[2022-07-01T14:09:43.042-0700][gc,cpu        ] GC(59) User=0.02s Sys=0.01s Real=0.01s
[2022-07-01T14:34:32.763-0700][gc,start      ] GC(60) Pause Young (Normal) (G1 Evacuation Pause)
[2022-07-01T14:34:32.765-0700][gc,task       ] GC(60) Using 8 workers of 8 for evacuation
[2022-07-01T14:34:32.771-0700][gc,phases     ] GC(60)   Pre Evacuate Collection Set: 0.1ms
[2022-07-01T14:34:32.771-0700][gc,phases     ] GC(60)   Evacuate Collection Set: 5.2ms
[2022-07-01T14:34:32.771-0700][gc,phases     ] GC(60)   Post Evacuate Collection Set: 0.7ms
[2022-07-01T14:34:32.771-0700][gc,phases     ] GC(60)   Other: 2.5ms
[2022-07-01T14:34:32.771-0700][gc,heap       ] GC(60) Eden regions: 255->0(255)
[2022-07-01T14:34:32.772-0700][gc,heap       ] GC(60) Survivor regions: 1->1(32)
[2022-07-01T14:34:32.772-0700][gc,heap       ] GC(60) Old regions: 38->38
[2022-07-01T14:34:32.772-0700][gc,heap       ] GC(60) Humongous regions: 8->8
[2022-07-01T14:34:32.772-0700][gc,metaspace  ] GC(60) Metaspace: 78363K->78363K(1120256K)
[2022-07-01T14:34:32.772-0700][gc            ] GC(60) Pause Young (Normal) (G1 Evacuation Pause) 301M->46M(512M) 8.709ms
[2022-07-01T14:34:32.772-0700][gc,cpu        ] GC(60) User=0.01s Sys=0.01s Real=0.01s
[2022-07-01T14:59:21.336-0700][gc,start      ] GC(61) Pause Young (Normal) (G1 Evacuation Pause)
[2022-07-01T14:59:21.338-0700][gc,task       ] GC(61) Using 8 workers of 8 for evacuation
[2022-07-01T14:59:21.349-0700][gc,phases     ] GC(61)   Pre Evacuate Collection Set: 0.5ms
[2022-07-01T14:59:21.349-0700][gc,phases     ] GC(61)   Evacuate Collection Set: 7.7ms
[2022-07-01T14:59:21.350-0700][gc,phases     ] GC(61)   Post Evacuate Collection Set: 2.2ms
[2022-07-01T14:59:21.350-0700][gc,phases     ] GC(61)   Other: 3.5ms
[2022-07-01T14:59:21.350-0700][gc,heap       ] GC(61) Eden regions: 255->0(255)
[2022-07-01T14:59:21.350-0700][gc,heap       ] GC(61) Survivor regions: 1->1(32)
[2022-07-01T14:59:21.350-0700][gc,heap       ] GC(61) Old regions: 38->38
[2022-07-01T14:59:21.350-0700][gc,heap       ] GC(61) Humongous regions: 8->8
[2022-07-01T14:59:21.350-0700][gc,metaspace  ] GC(61) Metaspace: 78366K->78366K(1120256K)
[2022-07-01T14:59:21.350-0700][gc            ] GC(61) Pause Young (Normal) (G1 Evacuation Pause) 301M->46M(512M) 14.297ms
[2022-07-01T14:59:21.350-0700][gc,cpu        ] GC(61) User=0.02s Sys=0.01s Real=0.02s
[2022-07-01T15:24:10.736-0700][gc,start      ] GC(62) Pause Young (Normal) (G1 Evacuation Pause)
[2022-07-01T15:24:10.739-0700][gc,task       ] GC(62) Using 8 workers of 8 for evacuation
[2022-07-01T15:24:10.749-0700][gc,phases     ] GC(62)   Pre Evacuate Collection Set: 0.7ms
[2022-07-01T15:24:10.750-0700][gc,phases     ] GC(62)   Evacuate Collection Set: 6.6ms
[2022-07-01T15:24:10.750-0700][gc,phases     ] GC(62)   Post Evacuate Collection Set: 2.4ms
[2022-07-01T15:24:10.750-0700][gc,phases     ] GC(62)   Other: 3.6ms
[2022-07-01T15:24:10.750-0700][gc,heap       ] GC(62) Eden regions: 255->0(255)
[2022-07-01T15:24:10.750-0700][gc,heap       ] GC(62) Survivor regions: 1->1(32)
[2022-07-01T15:24:10.750-0700][gc,heap       ] GC(62) Old regions: 38->38
[2022-07-01T15:24:10.750-0700][gc,heap       ] GC(62) Humongous regions: 8->8
[2022-07-01T15:24:10.750-0700][gc,metaspace  ] GC(62) Metaspace: 78369K->78369K(1120256K)
[2022-07-01T15:24:10.750-0700][gc            ] GC(62) Pause Young (Normal) (G1 Evacuation Pause) 301M->46M(512M) 13.538ms
[2022-07-01T15:24:10.750-0700][gc,cpu        ] GC(62) User=0.01s Sys=0.01s Real=0.02s
[2022-07-01T15:48:59.017-0700][gc,start      ] GC(63) Pause Young (Normal) (G1 Evacuation Pause)
[2022-07-01T15:48:59.018-0700][gc,task       ] GC(63) Using 8 workers of 8 for evacuation
[2022-07-01T15:48:59.028-0700][gc,phases     ] GC(63)   Pre Evacuate Collection Set: 0.2ms
[2022-07-01T15:48:59.028-0700][gc,phases     ] GC(63)   Evacuate Collection Set: 7.1ms
[2022-07-01T15:48:59.028-0700][gc,phases     ] GC(63)   Post Evacuate Collection Set: 1.7ms
[2022-07-01T15:48:59.028-0700][gc,phases     ] GC(63)   Other: 1.8ms
[2022-07-01T15:48:59.028-0700][gc,heap       ] GC(63) Eden regions: 255->0(255)
[2022-07-01T15:48:59.028-0700][gc,heap       ] GC(63) Survivor regions: 1->1(32)
[2022-07-01T15:48:59.028-0700][gc,heap       ] GC(63) Old regions: 38->38
[2022-07-01T15:48:59.028-0700][gc,heap       ] GC(63) Humongous regions: 8->8
[2022-07-01T15:48:59.028-0700][gc,metaspace  ] GC(63) Metaspace: 78369K->78369K(1120256K)
[2022-07-01T15:48:59.029-0700][gc            ] GC(63) Pause Young (Normal) (G1 Evacuation Pause) 301M->46M(512M) 11.156ms
[2022-07-01T15:48:59.029-0700][gc,cpu        ] GC(63) User=0.01s Sys=0.01s Real=0.01s
[2022-07-01T16:15:58.116-0700][gc,start      ] GC(64) Pause Young (Normal) (G1 Evacuation Pause)
[2022-07-01T16:15:58.118-0700][gc,task       ] GC(64) Using 8 workers of 8 for evacuation
[2022-07-01T16:15:58.128-0700][gc,phases     ] GC(64)   Pre Evacuate Collection Set: 0.5ms
[2022-07-01T16:15:58.129-0700][gc,phases     ] GC(64)   Evacuate Collection Set: 6.7ms
[2022-07-01T16:15:58.129-0700][gc,phases     ] GC(64)   Post Evacuate Collection Set: 1.7ms
[2022-07-01T16:15:58.129-0700][gc,phases     ] GC(64)   Other: 3.4ms
[2022-07-01T16:15:58.129-0700][gc,heap       ] GC(64) Eden regions: 255->0(255)
[2022-07-01T16:15:58.129-0700][gc,heap       ] GC(64) Survivor regions: 1->1(32)
[2022-07-01T16:15:58.129-0700][gc,heap       ] GC(64) Old regions: 38->38
[2022-07-01T16:15:58.129-0700][gc,heap       ] GC(64) Humongous regions: 8->8
[2022-07-01T16:15:58.129-0700][gc,metaspace  ] GC(64) Metaspace: 78370K->78370K(1120256K)
[2022-07-01T16:15:58.129-0700][gc            ] GC(64) Pause Young (Normal) (G1 Evacuation Pause) 301M->46M(512M) 12.451ms
[2022-07-01T16:15:58.129-0700][gc,cpu        ] GC(64) User=0.02s Sys=0.01s Real=0.01s
[2022-07-01T16:43:35.044-0700][gc,start      ] GC(65) Pause Young (Normal) (G1 Evacuation Pause)
[2022-07-01T16:43:35.046-0700][gc,task       ] GC(65) Using 8 workers of 8 for evacuation
[2022-07-01T16:43:35.065-0700][gc,phases     ] GC(65)   Pre Evacuate Collection Set: 0.5ms
[2022-07-01T16:43:35.065-0700][gc,phases     ] GC(65)   Evacuate Collection Set: 14.0ms
[2022-07-01T16:43:35.065-0700][gc,phases     ] GC(65)   Post Evacuate Collection Set: 3.6ms
[2022-07-01T16:43:35.065-0700][gc,phases     ] GC(65)   Other: 2.4ms
[2022-07-01T16:43:35.065-0700][gc,heap       ] GC(65) Eden regions: 255->0(255)
[2022-07-01T16:43:35.065-0700][gc,heap       ] GC(65) Survivor regions: 1->1(32)
[2022-07-01T16:43:35.065-0700][gc,heap       ] GC(65) Old regions: 38->39
[2022-07-01T16:43:35.065-0700][gc,heap       ] GC(65) Humongous regions: 8->8
[2022-07-01T16:43:35.065-0700][gc,metaspace  ] GC(65) Metaspace: 78371K->78371K(1120256K)
[2022-07-01T16:43:35.065-0700][gc            ] GC(65) Pause Young (Normal) (G1 Evacuation Pause) 301M->46M(512M) 20.592ms
[2022-07-01T16:43:35.065-0700][gc,cpu        ] GC(65) User=0.03s Sys=0.02s Real=0.02s
[2022-07-01T17:11:44.651-0700][gc,start      ] GC(66) Pause Young (Normal) (G1 Evacuation Pause)
[2022-07-01T17:11:44.654-0700][gc,task       ] GC(66) Using 8 workers of 8 for evacuation
[2022-07-01T17:11:44.666-0700][gc,phases     ] GC(66)   Pre Evacuate Collection Set: 0.4ms
[2022-07-01T17:11:44.666-0700][gc,phases     ] GC(66)   Evacuate Collection Set: 8.7ms
[2022-07-01T17:11:44.666-0700][gc,phases     ] GC(66)   Post Evacuate Collection Set: 1.9ms
[2022-07-01T17:11:44.666-0700][gc,phases     ] GC(66)   Other: 3.7ms
[2022-07-01T17:11:44.666-0700][gc,heap       ] GC(66) Eden regions: 255->0(255)
[2022-07-01T17:11:44.666-0700][gc,heap       ] GC(66) Survivor regions: 1->1(32)
[2022-07-01T17:11:44.666-0700][gc,heap       ] GC(66) Old regions: 39->39
[2022-07-01T17:11:44.666-0700][gc,heap       ] GC(66) Humongous regions: 8->8
[2022-07-01T17:11:44.666-0700][gc,metaspace  ] GC(66) Metaspace: 78378K->78378K(1120256K)
[2022-07-01T17:11:44.666-0700][gc            ] GC(66) Pause Young (Normal) (G1 Evacuation Pause) 301M->46M(512M) 15.035ms
[2022-07-01T17:11:44.666-0700][gc,cpu        ] GC(66) User=0.03s Sys=0.01s Real=0.01s
[2022-07-01T17:40:35.049-0700][gc,start      ] GC(67) Pause Young (Normal) (G1 Evacuation Pause)
[2022-07-01T17:40:35.052-0700][gc,task       ] GC(67) Using 8 workers of 8 for evacuation
[2022-07-01T17:40:35.062-0700][gc,phases     ] GC(67)   Pre Evacuate Collection Set: 0.5ms
[2022-07-01T17:40:35.062-0700][gc,phases     ] GC(67)   Evacuate Collection Set: 6.5ms
[2022-07-01T17:40:35.062-0700][gc,phases     ] GC(67)   Post Evacuate Collection Set: 1.9ms
[2022-07-01T17:40:35.062-0700][gc,phases     ] GC(67)   Other: 3.5ms
[2022-07-01T17:40:35.062-0700][gc,heap       ] GC(67) Eden regions: 255->0(255)
[2022-07-01T17:40:35.062-0700][gc,heap       ] GC(67) Survivor regions: 1->1(32)
[2022-07-01T17:40:35.062-0700][gc,heap       ] GC(67) Old regions: 39->39
[2022-07-01T17:40:35.062-0700][gc,heap       ] GC(67) Humongous regions: 8->8
[2022-07-01T17:40:35.062-0700][gc,metaspace  ] GC(67) Metaspace: 78392K->78392K(1120256K)
[2022-07-01T17:40:35.062-0700][gc            ] GC(67) Pause Young (Normal) (G1 Evacuation Pause) 301M->46M(512M) 12.800ms
[2022-07-01T17:40:35.062-0700][gc,cpu        ] GC(67) User=0.01s Sys=0.01s Real=0.02s
[2022-07-01T18:09:30.663-0700][gc,start      ] GC(68) Pause Young (Normal) (G1 Evacuation Pause)
[2022-07-01T18:09:30.665-0700][gc,task       ] GC(68) Using 8 workers of 8 for evacuation
[2022-07-01T18:09:30.675-0700][gc,phases     ] GC(68)   Pre Evacuate Collection Set: 0.6ms
[2022-07-01T18:09:30.675-0700][gc,phases     ] GC(68)   Evacuate Collection Set: 6.1ms
[2022-07-01T18:09:30.675-0700][gc,phases     ] GC(68)   Post Evacuate Collection Set: 2.2ms
[2022-07-01T18:09:30.675-0700][gc,phases     ] GC(68)   Other: 3.6ms
[2022-07-01T18:09:30.675-0700][gc,heap       ] GC(68) Eden regions: 255->0(255)
[2022-07-01T18:09:30.675-0700][gc,heap       ] GC(68) Survivor regions: 1->1(32)
[2022-07-01T18:09:30.675-0700][gc,heap       ] GC(68) Old regions: 39->39
[2022-07-01T18:09:30.675-0700][gc,heap       ] GC(68) Humongous regions: 8->8
[2022-07-01T18:09:30.675-0700][gc,metaspace  ] GC(68) Metaspace: 78395K->78395K(1120256K)
[2022-07-01T18:09:30.675-0700][gc            ] GC(68) Pause Young (Normal) (G1 Evacuation Pause) 301M->46M(512M) 12.833ms
[2022-07-01T18:09:30.676-0700][gc,cpu        ] GC(68) User=0.01s Sys=0.01s Real=0.01s
[2022-07-01T18:38:22.162-0700][gc,start      ] GC(69) Pause Young (Normal) (G1 Evacuation Pause)
[2022-07-01T18:38:22.164-0700][gc,task       ] GC(69) Using 8 workers of 8 for evacuation
[2022-07-01T18:38:22.174-0700][gc,phases     ] GC(69)   Pre Evacuate Collection Set: 0.5ms
[2022-07-01T18:38:22.174-0700][gc,phases     ] GC(69)   Evacuate Collection Set: 6.0ms
[2022-07-01T18:38:22.174-0700][gc,phases     ] GC(69)   Post Evacuate Collection Set: 1.9ms
[2022-07-01T18:38:22.174-0700][gc,phases     ] GC(69)   Other: 3.5ms
[2022-07-01T18:38:22.174-0700][gc,heap       ] GC(69) Eden regions: 255->0(255)
[2022-07-01T18:38:22.174-0700][gc,heap       ] GC(69) Survivor regions: 1->1(32)
[2022-07-01T18:38:22.174-0700][gc,heap       ] GC(69) Old regions: 39->39
[2022-07-01T18:38:22.174-0700][gc,heap       ] GC(69) Humongous regions: 8->8
[2022-07-01T18:38:22.174-0700][gc,metaspace  ] GC(69) Metaspace: 78427K->78427K(1120256K)
[2022-07-01T18:38:22.174-0700][gc            ] GC(69) Pause Young (Normal) (G1 Evacuation Pause) 301M->46M(512M) 12.238ms
[2022-07-01T18:38:22.174-0700][gc,cpu        ] GC(69) User=0.01s Sys=0.01s Real=0.01s
[2022-07-01T19:07:22.111-0700][gc,start      ] GC(70) Pause Young (Normal) (G1 Evacuation Pause)
[2022-07-01T19:07:22.113-0700][gc,task       ] GC(70) Using 8 workers of 8 for evacuation
[2022-07-01T19:07:22.126-0700][gc,phases     ] GC(70)   Pre Evacuate Collection Set: 0.5ms
[2022-07-01T19:07:22.126-0700][gc,phases     ] GC(70)   Evacuate Collection Set: 8.8ms
[2022-07-01T19:07:22.127-0700][gc,phases     ] GC(70)   Post Evacuate Collection Set: 2.4ms
[2022-07-01T19:07:22.127-0700][gc,phases     ] GC(70)   Other: 3.8ms
[2022-07-01T19:07:22.127-0700][gc,heap       ] GC(70) Eden regions: 255->0(255)
[2022-07-01T19:07:22.127-0700][gc,heap       ] GC(70) Survivor regions: 1->1(32)
[2022-07-01T19:07:22.127-0700][gc,heap       ] GC(70) Old regions: 39->39
[2022-07-01T19:07:22.127-0700][gc,heap       ] GC(70) Humongous regions: 8->8
[2022-07-01T19:07:22.127-0700][gc,metaspace  ] GC(70) Metaspace: 78427K->78427K(1120256K)
[2022-07-01T19:07:22.127-0700][gc            ] GC(70) Pause Young (Normal) (G1 Evacuation Pause) 301M->46M(512M) 15.917ms
[2022-07-01T19:07:22.127-0700][gc,cpu        ] GC(70) User=0.02s Sys=0.02s Real=0.01s
[2022-07-01T19:36:19.017-0700][gc,start      ] GC(71) Pause Young (Normal) (G1 Evacuation Pause)
[2022-07-01T19:36:19.018-0700][gc,task       ] GC(71) Using 8 workers of 8 for evacuation
[2022-07-01T19:36:19.037-0700][gc,phases     ] GC(71)   Pre Evacuate Collection Set: 0.5ms
[2022-07-01T19:36:19.037-0700][gc,phases     ] GC(71)   Evacuate Collection Set: 15.6ms
[2022-07-01T19:36:19.037-0700][gc,phases     ] GC(71)   Post Evacuate Collection Set: 1.4ms
[2022-07-01T19:36:19.037-0700][gc,phases     ] GC(71)   Other: 2.8ms
[2022-07-01T19:36:19.037-0700][gc,heap       ] GC(71) Eden regions: 255->0(255)
[2022-07-01T19:36:19.037-0700][gc,heap       ] GC(71) Survivor regions: 1->1(32)
[2022-07-01T19:36:19.037-0700][gc,heap       ] GC(71) Old regions: 39->39
[2022-07-01T19:36:19.037-0700][gc,heap       ] GC(71) Humongous regions: 8->8
[2022-07-01T19:36:19.037-0700][gc,metaspace  ] GC(71) Metaspace: 78428K->78428K(1120256K)
[2022-07-01T19:36:19.037-0700][gc            ] GC(71) Pause Young (Normal) (G1 Evacuation Pause) 301M->46M(512M) 20.515ms
[2022-07-01T19:36:19.037-0700][gc,cpu        ] GC(71) User=0.01s Sys=0.03s Real=0.02s
[2022-07-01T21:38:07.100-0700][gc,start      ] GC(72) Pause Young (Normal) (G1 Evacuation Pause)
[2022-07-01T21:38:07.102-0700][gc,task       ] GC(72) Using 8 workers of 8 for evacuation
[2022-07-01T21:38:07.117-0700][gc,phases     ] GC(72)   Pre Evacuate Collection Set: 0.6ms
[2022-07-01T21:38:07.117-0700][gc,phases     ] GC(72)   Evacuate Collection Set: 9.5ms
[2022-07-01T21:38:07.117-0700][gc,phases     ] GC(72)   Post Evacuate Collection Set: 2.8ms
[2022-07-01T21:38:07.117-0700][gc,phases     ] GC(72)   Other: 4.2ms
[2022-07-01T21:38:07.117-0700][gc,heap       ] GC(72) Eden regions: 255->0(255)
[2022-07-01T21:38:07.117-0700][gc,heap       ] GC(72) Survivor regions: 1->1(32)
[2022-07-01T21:38:07.117-0700][gc,heap       ] GC(72) Old regions: 39->39
[2022-07-01T21:38:07.117-0700][gc,heap       ] GC(72) Humongous regions: 8->8
[2022-07-01T21:38:07.118-0700][gc,metaspace  ] GC(72) Metaspace: 78558K->78558K(1120256K)
[2022-07-01T21:38:07.118-0700][gc            ] GC(72) Pause Young (Normal) (G1 Evacuation Pause) 301M->46M(512M) 17.503ms
[2022-07-01T21:38:07.118-0700][gc,cpu        ] GC(72) User=0.02s Sys=0.02s Real=0.01s
[2022-07-01T22:06:53.771-0700][gc,start      ] GC(73) Pause Young (Normal) (G1 Evacuation Pause)
[2022-07-01T22:06:53.773-0700][gc,task       ] GC(73) Using 8 workers of 8 for evacuation
[2022-07-01T22:06:53.783-0700][gc,phases     ] GC(73)   Pre Evacuate Collection Set: 0.3ms
[2022-07-01T22:06:53.783-0700][gc,phases     ] GC(73)   Evacuate Collection Set: 6.9ms
[2022-07-01T22:06:53.783-0700][gc,phases     ] GC(73)   Post Evacuate Collection Set: 2.6ms
[2022-07-01T22:06:53.783-0700][gc,phases     ] GC(73)   Other: 2.6ms
[2022-07-01T22:06:53.783-0700][gc,heap       ] GC(73) Eden regions: 255->0(255)
[2022-07-01T22:06:53.783-0700][gc,heap       ] GC(73) Survivor regions: 1->1(32)
[2022-07-01T22:06:53.783-0700][gc,heap       ] GC(73) Old regions: 39->39
[2022-07-01T22:06:53.783-0700][gc,heap       ] GC(73) Humongous regions: 8->8
[2022-07-01T22:06:53.783-0700][gc,metaspace  ] GC(73) Metaspace: 78558K->78558K(1120256K)
[2022-07-01T22:06:53.784-0700][gc            ] GC(73) Pause Young (Normal) (G1 Evacuation Pause) 301M->46M(512M) 12.601ms
[2022-07-01T22:06:53.784-0700][gc,cpu        ] GC(73) User=0.01s Sys=0.01s Real=0.01s
[2022-07-01T22:35:40.400-0700][gc,start      ] GC(74) Pause Young (Normal) (G1 Evacuation Pause)
[2022-07-01T22:35:40.402-0700][gc,task       ] GC(74) Using 8 workers of 8 for evacuation
[2022-07-01T22:35:40.408-0700][gc,phases     ] GC(74)   Pre Evacuate Collection Set: 0.2ms
[2022-07-01T22:35:40.408-0700][gc,phases     ] GC(74)   Evacuate Collection Set: 4.5ms
[2022-07-01T22:35:40.408-0700][gc,phases     ] GC(74)   Post Evacuate Collection Set: 1.3ms
[2022-07-01T22:35:40.408-0700][gc,phases     ] GC(74)   Other: 2.1ms
[2022-07-01T22:35:40.408-0700][gc,heap       ] GC(74) Eden regions: 255->0(255)
[2022-07-01T22:35:40.408-0700][gc,heap       ] GC(74) Survivor regions: 1->1(32)
[2022-07-01T22:35:40.408-0700][gc,heap       ] GC(74) Old regions: 39->39
[2022-07-01T22:35:40.408-0700][gc,heap       ] GC(74) Humongous regions: 8->8
[2022-07-01T22:35:40.408-0700][gc,metaspace  ] GC(74) Metaspace: 78558K->78558K(1120256K)
[2022-07-01T22:35:40.408-0700][gc            ] GC(74) Pause Young (Normal) (G1 Evacuation Pause) 301M->46M(512M) 8.287ms
[2022-07-01T22:35:40.409-0700][gc,cpu        ] GC(74) User=0.01s Sys=0.00s Real=0.00s
[2022-07-01T23:04:32.068-0700][gc,start      ] GC(75) Pause Young (Normal) (G1 Evacuation Pause)
[2022-07-01T23:04:32.070-0700][gc,task       ] GC(75) Using 8 workers of 8 for evacuation
[2022-07-01T23:04:32.084-0700][gc,phases     ] GC(75)   Pre Evacuate Collection Set: 0.6ms
[2022-07-01T23:04:32.084-0700][gc,phases     ] GC(75)   Evacuate Collection Set: 9.2ms
[2022-07-01T23:04:32.084-0700][gc,phases     ] GC(75)   Post Evacuate Collection Set: 2.9ms
[2022-07-01T23:04:32.084-0700][gc,phases     ] GC(75)   Other: 3.6ms
[2022-07-01T23:04:32.084-0700][gc,heap       ] GC(75) Eden regions: 255->0(255)
[2022-07-01T23:04:32.084-0700][gc,heap       ] GC(75) Survivor regions: 1->1(32)
[2022-07-01T23:04:32.084-0700][gc,heap       ] GC(75) Old regions: 39->39
[2022-07-01T23:04:32.084-0700][gc,heap       ] GC(75) Humongous regions: 8->8
[2022-07-01T23:04:32.084-0700][gc,metaspace  ] GC(75) Metaspace: 78558K->78558K(1120256K)
[2022-07-01T23:04:32.085-0700][gc            ] GC(75) Pause Young (Normal) (G1 Evacuation Pause) 301M->46M(512M) 16.752ms
[2022-07-01T23:04:32.085-0700][gc,cpu        ] GC(75) User=0.02s Sys=0.02s Real=0.02s
[2022-07-01T23:45:15.645-0700][gc,start      ] GC(76) Pause Young (Normal) (G1 Evacuation Pause)
[2022-07-01T23:45:15.647-0700][gc,task       ] GC(76) Using 8 workers of 8 for evacuation
[2022-07-01T23:45:15.680-0700][gc,phases     ] GC(76)   Pre Evacuate Collection Set: 0.5ms
[2022-07-01T23:45:15.680-0700][gc,phases     ] GC(76)   Evacuate Collection Set: 16.4ms
[2022-07-01T23:45:15.680-0700][gc,phases     ] GC(76)   Post Evacuate Collection Set: 15.1ms
[2022-07-01T23:45:15.680-0700][gc,phases     ] GC(76)   Other: 3.5ms
[2022-07-01T23:45:15.680-0700][gc,heap       ] GC(76) Eden regions: 255->0(255)
[2022-07-01T23:45:15.680-0700][gc,heap       ] GC(76) Survivor regions: 1->1(32)
[2022-07-01T23:45:15.680-0700][gc,heap       ] GC(76) Old regions: 39->39
[2022-07-01T23:45:15.680-0700][gc,heap       ] GC(76) Humongous regions: 8->8
[2022-07-01T23:45:15.680-0700][gc,metaspace  ] GC(76) Metaspace: 78564K->78564K(1120256K)
[2022-07-01T23:45:15.681-0700][gc            ] GC(76) Pause Young (Normal) (G1 Evacuation Pause) 301M->46M(512M) 35.671ms
[2022-07-01T23:45:15.681-0700][gc,cpu        ] GC(76) User=0.04s Sys=0.03s Real=0.04s
[2022-07-02T10:10:07.876-0700][gc,start      ] GC(77) Pause Young (Normal) (G1 Evacuation Pause)
[2022-07-02T10:10:07.879-0700][gc,task       ] GC(77) Using 8 workers of 8 for evacuation
[2022-07-02T10:10:07.897-0700][gc,phases     ] GC(77)   Pre Evacuate Collection Set: 0.5ms
[2022-07-02T10:10:07.897-0700][gc,phases     ] GC(77)   Evacuate Collection Set: 11.3ms
[2022-07-02T10:10:07.897-0700][gc,phases     ] GC(77)   Post Evacuate Collection Set: 5.1ms
[2022-07-02T10:10:07.897-0700][gc,phases     ] GC(77)   Other: 4.1ms
[2022-07-02T10:10:07.897-0700][gc,heap       ] GC(77) Eden regions: 255->0(255)
[2022-07-02T10:10:07.898-0700][gc,heap       ] GC(77) Survivor regions: 1->1(32)
[2022-07-02T10:10:07.898-0700][gc,heap       ] GC(77) Old regions: 39->39
[2022-07-02T10:10:07.898-0700][gc,heap       ] GC(77) Humongous regions: 8->8
[2022-07-02T10:10:07.898-0700][gc,metaspace  ] GC(77) Metaspace: 78564K->78564K(1120256K)
[2022-07-02T10:10:07.898-0700][gc            ] GC(77) Pause Young (Normal) (G1 Evacuation Pause) 301M->47M(512M) 21.295ms
[2022-07-02T10:10:07.898-0700][gc,cpu        ] GC(77) User=0.02s Sys=0.02s Real=0.02s
[2022-07-02T11:03:21.567-0700][gc,start      ] GC(78) Pause Young (Normal) (G1 Evacuation Pause)
[2022-07-02T11:03:21.569-0700][gc,task       ] GC(78) Using 8 workers of 8 for evacuation
[2022-07-02T11:03:21.587-0700][gc,phases     ] GC(78)   Pre Evacuate Collection Set: 0.4ms
[2022-07-02T11:03:21.587-0700][gc,phases     ] GC(78)   Evacuate Collection Set: 13.1ms
[2022-07-02T11:03:21.588-0700][gc,phases     ] GC(78)   Post Evacuate Collection Set: 3.6ms
[2022-07-02T11:03:21.588-0700][gc,phases     ] GC(78)   Other: 3.3ms
[2022-07-02T11:03:21.588-0700][gc,heap       ] GC(78) Eden regions: 255->0(255)
[2022-07-02T11:03:21.588-0700][gc,heap       ] GC(78) Survivor regions: 1->1(32)
[2022-07-02T11:03:21.588-0700][gc,heap       ] GC(78) Old regions: 39->39
[2022-07-02T11:03:21.588-0700][gc,heap       ] GC(78) Humongous regions: 8->8
[2022-07-02T11:03:21.588-0700][gc,metaspace  ] GC(78) Metaspace: 78575K->78575K(1120256K)
[2022-07-02T11:03:21.588-0700][gc            ] GC(78) Pause Young (Normal) (G1 Evacuation Pause) 302M->47M(512M) 20.513ms
[2022-07-02T11:03:21.588-0700][gc,cpu        ] GC(78) User=0.02s Sys=0.01s Real=0.02s
[2022-07-02T11:32:14.105-0700][gc,start      ] GC(79) Pause Young (Normal) (G1 Evacuation Pause)
[2022-07-02T11:32:14.108-0700][gc,task       ] GC(79) Using 8 workers of 8 for evacuation
[2022-07-02T11:32:14.118-0700][gc,phases     ] GC(79)   Pre Evacuate Collection Set: 0.5ms
[2022-07-02T11:32:14.118-0700][gc,phases     ] GC(79)   Evacuate Collection Set: 6.8ms
[2022-07-02T11:32:14.118-0700][gc,phases     ] GC(79)   Post Evacuate Collection Set: 2.3ms
[2022-07-02T11:32:14.118-0700][gc,phases     ] GC(79)   Other: 3.5ms
[2022-07-02T11:32:14.118-0700][gc,heap       ] GC(79) Eden regions: 255->0(255)
[2022-07-02T11:32:14.118-0700][gc,heap       ] GC(79) Survivor regions: 1->1(32)
[2022-07-02T11:32:14.118-0700][gc,heap       ] GC(79) Old regions: 39->39
[2022-07-02T11:32:14.119-0700][gc,heap       ] GC(79) Humongous regions: 8->8
[2022-07-02T11:32:14.119-0700][gc,metaspace  ] GC(79) Metaspace: 78575K->78575K(1120256K)
[2022-07-02T11:32:14.119-0700][gc            ] GC(79) Pause Young (Normal) (G1 Evacuation Pause) 302M->47M(512M) 13.357ms
[2022-07-02T11:32:14.119-0700][gc,cpu        ] GC(79) User=0.01s Sys=0.01s Real=0.01s
[2022-07-02T12:01:05.723-0700][gc,start      ] GC(80) Pause Young (Normal) (G1 Evacuation Pause)
[2022-07-02T12:01:05.725-0700][gc,task       ] GC(80) Using 8 workers of 8 for evacuation
[2022-07-02T12:01:05.735-0700][gc,phases     ] GC(80)   Pre Evacuate Collection Set: 0.5ms
[2022-07-02T12:01:05.735-0700][gc,phases     ] GC(80)   Evacuate Collection Set: 6.5ms
[2022-07-02T12:01:05.735-0700][gc,phases     ] GC(80)   Post Evacuate Collection Set: 1.7ms
[2022-07-02T12:01:05.735-0700][gc,phases     ] GC(80)   Other: 3.0ms
[2022-07-02T12:01:05.735-0700][gc,heap       ] GC(80) Eden regions: 255->0(255)
[2022-07-02T12:01:05.735-0700][gc,heap       ] GC(80) Survivor regions: 1->1(32)
[2022-07-02T12:01:05.735-0700][gc,heap       ] GC(80) Old regions: 39->39
[2022-07-02T12:01:05.735-0700][gc,heap       ] GC(80) Humongous regions: 8->8
[2022-07-02T12:01:05.735-0700][gc,metaspace  ] GC(80) Metaspace: 78589K->78589K(1120256K)
[2022-07-02T12:01:05.735-0700][gc            ] GC(80) Pause Young (Normal) (G1 Evacuation Pause) 302M->47M(512M) 11.900ms
[2022-07-02T12:01:05.735-0700][gc,cpu        ] GC(80) User=0.01s Sys=0.01s Real=0.01s
[2022-07-02T12:29:57.596-0700][gc,start      ] GC(81) Pause Young (Normal) (G1 Evacuation Pause)
[2022-07-02T12:29:57.598-0700][gc,task       ] GC(81) Using 8 workers of 8 for evacuation
[2022-07-02T12:29:57.609-0700][gc,phases     ] GC(81)   Pre Evacuate Collection Set: 0.5ms
[2022-07-02T12:29:57.609-0700][gc,phases     ] GC(81)   Evacuate Collection Set: 7.0ms
[2022-07-02T12:29:57.609-0700][gc,phases     ] GC(81)   Post Evacuate Collection Set: 1.6ms
[2022-07-02T12:29:57.609-0700][gc,phases     ] GC(81)   Other: 3.4ms
[2022-07-02T12:29:57.609-0700][gc,heap       ] GC(81) Eden regions: 255->0(255)
[2022-07-02T12:29:57.609-0700][gc,heap       ] GC(81) Survivor regions: 1->1(32)
[2022-07-02T12:29:57.609-0700][gc,heap       ] GC(81) Old regions: 39->39
[2022-07-02T12:29:57.609-0700][gc,heap       ] GC(81) Humongous regions: 8->8
[2022-07-02T12:29:57.609-0700][gc,metaspace  ] GC(81) Metaspace: 78591K->78591K(1120256K)
[2022-07-02T12:29:57.609-0700][gc            ] GC(81) Pause Young (Normal) (G1 Evacuation Pause) 302M->47M(512M) 12.748ms
[2022-07-02T12:29:57.609-0700][gc,cpu        ] GC(81) User=0.01s Sys=0.01s Real=0.01s
[2022-07-02T12:58:46.759-0700][gc,start      ] GC(82) Pause Young (Normal) (G1 Evacuation Pause)
[2022-07-02T12:58:46.761-0700][gc,task       ] GC(82) Using 8 workers of 8 for evacuation
[2022-07-02T12:58:46.774-0700][gc,phases     ] GC(82)   Pre Evacuate Collection Set: 0.7ms
[2022-07-02T12:58:46.774-0700][gc,phases     ] GC(82)   Evacuate Collection Set: 8.9ms
[2022-07-02T12:58:46.774-0700][gc,phases     ] GC(82)   Post Evacuate Collection Set: 2.1ms
[2022-07-02T12:58:46.774-0700][gc,phases     ] GC(82)   Other: 3.0ms
[2022-07-02T12:58:46.774-0700][gc,heap       ] GC(82) Eden regions: 255->0(255)
[2022-07-02T12:58:46.774-0700][gc,heap       ] GC(82) Survivor regions: 1->1(32)
[2022-07-02T12:58:46.774-0700][gc,heap       ] GC(82) Old regions: 39->39
[2022-07-02T12:58:46.774-0700][gc,heap       ] GC(82) Humongous regions: 8->8
[2022-07-02T12:58:46.774-0700][gc,metaspace  ] GC(82) Metaspace: 78591K->78591K(1120256K)
[2022-07-02T12:58:46.774-0700][gc            ] GC(82) Pause Young (Normal) (G1 Evacuation Pause) 302M->47M(512M) 15.004ms
[2022-07-02T12:58:46.774-0700][gc,cpu        ] GC(82) User=0.02s Sys=0.02s Real=0.02s
[2022-07-02T13:27:42.595-0700][gc,start      ] GC(83) Pause Young (Normal) (G1 Evacuation Pause)
[2022-07-02T13:27:42.596-0700][gc,task       ] GC(83) Using 8 workers of 8 for evacuation
[2022-07-02T13:27:42.610-0700][gc,phases     ] GC(83)   Pre Evacuate Collection Set: 0.4ms
[2022-07-02T13:27:42.610-0700][gc,phases     ] GC(83)   Evacuate Collection Set: 11.3ms
[2022-07-02T13:27:42.610-0700][gc,phases     ] GC(83)   Post Evacuate Collection Set: 1.8ms
[2022-07-02T13:27:42.610-0700][gc,phases     ] GC(83)   Other: 2.3ms
[2022-07-02T13:27:42.610-0700][gc,heap       ] GC(83) Eden regions: 255->0(255)
[2022-07-02T13:27:42.610-0700][gc,heap       ] GC(83) Survivor regions: 1->1(32)
[2022-07-02T13:27:42.611-0700][gc,heap       ] GC(83) Old regions: 39->39
[2022-07-02T13:27:42.611-0700][gc,heap       ] GC(83) Humongous regions: 8->8
[2022-07-02T13:27:42.611-0700][gc,metaspace  ] GC(83) Metaspace: 78591K->78591K(1120256K)
[2022-07-02T13:27:42.611-0700][gc            ] GC(83) Pause Young (Normal) (G1 Evacuation Pause) 302M->47M(512M) 15.867ms
[2022-07-02T13:27:42.611-0700][gc,cpu        ] GC(83) User=0.02s Sys=0.02s Real=0.02s
[2022-07-02T13:56:37.759-0700][gc,start      ] GC(84) Pause Young (Normal) (G1 Evacuation Pause)
[2022-07-02T13:56:37.761-0700][gc,task       ] GC(84) Using 8 workers of 8 for evacuation
[2022-07-02T13:56:37.776-0700][gc,phases     ] GC(84)   Pre Evacuate Collection Set: 0.5ms
[2022-07-02T13:56:37.776-0700][gc,phases     ] GC(84)   Evacuate Collection Set: 10.1ms
[2022-07-02T13:56:37.776-0700][gc,phases     ] GC(84)   Post Evacuate Collection Set: 2.6ms
[2022-07-02T13:56:37.776-0700][gc,phases     ] GC(84)   Other: 3.2ms
[2022-07-02T13:56:37.776-0700][gc,heap       ] GC(84) Eden regions: 255->0(255)
[2022-07-02T13:56:37.776-0700][gc,heap       ] GC(84) Survivor regions: 1->1(32)
[2022-07-02T13:56:37.776-0700][gc,heap       ] GC(84) Old regions: 39->39
[2022-07-02T13:56:37.776-0700][gc,heap       ] GC(84) Humongous regions: 8->8
[2022-07-02T13:56:37.776-0700][gc,metaspace  ] GC(84) Metaspace: 78591K->78591K(1120256K)
[2022-07-02T13:56:37.776-0700][gc            ] GC(84) Pause Young (Normal) (G1 Evacuation Pause) 302M->47M(512M) 16.722ms
[2022-07-02T13:56:37.776-0700][gc,cpu        ] GC(84) User=0.01s Sys=0.01s Real=0.02s
[2022-07-02T14:25:37.991-0700][gc,start      ] GC(85) Pause Young (Normal) (G1 Evacuation Pause)
[2022-07-02T14:25:37.993-0700][gc,task       ] GC(85) Using 8 workers of 8 for evacuation
[2022-07-02T14:25:38.004-0700][gc,phases     ] GC(85)   Pre Evacuate Collection Set: 0.6ms
[2022-07-02T14:25:38.004-0700][gc,phases     ] GC(85)   Evacuate Collection Set: 7.0ms
[2022-07-02T14:25:38.004-0700][gc,phases     ] GC(85)   Post Evacuate Collection Set: 2.0ms
[2022-07-02T14:25:38.004-0700][gc,phases     ] GC(85)   Other: 3.8ms
[2022-07-02T14:25:38.004-0700][gc,heap       ] GC(85) Eden regions: 255->0(255)
[2022-07-02T14:25:38.004-0700][gc,heap       ] GC(85) Survivor regions: 1->1(32)
[2022-07-02T14:25:38.004-0700][gc,heap       ] GC(85) Old regions: 39->39
[2022-07-02T14:25:38.004-0700][gc,heap       ] GC(85) Humongous regions: 8->8
[2022-07-02T14:25:38.004-0700][gc,metaspace  ] GC(85) Metaspace: 78591K->78591K(1120256K)
[2022-07-02T14:25:38.005-0700][gc            ] GC(85) Pause Young (Normal) (G1 Evacuation Pause) 302M->47M(512M) 13.662ms
[2022-07-02T14:25:38.005-0700][gc,cpu        ] GC(85) User=0.01s Sys=0.01s Real=0.01s
[2022-07-02T14:54:32.235-0700][gc,start      ] GC(86) Pause Young (Normal) (G1 Evacuation Pause)
[2022-07-02T14:54:32.237-0700][gc,task       ] GC(86) Using 8 workers of 8 for evacuation
[2022-07-02T14:54:32.247-0700][gc,phases     ] GC(86)   Pre Evacuate Collection Set: 0.5ms
[2022-07-02T14:54:32.247-0700][gc,phases     ] GC(86)   Evacuate Collection Set: 6.2ms
[2022-07-02T14:54:32.247-0700][gc,phases     ] GC(86)   Post Evacuate Collection Set: 2.0ms
[2022-07-02T14:54:32.248-0700][gc,phases     ] GC(86)   Other: 3.7ms
[2022-07-02T14:54:32.248-0700][gc,heap       ] GC(86) Eden regions: 255->0(255)
[2022-07-02T14:54:32.248-0700][gc,heap       ] GC(86) Survivor regions: 1->1(32)
[2022-07-02T14:54:32.248-0700][gc,heap       ] GC(86) Old regions: 39->39
[2022-07-02T14:54:32.248-0700][gc,heap       ] GC(86) Humongous regions: 8->8
[2022-07-02T14:54:32.248-0700][gc,metaspace  ] GC(86) Metaspace: 78591K->78591K(1120256K)
[2022-07-02T14:54:32.248-0700][gc            ] GC(86) Pause Young (Normal) (G1 Evacuation Pause) 302M->47M(512M) 12.891ms
[2022-07-02T14:54:32.248-0700][gc,cpu        ] GC(86) User=0.01s Sys=0.01s Real=0.01s
[2022-07-02T15:23:34.870-0700][gc,start      ] GC(87) Pause Young (Normal) (G1 Evacuation Pause)
[2022-07-02T15:23:34.872-0700][gc,task       ] GC(87) Using 8 workers of 8 for evacuation
[2022-07-02T15:23:34.881-0700][gc,phases     ] GC(87)   Pre Evacuate Collection Set: 0.2ms
[2022-07-02T15:23:34.881-0700][gc,phases     ] GC(87)   Evacuate Collection Set: 6.1ms
