[2022-07-02T15:23:34.884-0700][gc,phases     ] GC(87)   Post Evacuate Collection Set: 2.0ms
[2022-07-02T15:23:34.884-0700][gc,phases     ] GC(87)   Other: 2.7ms
[2022-07-02T15:23:34.884-0700][gc,heap       ] GC(87) Eden regions: 255->0(255)
[2022-07-02T15:23:34.884-0700][gc,heap       ] GC(87) Survivor regions: 1->1(32)
[2022-07-02T15:23:34.884-0700][gc,heap       ] GC(87) Old regions: 39->39
[2022-07-02T15:23:34.884-0700][gc,heap       ] GC(87) Humongous regions: 8->8
[2022-07-02T15:23:34.884-0700][gc,metaspace  ] GC(87) Metaspace: 78593K->78593K(1120256K)
[2022-07-02T15:23:34.884-0700][gc            ] GC(87) Pause Young (Normal) (G1 Evacuation Pause) 302M->47M(512M) 14.104ms
[2022-07-02T15:23:34.884-0700][gc,cpu        ] GC(87) User=0.01s Sys=0.01s Real=0.01s
[2022-07-02T15:52:30.992-0700][gc,start      ] GC(88) Pause Young (Normal) (G1 Evacuation Pause)
[2022-07-02T15:52:30.994-0700][gc,task       ] GC(88) Using 8 workers of 8 for evacuation
[2022-07-02T15:52:31.005-0700][gc,phases     ] GC(88)   Pre Evacuate Collection Set: 0.6ms
[2022-07-02T15:52:31.005-0700][gc,phases     ] GC(88)   Evacuate Collection Set: 7.3ms
[2022-07-02T15:52:31.005-0700][gc,phases     ] GC(88)   Post Evacuate Collection Set: 2.1ms
[2022-07-02T15:52:31.005-0700][gc,phases     ] GC(88)   Other: 3.0ms
[2022-07-02T15:52:31.005-0700][gc,heap       ] GC(88) Eden regions: 255->0(255)
[2022-07-02T15:52:31.005-0700][gc,heap       ] GC(88) Survivor regions: 1->1(32)
[2022-07-02T15:52:31.005-0700][gc,heap       ] GC(88) Old regions: 39->39
[2022-07-02T15:52:31.005-0700][gc,heap       ] GC(88) Humongous regions: 8->8
[2022-07-02T15:52:31.005-0700][gc,metaspace  ] GC(88) Metaspace: 78596K->78596K(1120256K)
[2022-07-02T15:52:31.005-0700][gc            ] GC(88) Pause Young (Normal) (G1 Evacuation Pause) 302M->47M(512M) 13.375ms
[2022-07-02T15:52:31.006-0700][gc,cpu        ] GC(88) User=0.01s Sys=0.01s Real=0.01s
[2022-07-02T16:21:32.872-0700][gc,start      ] GC(89) Pause Young (Normal) (G1 Evacuation Pause)
[2022-07-02T16:21:32.873-0700][gc,task       ] GC(89) Using 8 workers of 8 for evacuation
[2022-07-02T16:21:32.882-0700][gc,phases     ] GC(89)   Pre Evacuate Collection Set: 0.4ms
[2022-07-02T16:21:32.882-0700][gc,phases     ] GC(89)   Evacuate Collection Set: 6.3ms
[2022-07-02T16:21:32.882-0700][gc,phases     ] GC(89)   Post Evacuate Collection Set: 1.6ms
[2022-07-02T16:21:32.882-0700][gc,phases     ] GC(89)   Other: 1.8ms
[2022-07-02T16:21:32.882-0700][gc,heap       ] GC(89) Eden regions: 255->0(255)
[2022-07-02T16:21:32.882-0700][gc,heap       ] GC(89) Survivor regions: 1->1(32)
[2022-07-02T16:21:32.882-0700][gc,heap       ] GC(89) Old regions: 39->39
[2022-07-02T16:21:32.882-0700][gc,heap       ] GC(89) Humongous regions: 8->8
[2022-07-02T16:21:32.882-0700][gc,metaspace  ] GC(89) Metaspace: 78596K->78596K(1120256K)
[2022-07-02T16:21:32.882-0700][gc            ] GC(89) Pause Young (Normal) (G1 Evacuation Pause) 302M->47M(512M) 10.393ms
[2022-07-02T16:21:32.883-0700][gc,cpu        ] GC(89) User=0.01s Sys=0.01s Real=0.01s
[2022-07-02T16:50:37.352-0700][gc,start      ] GC(90) Pause Young (Normal) (G1 Evacuation Pause)
[2022-07-02T16:50:37.352-0700][gc,task       ] GC(90) Using 8 workers of 8 for evacuation
[2022-07-02T16:50:37.361-0700][gc,phases     ] GC(90)   Pre Evacuate Collection Set: 0.2ms
[2022-07-02T16:50:37.362-0700][gc,phases     ] GC(90)   Evacuate Collection Set: 5.4ms
[2022-07-02T16:50:37.362-0700][gc,phases     ] GC(90)   Post Evacuate Collection Set: 2.8ms
[2022-07-02T16:50:37.362-0700][gc,phases     ] GC(90)   Other: 1.4ms
[2022-07-02T16:50:37.362-0700][gc,heap       ] GC(90) Eden regions: 255->0(255)
[2022-07-02T16:50:37.362-0700][gc,heap       ] GC(90) Survivor regions: 1->1(32)
[2022-07-02T16:50:37.362-0700][gc,heap       ] GC(90) Old regions: 39->39
[2022-07-02T16:50:37.362-0700][gc,heap       ] GC(90) Humongous regions: 8->8
[2022-07-02T16:50:37.362-0700][gc,metaspace  ] GC(90) Metaspace: 78596K->78596K(1120256K)
[2022-07-02T16:50:37.362-0700][gc            ] GC(90) Pause Young (Normal) (G1 Evacuation Pause) 302M->47M(512M) 9.915ms
[2022-07-02T16:50:37.362-0700][gc,cpu        ] GC(90) User=0.01s Sys=0.01s Real=0.01s
[2022-07-02T17:19:37.334-0700][gc,start      ] GC(91) Pause Young (Normal) (G1 Evacuation Pause)
[2022-07-02T17:19:37.335-0700][gc,task       ] GC(91) Using 8 workers of 8 for evacuation
[2022-07-02T17:19:37.353-0700][gc,phases     ] GC(91)   Pre Evacuate Collection Set: 0.3ms
[2022-07-02T17:19:37.353-0700][gc,phases     ] GC(91)   Evacuate Collection Set: 16.0ms
[2022-07-02T17:19:37.353-0700][gc,phases     ] GC(91)   Post Evacuate Collection Set: 1.5ms
[2022-07-02T17:19:37.353-0700][gc,phases     ] GC(91)   Other: 1.5ms
[2022-07-02T17:19:37.353-0700][gc,heap       ] GC(91) Eden regions: 255->0(255)
[2022-07-02T17:19:37.353-0700][gc,heap       ] GC(91) Survivor regions: 1->1(32)
[2022-07-02T17:19:37.353-0700][gc,heap       ] GC(91) Old regions: 39->39
[2022-07-02T17:19:37.353-0700][gc,heap       ] GC(91) Humongous regions: 8->8
[2022-07-02T17:19:37.353-0700][gc,metaspace  ] GC(91) Metaspace: 78596K->78596K(1120256K)
[2022-07-02T17:19:37.354-0700][gc            ] GC(91) Pause Young (Normal) (G1 Evacuation Pause) 302M->47M(512M) 19.388ms
[2022-07-02T17:19:37.354-0700][gc,cpu        ] GC(91) User=0.02s Sys=0.04s Real=0.02s
[2022-07-02T17:48:32.502-0700][gc,start      ] GC(92) Pause Young (Normal) (G1 Evacuation Pause)
[2022-07-02T17:48:32.503-0700][gc,task       ] GC(92) Using 8 workers of 8 for evacuation
[2022-07-02T17:48:32.515-0700][gc,phases     ] GC(92)   Pre Evacuate Collection Set: 0.2ms
[2022-07-02T17:48:32.516-0700][gc,phases     ] GC(92)   Evacuate Collection Set: 10.4ms
[2022-07-02T17:48:32.516-0700][gc,phases     ] GC(92)   Post Evacuate Collection Set: 1.5ms
[2022-07-02T17:48:32.516-0700][gc,phases     ] GC(92)   Other: 1.2ms
[2022-07-02T17:48:32.516-0700][gc,heap       ] GC(92) Eden regions: 255->0(255)
[2022-07-02T17:48:32.516-0700][gc,heap       ] GC(92) Survivor regions: 1->1(32)
[2022-07-02T17:48:32.516-0700][gc,heap       ] GC(92) Old regions: 39->39
[2022-07-02T17:48:32.516-0700][gc,heap       ] GC(92) Humongous regions: 8->8
[2022-07-02T17:48:32.516-0700][gc,metaspace  ] GC(92) Metaspace: 78597K->78597K(1120256K)
[2022-07-02T17:48:32.516-0700][gc            ] GC(92) Pause Young (Normal) (G1 Evacuation Pause) 302M->47M(512M) 13.729ms
[2022-07-02T17:48:32.516-0700][gc,cpu        ] GC(92) User=0.02s Sys=0.02s Real=0.01s
[2022-07-02T18:17:27.959-0700][gc,start      ] GC(93) Pause Young (Normal) (G1 Evacuation Pause)
[2022-07-02T18:17:27.961-0700][gc,task       ] GC(93) Using 8 workers of 8 for evacuation
[2022-07-02T18:17:27.973-0700][gc,phases     ] GC(93)   Pre Evacuate Collection Set: 0.4ms
[2022-07-02T18:17:27.973-0700][gc,phases     ] GC(93)   Evacuate Collection Set: 9.0ms
[2022-07-02T18:17:27.973-0700][gc,phases     ] GC(93)   Post Evacuate Collection Set: 1.5ms
[2022-07-02T18:17:27.973-0700][gc,phases     ] GC(93)   Other: 2.9ms
[2022-07-02T18:17:27.973-0700][gc,heap       ] GC(93) Eden regions: 255->0(255)
[2022-07-02T18:17:27.973-0700][gc,heap       ] GC(93) Survivor regions: 1->1(32)
[2022-07-02T18:17:27.973-0700][gc,heap       ] GC(93) Old regions: 39->39
[2022-07-02T18:17:27.973-0700][gc,heap       ] GC(93) Humongous regions: 8->8
[2022-07-02T18:17:27.973-0700][gc,metaspace  ] GC(93) Metaspace: 78599K->78599K(1120256K)
[2022-07-02T18:17:27.973-0700][gc            ] GC(93) Pause Young (Normal) (G1 Evacuation Pause) 302M->47M(512M) 13.915ms
[2022-07-02T18:17:27.973-0700][gc,cpu        ] GC(93) User=0.03s Sys=0.02s Real=0.02s
[2022-07-02T18:46:18.778-0700][gc,start      ] GC(94) Pause Young (Normal) (G1 Evacuation Pause)
[2022-07-02T18:46:18.779-0700][gc,task       ] GC(94) Using 8 workers of 8 for evacuation
[2022-07-02T18:46:18.795-0700][gc,phases     ] GC(94)   Pre Evacuate Collection Set: 0.2ms
[2022-07-02T18:46:18.795-0700][gc,phases     ] GC(94)   Evacuate Collection Set: 9.4ms
[2022-07-02T18:46:18.795-0700][gc,phases     ] GC(94)   Post Evacuate Collection Set: 5.4ms
[2022-07-02T18:46:18.795-0700][gc,phases     ] GC(94)   Other: 2.1ms
[2022-07-02T18:46:18.795-0700][gc,heap       ] GC(94) Eden regions: 255->0(255)
[2022-07-02T18:46:18.795-0700][gc,heap       ] GC(94) Survivor regions: 1->1(32)
[2022-07-02T18:46:18.795-0700][gc,heap       ] GC(94) Old regions: 39->39
[2022-07-02T18:46:18.795-0700][gc,heap       ] GC(94) Humongous regions: 8->8
[2022-07-02T18:46:18.795-0700][gc,metaspace  ] GC(94) Metaspace: 78599K->78599K(1120256K)
[2022-07-02T18:46:18.795-0700][gc            ] GC(94) Pause Young (Normal) (G1 Evacuation Pause) 302M->47M(512M) 17.218ms
[2022-07-02T18:46:18.795-0700][gc,cpu        ] GC(94) User=0.02s Sys=0.02s Real=0.02s
[2022-07-02T19:15:10.309-0700][gc,start      ] GC(95) Pause Young (Normal) (G1 Evacuation Pause)
[2022-07-02T19:15:10.309-0700][gc,task       ] GC(95) Using 8 workers of 8 for evacuation
[2022-07-02T19:15:10.327-0700][gc,phases     ] GC(95)   Pre Evacuate Collection Set: 0.6ms
[2022-07-02T19:15:10.328-0700][gc,phases     ] GC(95)   Evacuate Collection Set: 11.0ms
[2022-07-02T19:15:10.328-0700][gc,phases     ] GC(95)   Post Evacuate Collection Set: 2.9ms
[2022-07-02T19:15:10.328-0700][gc,phases     ] GC(95)   Other: 4.8ms
[2022-07-02T19:15:10.328-0700][gc,heap       ] GC(95) Eden regions: 255->0(255)
[2022-07-02T19:15:10.328-0700][gc,heap       ] GC(95) Survivor regions: 1->1(32)
[2022-07-02T19:15:10.328-0700][gc,heap       ] GC(95) Old regions: 39->39
[2022-07-02T19:15:10.328-0700][gc,heap       ] GC(95) Humongous regions: 8->8
[2022-07-02T19:15:10.328-0700][gc,metaspace  ] GC(95) Metaspace: 78599K->78599K(1120256K)
[2022-07-02T19:15:10.328-0700][gc            ] GC(95) Pause Young (Normal) (G1 Evacuation Pause) 302M->47M(512M) 19.429ms
[2022-07-02T19:15:10.328-0700][gc,cpu        ] GC(95) User=0.01s Sys=0.02s Real=0.02s
[2022-07-02T19:44:06.365-0700][gc,start      ] GC(96) Pause Young (Normal) (G1 Evacuation Pause)
[2022-07-02T19:44:06.366-0700][gc,task       ] GC(96) Using 8 workers of 8 for evacuation
[2022-07-02T19:44:06.381-0700][gc,phases     ] GC(96)   Pre Evacuate Collection Set: 0.5ms
[2022-07-02T19:44:06.382-0700][gc,phases     ] GC(96)   Evacuate Collection Set: 8.0ms
[2022-07-02T19:44:06.382-0700][gc,phases     ] GC(96)   Post Evacuate Collection Set: 5.7ms
[2022-07-02T19:44:06.382-0700][gc,phases     ] GC(96)   Other: 2.9ms
[2022-07-02T19:44:06.382-0700][gc,heap       ] GC(96) Eden regions: 255->0(255)
[2022-07-02T19:44:06.382-0700][gc,heap       ] GC(96) Survivor regions: 1->1(32)
[2022-07-02T19:44:06.382-0700][gc,heap       ] GC(96) Old regions: 39->39
[2022-07-02T19:44:06.382-0700][gc,heap       ] GC(96) Humongous regions: 8->8
[2022-07-02T19:44:06.382-0700][gc,metaspace  ] GC(96) Metaspace: 78599K->78599K(1120256K)
[2022-07-02T19:44:06.382-0700][gc            ] GC(96) Pause Young (Normal) (G1 Evacuation Pause) 302M->47M(512M) 17.460ms
[2022-07-02T19:44:06.382-0700][gc,cpu        ] GC(96) User=0.02s Sys=0.02s Real=0.02s
[2022-07-02T20:13:05.701-0700][gc,start      ] GC(97) Pause Young (Normal) (G1 Evacuation Pause)
[2022-07-02T20:13:05.702-0700][gc,task       ] GC(97) Using 8 workers of 8 for evacuation
[2022-07-02T20:13:05.722-0700][gc,phases     ] GC(97)   Pre Evacuate Collection Set: 0.7ms
[2022-07-02T20:13:05.722-0700][gc,phases     ] GC(97)   Evacuate Collection Set: 11.4ms
[2022-07-02T20:13:05.722-0700][gc,phases     ] GC(97)   Post Evacuate Collection Set: 5.6ms
[2022-07-02T20:13:05.722-0700][gc,phases     ] GC(97)   Other: 3.2ms
[2022-07-02T20:13:05.722-0700][gc,heap       ] GC(97) Eden regions: 255->0(255)
[2022-07-02T20:13:05.722-0700][gc,heap       ] GC(97) Survivor regions: 1->1(32)
[2022-07-02T20:13:05.722-0700][gc,heap       ] GC(97) Old regions: 39->39
[2022-07-02T20:13:05.722-0700][gc,heap       ] GC(97) Humongous regions: 8->8
[2022-07-02T20:13:05.722-0700][gc,metaspace  ] GC(97) Metaspace: 78599K->78599K(1120256K)
[2022-07-02T20:13:05.722-0700][gc            ] GC(97) Pause Young (Normal) (G1 Evacuation Pause) 302M->47M(512M) 21.216ms
[2022-07-02T20:13:05.722-0700][gc,cpu        ] GC(97) User=0.01s Sys=0.02s Real=0.02s
[2022-07-02T20:39:35.833-0700][gc,start      ] GC(98) Pause Young (Normal) (G1 Evacuation Pause)
[2022-07-02T20:39:35.834-0700][gc,task       ] GC(98) Using 8 workers of 8 for evacuation
[2022-07-02T20:39:35.844-0700][gc,phases     ] GC(98)   Pre Evacuate Collection Set: 1.0ms
[2022-07-02T20:39:35.845-0700][gc,phases     ] GC(98)   Evacuate Collection Set: 5.7ms
[2022-07-02T20:39:35.845-0700][gc,phases     ] GC(98)   Post Evacuate Collection Set: 2.5ms
[2022-07-02T20:39:35.845-0700][gc,phases     ] GC(98)   Other: 2.4ms
[2022-07-02T20:39:35.845-0700][gc,heap       ] GC(98) Eden regions: 255->0(255)
[2022-07-02T20:39:35.845-0700][gc,heap       ] GC(98) Survivor regions: 1->1(32)
[2022-07-02T20:39:35.845-0700][gc,heap       ] GC(98) Old regions: 39->39
[2022-07-02T20:39:35.845-0700][gc,heap       ] GC(98) Humongous regions: 8->8
[2022-07-02T20:39:35.845-0700][gc,metaspace  ] GC(98) Metaspace: 78599K->78599K(1120256K)
[2022-07-02T20:39:35.845-0700][gc            ] GC(98) Pause Young (Normal) (G1 Evacuation Pause) 302M->47M(512M) 11.798ms
[2022-07-02T20:39:35.845-0700][gc,cpu        ] GC(98) User=0.01s Sys=0.02s Real=0.01s
[2022-07-02T21:08:16.426-0700][gc,start      ] GC(99) Pause Young (Normal) (G1 Evacuation Pause)
[2022-07-02T21:08:16.426-0700][gc,task       ] GC(99) Using 8 workers of 8 for evacuation
[2022-07-02T21:08:16.435-0700][gc,phases     ] GC(99)   Pre Evacuate Collection Set: 0.3ms
[2022-07-02T21:08:16.435-0700][gc,phases     ] GC(99)   Evacuate Collection Set: 6.9ms
[2022-07-02T21:08:16.435-0700][gc,phases     ] GC(99)   Post Evacuate Collection Set: 1.1ms
[2022-07-02T21:08:16.435-0700][gc,phases     ] GC(99)   Other: 1.4ms
[2022-07-02T21:08:16.435-0700][gc,heap       ] GC(99) Eden regions: 255->0(255)
[2022-07-02T21:08:16.435-0700][gc,heap       ] GC(99) Survivor regions: 1->1(32)
[2022-07-02T21:08:16.435-0700][gc,heap       ] GC(99) Old regions: 39->39
[2022-07-02T21:08:16.435-0700][gc,heap       ] GC(99) Humongous regions: 8->8
[2022-07-02T21:08:16.435-0700][gc,metaspace  ] GC(99) Metaspace: 78599K->78599K(1120256K)
[2022-07-02T21:08:16.435-0700][gc            ] GC(99) Pause Young (Normal) (G1 Evacuation Pause) 302M->47M(512M) 9.742ms
[2022-07-02T21:08:16.435-0700][gc,cpu        ] GC(99) User=0.02s Sys=0.02s Real=0.01s
[2022-07-02T21:36:57.955-0700][gc,start      ] GC(100) Pause Young (Normal) (G1 Evacuation Pause)
[2022-07-02T21:36:57.956-0700][gc,task       ] GC(100) Using 8 workers of 8 for evacuation
[2022-07-02T21:36:57.961-0700][gc,phases     ] GC(100)   Pre Evacuate Collection Set: 0.2ms
[2022-07-02T21:36:57.961-0700][gc,phases     ] GC(100)   Evacuate Collection Set: 3.6ms
[2022-07-02T21:36:57.961-0700][gc,phases     ] GC(100)   Post Evacuate Collection Set: 0.8ms
[2022-07-02T21:36:57.961-0700][gc,phases     ] GC(100)   Other: 1.2ms
[2022-07-02T21:36:57.961-0700][gc,heap       ] GC(100) Eden regions: 255->0(255)
[2022-07-02T21:36:57.961-0700][gc,heap       ] GC(100) Survivor regions: 1->1(32)
[2022-07-02T21:36:57.961-0700][gc,heap       ] GC(100) Old regions: 39->39
[2022-07-02T21:36:57.961-0700][gc,heap       ] GC(100) Humongous regions: 8->8
[2022-07-02T21:36:57.961-0700][gc,metaspace  ] GC(100) Metaspace: 78599K->78599K(1120256K)
[2022-07-02T21:36:57.961-0700][gc            ] GC(100) Pause Young (Normal) (G1 Evacuation Pause) 302M->47M(512M) 5.816ms
[2022-07-02T21:36:57.961-0700][gc,cpu        ] GC(100) User=0.00s Sys=0.01s Real=0.01s
[2022-07-02T22:05:34.259-0700][gc,start      ] GC(101) Pause Young (Normal) (G1 Evacuation Pause)
[2022-07-02T22:05:34.260-0700][gc,task       ] GC(101) Using 8 workers of 8 for evacuation
[2022-07-02T22:05:34.270-0700][gc,phases     ] GC(101)   Pre Evacuate Collection Set: 0.2ms
[2022-07-02T22:05:34.270-0700][gc,phases     ] GC(101)   Evacuate Collection Set: 7.6ms
[2022-07-02T22:05:34.270-0700][gc,phases     ] GC(101)   Post Evacuate Collection Set: 1.8ms
[2022-07-02T22:05:34.270-0700][gc,phases     ] GC(101)   Other: 1.6ms
[2022-07-02T22:05:34.271-0700][gc,heap       ] GC(101) Eden regions: 255->0(255)
[2022-07-02T22:05:34.271-0700][gc,heap       ] GC(101) Survivor regions: 1->1(32)
[2022-07-02T22:05:34.271-0700][gc,heap       ] GC(101) Old regions: 39->39
[2022-07-02T22:05:34.271-0700][gc,heap       ] GC(101) Humongous regions: 8->8
[2022-07-02T22:05:34.271-0700][gc,metaspace  ] GC(101) Metaspace: 78599K->78599K(1120256K)
[2022-07-02T22:05:34.271-0700][gc            ] GC(101) Pause Young (Normal) (G1 Evacuation Pause) 302M->47M(512M) 11.449ms
[2022-07-02T22:05:34.271-0700][gc,cpu        ] GC(101) User=0.01s Sys=0.02s Real=0.02s
[2022-07-02T23:00:41.663-0700][gc,start      ] GC(102) Pause Young (Normal) (G1 Evacuation Pause)
[2022-07-02T23:00:41.665-0700][gc,task       ] GC(102) Using 8 workers of 8 for evacuation
[2022-07-02T23:00:41.677-0700][gc,phases     ] GC(102)   Pre Evacuate Collection Set: 0.5ms
[2022-07-02T23:00:41.677-0700][gc,phases     ] GC(102)   Evacuate Collection Set: 8.1ms
[2022-07-02T23:00:41.677-0700][gc,phases     ] GC(102)   Post Evacuate Collection Set: 1.6ms
[2022-07-02T23:00:41.677-0700][gc,phases     ] GC(102)   Other: 3.3ms
[2022-07-02T23:00:41.677-0700][gc,heap       ] GC(102) Eden regions: 255->0(255)
[2022-07-02T23:00:41.677-0700][gc,heap       ] GC(102) Survivor regions: 1->1(32)
[2022-07-02T23:00:41.677-0700][gc,heap       ] GC(102) Old regions: 39->39
[2022-07-02T23:00:41.677-0700][gc,heap       ] GC(102) Humongous regions: 8->8
[2022-07-02T23:00:41.677-0700][gc,metaspace  ] GC(102) Metaspace: 78599K->78599K(1120256K)
[2022-07-02T23:00:41.677-0700][gc            ] GC(102) Pause Young (Normal) (G1 Evacuation Pause) 302M->47M(512M) 13.755ms
[2022-07-02T23:00:41.677-0700][gc,cpu        ] GC(102) User=0.02s Sys=0.02s Real=0.01s
[2022-07-02T23:22:40.533-0700][gc,heap,exit  ] Heap
[2022-07-02T23:22:40.536-0700][gc,heap,exit  ]  garbage-first heap   total 524288K, used 213334K [0x00000007e0000000, 0x0000000800000000)
[2022-07-02T23:22:40.557-0700][gc,heap,exit  ]   region size 1024K, 164 young (167936K), 1 survivors (1024K)
[2022-07-02T23:22:40.558-0700][gc,heap,exit  ]  Metaspace       used 78790K, capacity 80938K, committed 81328K, reserved 1120256K
[2022-07-02T23:22:40.559-0700][gc,heap,exit  ]   class space    used 8759K, capacity 9744K, committed 9856K, reserved 1048576K
