[2022-07-03T09:35:07.310-0700][gc,heap] Heap region size: 1M
[2022-07-03T09:35:07.313-0700][gc     ] Using G1
[2022-07-03T09:35:07.313-0700][gc,heap,coops] Heap address: 0x00000007e0000000, size: 512 MB, Compressed Oops mode: Zero based, Oop shift amount: 3
[2022-07-03T09:35:09.794-0700][gc,start     ] GC(0) Pause Young (Concurrent Start) (Metadata GC Threshold)
[2022-07-03T09:35:09.795-0700][gc,task      ] GC(0) Using 8 workers of 8 for evacuation
[2022-07-03T09:35:09.812-0700][gc,phases    ] GC(0)   Pre Evacuate Collection Set: 0.0ms
[2022-07-03T09:35:09.812-0700][gc,phases    ] GC(0)   Evacuate Collection Set: 16.7ms
[2022-07-03T09:35:09.812-0700][gc,phases    ] GC(0)   Post Evacuate Collection Set: 0.7ms
[2022-07-03T09:35:09.812-0700][gc,phases    ] GC(0)   Other: 0.7ms
[2022-07-03T09:35:09.812-0700][gc,heap      ] GC(0) Eden regions: 137->0(250)
[2022-07-03T09:35:09.812-0700][gc,heap      ] GC(0) Survivor regions: 0->6(32)
[2022-07-03T09:35:09.812-0700][gc,heap      ] GC(0) Old regions: 0->0
[2022-07-03T09:35:09.812-0700][gc,heap      ] GC(0) Humongous regions: 0->0
[2022-07-03T09:35:09.812-0700][gc,metaspace ] GC(0) Metaspace: 20697K->20697K(1069056K)
[2022-07-03T09:35:09.813-0700][gc           ] GC(0) Pause Young (Concurrent Start) (Metadata GC Threshold) 136M->5M(512M) 18.231ms
[2022-07-03T09:35:09.813-0700][gc,cpu       ] GC(0) User=0.07s Sys=0.03s Real=0.02s
[2022-07-03T09:35:09.813-0700][gc           ] GC(1) Concurrent Cycle
[2022-07-03T09:35:09.813-0700][gc,marking   ] GC(1) Concurrent Clear Claimed Marks
[2022-07-03T09:35:09.813-0700][gc,marking   ] GC(1) Concurrent Clear Claimed Marks 0.037ms
[2022-07-03T09:35:09.813-0700][gc,marking   ] GC(1) Concurrent Scan Root Regions
[2022-07-03T09:35:09.815-0700][gc,marking   ] GC(1) Concurrent Scan Root Regions 2.111ms
[2022-07-03T09:35:09.815-0700][gc,marking   ] GC(1) Concurrent Mark (2.512s)
[2022-07-03T09:35:09.815-0700][gc,marking   ] GC(1) Concurrent Mark From Roots
[2022-07-03T09:35:09.815-0700][gc,task      ] GC(1) Using 2 workers of 2 for marking
[2022-07-03T09:35:09.818-0700][gc,marking   ] GC(1) Concurrent Mark From Roots 3.051ms
[2022-07-03T09:35:09.818-0700][gc,marking   ] GC(1) Concurrent Preclean
[2022-07-03T09:35:09.818-0700][gc,marking   ] GC(1) Concurrent Preclean 0.027ms
[2022-07-03T09:35:09.818-0700][gc,marking   ] GC(1) Concurrent Mark (2.512s, 2.515s) 3.175ms
[2022-07-03T09:35:09.819-0700][gc,start     ] GC(1) Pause Remark
[2022-07-03T09:35:09.822-0700][gc,stringtable] GC(1) Cleaned string and symbol table, strings: 7497 processed, 0 removed, symbols: 67070 processed, 76 removed
[2022-07-03T09:35:09.823-0700][gc            ] GC(1) Pause Remark 6M->6M(512M) 3.970ms
[2022-07-03T09:35:09.823-0700][gc,cpu        ] GC(1) User=0.01s Sys=0.00s Real=0.01s
[2022-07-03T09:35:09.823-0700][gc,marking    ] GC(1) Concurrent Rebuild Remembered Sets
[2022-07-03T09:35:09.823-0700][gc,marking    ] GC(1) Concurrent Rebuild Remembered Sets 0.048ms
[2022-07-03T09:35:09.823-0700][gc,start      ] GC(1) Pause Cleanup
[2022-07-03T09:35:09.823-0700][gc            ] GC(1) Pause Cleanup 6M->6M(512M) 0.067ms
[2022-07-03T09:35:09.823-0700][gc,cpu        ] GC(1) User=0.00s Sys=0.00s Real=0.00s
[2022-07-03T09:35:09.823-0700][gc,marking    ] GC(1) Concurrent Cleanup for Next Mark
[2022-07-03T09:35:09.828-0700][gc,marking    ] GC(1) Concurrent Cleanup for Next Mark 4.654ms
[2022-07-03T09:35:09.828-0700][gc            ] GC(1) Concurrent Cycle 15.496ms
[2022-07-03T09:35:12.404-0700][gc,start      ] GC(2) Pause Young (Normal) (G1 Evacuation Pause)
[2022-07-03T09:35:12.404-0700][gc,task       ] GC(2) Using 8 workers of 8 for evacuation
[2022-07-03T09:35:12.437-0700][gc,phases     ] GC(2)   Pre Evacuate Collection Set: 0.0ms
[2022-07-03T09:35:12.437-0700][gc,phases     ] GC(2)   Evacuate Collection Set: 31.9ms
[2022-07-03T09:35:12.437-0700][gc,phases     ] GC(2)   Post Evacuate Collection Set: 0.7ms
[2022-07-03T09:35:12.437-0700][gc,phases     ] GC(2)   Other: 0.3ms
[2022-07-03T09:35:12.437-0700][gc,heap       ] GC(2) Eden regions: 250->0(245)
[2022-07-03T09:35:12.437-0700][gc,heap       ] GC(2) Survivor regions: 6->11(32)
[2022-07-03T09:35:12.437-0700][gc,heap       ] GC(2) Old regions: 0->0
[2022-07-03T09:35:12.437-0700][gc,heap       ] GC(2) Humongous regions: 0->0
[2022-07-03T09:35:12.437-0700][gc,metaspace  ] GC(2) Metaspace: 30305K->30305K(1077248K)
[2022-07-03T09:35:12.437-0700][gc            ] GC(2) Pause Young (Normal) (G1 Evacuation Pause) 255M->10M(512M) 33.063ms
[2022-07-03T09:35:12.437-0700][gc,cpu        ] GC(2) User=0.12s Sys=0.05s Real=0.03s
[2022-07-03T09:35:16.883-0700][gc,start      ] GC(3) Pause Young (Normal) (G1 Evacuation Pause)
[2022-07-03T09:35:16.883-0700][gc,task       ] GC(3) Using 8 workers of 8 for evacuation
[2022-07-03T09:35:16.922-0700][gc,phases     ] GC(3)   Pre Evacuate Collection Set: 0.0ms
[2022-07-03T09:35:16.922-0700][gc,phases     ] GC(3)   Evacuate Collection Set: 38.1ms
[2022-07-03T09:35:16.922-0700][gc,phases     ] GC(3)   Post Evacuate Collection Set: 0.7ms
[2022-07-03T09:35:16.922-0700][gc,phases     ] GC(3)   Other: 0.1ms
[2022-07-03T09:35:16.922-0700][gc,heap       ] GC(3) Eden regions: 245->0(242)
[2022-07-03T09:35:16.922-0700][gc,heap       ] GC(3) Survivor regions: 11->14(32)
[2022-07-03T09:35:16.922-0700][gc,heap       ] GC(3) Old regions: 0->0
[2022-07-03T09:35:16.922-0700][gc,heap       ] GC(3) Humongous regions: 0->0
[2022-07-03T09:35:16.922-0700][gc,metaspace  ] GC(3) Metaspace: 32708K->32708K(1079296K)
[2022-07-03T09:35:16.923-0700][gc            ] GC(3) Pause Young (Normal) (G1 Evacuation Pause) 255M->13M(512M) 39.741ms
[2022-07-03T09:35:16.923-0700][gc,cpu        ] GC(3) User=0.11s Sys=0.05s Real=0.04s
[2022-07-03T09:35:18.355-0700][gc,start      ] GC(4) Pause Young (Concurrent Start) (Metadata GC Threshold)
[2022-07-03T09:35:18.355-0700][gc,task       ] GC(4) Using 8 workers of 8 for evacuation
[2022-07-03T09:35:18.392-0700][gc,phases     ] GC(4)   Pre Evacuate Collection Set: 0.0ms
[2022-07-03T09:35:18.392-0700][gc,phases     ] GC(4)   Evacuate Collection Set: 35.9ms
[2022-07-03T09:35:18.392-0700][gc,phases     ] GC(4)   Post Evacuate Collection Set: 0.8ms
[2022-07-03T09:35:18.392-0700][gc,phases     ] GC(4)   Other: 0.2ms
[2022-07-03T09:35:18.392-0700][gc,heap       ] GC(4) Eden regions: 63->0(240)
[2022-07-03T09:35:18.392-0700][gc,heap       ] GC(4) Survivor regions: 14->16(32)
[2022-07-03T09:35:18.392-0700][gc,heap       ] GC(4) Old regions: 0->0
[2022-07-03T09:35:18.392-0700][gc,heap       ] GC(4) Humongous regions: 0->0
[2022-07-03T09:35:18.392-0700][gc,metaspace  ] GC(4) Metaspace: 34831K->34831K(1081344K)
[2022-07-03T09:35:18.392-0700][gc            ] GC(4) Pause Young (Concurrent Start) (Metadata GC Threshold) 75M->15M(512M) 37.049ms
[2022-07-03T09:35:18.392-0700][gc,cpu        ] GC(4) User=0.13s Sys=0.05s Real=0.04s
[2022-07-03T09:35:18.392-0700][gc            ] GC(5) Concurrent Cycle
[2022-07-03T09:35:18.392-0700][gc,marking    ] GC(5) Concurrent Clear Claimed Marks
[2022-07-03T09:35:18.392-0700][gc,marking    ] GC(5) Concurrent Clear Claimed Marks 0.034ms
[2022-07-03T09:35:18.392-0700][gc,marking    ] GC(5) Concurrent Scan Root Regions
[2022-07-03T09:35:18.396-0700][gc,marking    ] GC(5) Concurrent Scan Root Regions 4.440ms
[2022-07-03T09:35:18.396-0700][gc,marking    ] GC(5) Concurrent Mark (11.093s)
[2022-07-03T09:35:18.396-0700][gc,marking    ] GC(5) Concurrent Mark From Roots
[2022-07-03T09:35:18.396-0700][gc,task       ] GC(5) Using 2 workers of 2 for marking
[2022-07-03T09:35:18.397-0700][gc,marking    ] GC(5) Concurrent Mark From Roots 0.113ms
[2022-07-03T09:35:18.397-0700][gc,marking    ] GC(5) Concurrent Preclean
[2022-07-03T09:35:18.397-0700][gc,marking    ] GC(5) Concurrent Preclean 0.021ms
[2022-07-03T09:35:18.397-0700][gc,marking    ] GC(5) Concurrent Mark (11.093s, 11.094s) 0.156ms
[2022-07-03T09:35:18.397-0700][gc,start      ] GC(5) Pause Remark
[2022-07-03T09:35:18.404-0700][gc,stringtable] GC(5) Cleaned string and symbol table, strings: 13547 processed, 0 removed, symbols: 110234 processed, 295 removed
[2022-07-03T09:35:18.404-0700][gc            ] GC(5) Pause Remark 16M->16M(512M) 7.222ms
[2022-07-03T09:35:18.404-0700][gc,cpu        ] GC(5) User=0.02s Sys=0.01s Real=0.01s
[2022-07-03T09:35:18.404-0700][gc,marking    ] GC(5) Concurrent Rebuild Remembered Sets
[2022-07-03T09:35:18.404-0700][gc,marking    ] GC(5) Concurrent Rebuild Remembered Sets 0.089ms
[2022-07-03T09:35:18.405-0700][gc,start      ] GC(5) Pause Cleanup
[2022-07-03T09:35:18.405-0700][gc            ] GC(5) Pause Cleanup 16M->16M(512M) 0.093ms
[2022-07-03T09:35:18.405-0700][gc,cpu        ] GC(5) User=0.00s Sys=0.00s Real=0.00s
[2022-07-03T09:35:18.405-0700][gc,marking    ] GC(5) Concurrent Cleanup for Next Mark
[2022-07-03T09:35:18.407-0700][gc,marking    ] GC(5) Concurrent Cleanup for Next Mark 1.818ms
[2022-07-03T09:35:18.407-0700][gc            ] GC(5) Concurrent Cycle 14.731ms
[2022-07-03T09:35:22.903-0700][gc,start      ] GC(6) Pause Young (Normal) (G1 Evacuation Pause)
[2022-07-03T09:35:22.903-0700][gc,task       ] GC(6) Using 8 workers of 8 for evacuation
[2022-07-03T09:35:22.942-0700][gc,phases     ] GC(6)   Pre Evacuate Collection Set: 0.0ms
[2022-07-03T09:35:22.942-0700][gc,phases     ] GC(6)   Evacuate Collection Set: 37.9ms
[2022-07-03T09:35:22.942-0700][gc,phases     ] GC(6)   Post Evacuate Collection Set: 0.8ms
[2022-07-03T09:35:22.942-0700][gc,phases     ] GC(6)   Other: 0.1ms
[2022-07-03T09:35:22.942-0700][gc,heap       ] GC(6) Eden regions: 240->0(230)
[2022-07-03T09:35:22.942-0700][gc,heap       ] GC(6) Survivor regions: 16->26(32)
[2022-07-03T09:35:22.942-0700][gc,heap       ] GC(6) Old regions: 0->0
[2022-07-03T09:35:22.942-0700][gc,heap       ] GC(6) Humongous regions: 0->0
[2022-07-03T09:35:22.942-0700][gc,metaspace  ] GC(6) Metaspace: 48670K->48670K(1093632K)
[2022-07-03T09:35:22.942-0700][gc            ] GC(6) Pause Young (Normal) (G1 Evacuation Pause) 255M->26M(512M) 38.976ms
[2022-07-03T09:35:22.942-0700][gc,cpu        ] GC(6) User=0.11s Sys=0.06s Real=0.04s
[2022-07-03T09:35:25.603-0700][gc,start      ] GC(7) Pause Young (Concurrent Start) (Metadata GC Threshold)
[2022-07-03T09:35:25.604-0700][gc,task       ] GC(7) Using 8 workers of 8 for evacuation
[2022-07-03T09:35:25.650-0700][gc,phases     ] GC(7)   Pre Evacuate Collection Set: 0.0ms
[2022-07-03T09:35:25.650-0700][gc,phases     ] GC(7)   Evacuate Collection Set: 45.7ms
[2022-07-03T09:35:25.650-0700][gc,phases     ] GC(7)   Post Evacuate Collection Set: 1.0ms
[2022-07-03T09:35:25.650-0700][gc,phases     ] GC(7)   Other: 0.1ms
[2022-07-03T09:35:25.650-0700][gc,heap       ] GC(7) Eden regions: 114->0(234)
[2022-07-03T09:35:25.650-0700][gc,heap       ] GC(7) Survivor regions: 26->22(32)
[2022-07-03T09:35:25.650-0700][gc,heap       ] GC(7) Old regions: 0->10
[2022-07-03T09:35:25.650-0700][gc,heap       ] GC(7) Humongous regions: 0->0
[2022-07-03T09:35:25.650-0700][gc,metaspace  ] GC(7) Metaspace: 58410K->58410K(1101824K)
[2022-07-03T09:35:25.650-0700][gc            ] GC(7) Pause Young (Concurrent Start) (Metadata GC Threshold) 140M->30M(512M) 46.978ms
[2022-07-03T09:35:25.650-0700][gc,cpu        ] GC(7) User=0.13s Sys=0.05s Real=0.05s
[2022-07-03T09:35:25.650-0700][gc            ] GC(8) Concurrent Cycle
[2022-07-03T09:35:25.651-0700][gc,marking    ] GC(8) Concurrent Clear Claimed Marks
[2022-07-03T09:35:25.651-0700][gc,marking    ] GC(8) Concurrent Clear Claimed Marks 0.051ms
[2022-07-03T09:35:25.651-0700][gc,marking    ] GC(8) Concurrent Scan Root Regions
[2022-07-03T09:35:25.657-0700][gc,marking    ] GC(8) Concurrent Scan Root Regions 6.268ms
[2022-07-03T09:35:25.657-0700][gc,marking    ] GC(8) Concurrent Mark (18.354s)
[2022-07-03T09:35:25.657-0700][gc,marking    ] GC(8) Concurrent Mark From Roots
[2022-07-03T09:35:25.657-0700][gc,task       ] GC(8) Using 2 workers of 2 for marking
[2022-07-03T09:35:25.663-0700][gc,marking    ] GC(8) Concurrent Mark From Roots 6.109ms
[2022-07-03T09:35:25.663-0700][gc,marking    ] GC(8) Concurrent Preclean
[2022-07-03T09:35:25.663-0700][gc,marking    ] GC(8) Concurrent Preclean 0.054ms
[2022-07-03T09:35:25.663-0700][gc,marking    ] GC(8) Concurrent Mark (18.354s, 18.360s) 6.231ms
[2022-07-03T09:35:25.663-0700][gc,start      ] GC(8) Pause Remark
[2022-07-03T09:35:25.671-0700][gc,stringtable] GC(8) Cleaned string and symbol table, strings: 28159 processed, 0 removed, symbols: 168382 processed, 223 removed
[2022-07-03T09:35:25.671-0700][gc            ] GC(8) Pause Remark 31M->31M(512M) 7.681ms
[2022-07-03T09:35:25.671-0700][gc,cpu        ] GC(8) User=0.03s Sys=0.01s Real=0.01s
[2022-07-03T09:35:25.671-0700][gc,marking    ] GC(8) Concurrent Rebuild Remembered Sets
[2022-07-03T09:35:25.676-0700][gc,marking    ] GC(8) Concurrent Rebuild Remembered Sets 4.669ms
[2022-07-03T09:35:25.676-0700][gc,start      ] GC(8) Pause Cleanup
[2022-07-03T09:35:25.676-0700][gc            ] GC(8) Pause Cleanup 31M->31M(512M) 0.081ms
[2022-07-03T09:35:25.676-0700][gc,cpu        ] GC(8) User=0.00s Sys=0.00s Real=0.00s
[2022-07-03T09:35:25.676-0700][gc,marking    ] GC(8) Concurrent Cleanup for Next Mark
[2022-07-03T09:35:25.677-0700][gc,marking    ] GC(8) Concurrent Cleanup for Next Mark 0.586ms
[2022-07-03T09:35:25.677-0700][gc            ] GC(8) Concurrent Cycle 26.442ms
[2022-07-03T09:35:31.486-0700][gc,start      ] GC(9) Pause Young (Normal) (G1 Evacuation Pause)
[2022-07-03T09:35:31.486-0700][gc,task       ] GC(9) Using 8 workers of 8 for evacuation
[2022-07-03T09:35:31.505-0700][gc,phases     ] GC(9)   Pre Evacuate Collection Set: 0.0ms
[2022-07-03T09:35:31.505-0700][gc,phases     ] GC(9)   Evacuate Collection Set: 17.5ms
[2022-07-03T09:35:31.505-0700][gc,phases     ] GC(9)   Post Evacuate Collection Set: 0.7ms
[2022-07-03T09:35:31.505-0700][gc,phases     ] GC(9)   Other: 0.2ms
[2022-07-03T09:35:31.505-0700][gc,heap       ] GC(9) Eden regions: 234->0(233)
[2022-07-03T09:35:31.505-0700][gc,heap       ] GC(9) Survivor regions: 22->23(32)
[2022-07-03T09:35:31.505-0700][gc,heap       ] GC(9) Old regions: 10->13
[2022-07-03T09:35:31.505-0700][gc,heap       ] GC(9) Humongous regions: 2->2
[2022-07-03T09:35:31.505-0700][gc,metaspace  ] GC(9) Metaspace: 70233K->70233K(1112064K)
[2022-07-03T09:35:31.505-0700][gc            ] GC(9) Pause Young (Normal) (G1 Evacuation Pause) 266M->37M(512M) 18.441ms
[2022-07-03T09:35:31.505-0700][gc,cpu        ] GC(9) User=0.06s Sys=0.02s Real=0.02s
[2022-07-03T09:57:33.772-0700][gc,start      ] GC(10) Pause Young (Normal) (G1 Evacuation Pause)
[2022-07-03T09:57:33.773-0700][gc,task       ] GC(10) Using 8 workers of 8 for evacuation
[2022-07-03T09:57:33.829-0700][gc,phases     ] GC(10)   Pre Evacuate Collection Set: 0.2ms
[2022-07-03T09:57:33.829-0700][gc,phases     ] GC(10)   Evacuate Collection Set: 53.5ms
[2022-07-03T09:57:33.829-0700][gc,phases     ] GC(10)   Post Evacuate Collection Set: 1.2ms
[2022-07-03T09:57:33.829-0700][gc,phases     ] GC(10)   Other: 1.6ms
[2022-07-03T09:57:33.829-0700][gc,heap       ] GC(10) Eden regions: 233->0(241)
[2022-07-03T09:57:33.829-0700][gc,heap       ] GC(10) Survivor regions: 23->15(32)
[2022-07-03T09:57:33.829-0700][gc,heap       ] GC(10) Old regions: 13->23
[2022-07-03T09:57:33.829-0700][gc,heap       ] GC(10) Humongous regions: 4->4
[2022-07-03T09:57:33.829-0700][gc,metaspace  ] GC(10) Metaspace: 75701K->75701K(1118208K)
[2022-07-03T09:57:33.829-0700][gc            ] GC(10) Pause Young (Normal) (G1 Evacuation Pause) 272M->41M(512M) 56.667ms
[2022-07-03T09:57:33.829-0700][gc,cpu        ] GC(10) User=0.11s Sys=0.10s Real=0.05s
[2022-07-03T10:26:17.554-0700][gc,start      ] GC(11) Pause Young (Normal) (G1 Evacuation Pause)
[2022-07-03T10:26:17.555-0700][gc,task       ] GC(11) Using 8 workers of 8 for evacuation
[2022-07-03T10:26:17.609-0700][gc,phases     ] GC(11)   Pre Evacuate Collection Set: 0.3ms
[2022-07-03T10:26:17.609-0700][gc,phases     ] GC(11)   Evacuate Collection Set: 51.7ms
[2022-07-03T10:26:17.609-0700][gc,phases     ] GC(11)   Post Evacuate Collection Set: 1.3ms
[2022-07-03T10:26:17.609-0700][gc,phases     ] GC(11)   Other: 1.8ms
[2022-07-03T10:26:17.609-0700][gc,heap       ] GC(11) Eden regions: 241->0(241)
[2022-07-03T10:26:17.609-0700][gc,heap       ] GC(11) Survivor regions: 15->15(32)
[2022-07-03T10:26:17.609-0700][gc,heap       ] GC(11) Old regions: 23->23
[2022-07-03T10:26:17.609-0700][gc,heap       ] GC(11) Humongous regions: 4->4
[2022-07-03T10:26:17.609-0700][gc,metaspace  ] GC(11) Metaspace: 76080K->76080K(1118208K)
[2022-07-03T10:26:17.609-0700][gc            ] GC(11) Pause Young (Normal) (G1 Evacuation Pause) 282M->40M(512M) 55.250ms
[2022-07-03T10:26:17.609-0700][gc,cpu        ] GC(11) User=0.11s Sys=0.10s Real=0.05s
[2022-07-03T22:25:40.770-0700][gc,start      ] GC(12) Pause Young (Normal) (G1 Evacuation Pause)
[2022-07-03T22:25:40.771-0700][gc,task       ] GC(12) Using 8 workers of 8 for evacuation
[2022-07-03T22:25:40.843-0700][gc,phases     ] GC(12)   Pre Evacuate Collection Set: 0.4ms
[2022-07-03T22:25:40.843-0700][gc,phases     ] GC(12)   Evacuate Collection Set: 69.3ms
[2022-07-03T22:25:40.843-0700][gc,phases     ] GC(12)   Post Evacuate Collection Set: 1.1ms
[2022-07-03T22:25:40.843-0700][gc,phases     ] GC(12)   Other: 2.4ms
[2022-07-03T22:25:40.843-0700][gc,heap       ] GC(12) Eden regions: 241->0(242)
[2022-07-03T22:25:40.843-0700][gc,heap       ] GC(12) Survivor regions: 15->14(32)
[2022-07-03T22:25:40.843-0700][gc,heap       ] GC(12) Old regions: 23->23
[2022-07-03T22:25:40.843-0700][gc,heap       ] GC(12) Humongous regions: 4->4
[2022-07-03T22:25:40.843-0700][gc,metaspace  ] GC(12) Metaspace: 76242K->76242K(1118208K)
[2022-07-03T22:25:40.843-0700][gc            ] GC(12) Pause Young (Normal) (G1 Evacuation Pause) 281M->39M(512M) 73.229ms
[2022-07-03T22:25:40.843-0700][gc,cpu        ] GC(12) User=0.18s Sys=0.12s Real=0.07s
[2022-07-04T10:57:01.733-0700][gc,start      ] GC(13) Pause Young (Normal) (G1 Evacuation Pause)
[2022-07-04T10:57:01.734-0700][gc,task       ] GC(13) Using 8 workers of 8 for evacuation
[2022-07-04T10:57:01.784-0700][gc,phases     ] GC(13)   Pre Evacuate Collection Set: 0.1ms
[2022-07-04T10:57:01.784-0700][gc,phases     ] GC(13)   Evacuate Collection Set: 49.0ms
[2022-07-04T10:57:01.784-0700][gc,phases     ] GC(13)   Post Evacuate Collection Set: 0.9ms
[2022-07-04T10:57:01.784-0700][gc,phases     ] GC(13)   Other: 1.2ms
[2022-07-04T10:57:01.784-0700][gc,heap       ] GC(13) Eden regions: 242->0(242)
[2022-07-04T10:57:01.784-0700][gc,heap       ] GC(13) Survivor regions: 14->14(32)
[2022-07-04T10:57:01.784-0700][gc,heap       ] GC(13) Old regions: 23->23
[2022-07-04T10:57:01.784-0700][gc,heap       ] GC(13) Humongous regions: 4->4
[2022-07-04T10:57:01.784-0700][gc,metaspace  ] GC(13) Metaspace: 76293K->76293K(1118208K)
[2022-07-04T10:57:01.784-0700][gc            ] GC(13) Pause Young (Normal) (G1 Evacuation Pause) 281M->39M(512M) 51.274ms
[2022-07-04T10:57:01.784-0700][gc,cpu        ] GC(13) User=0.19s Sys=0.05s Real=0.05s
[2022-07-04T14:29:00.146-0700][gc,start      ] GC(14) Pause Young (Normal) (G1 Evacuation Pause)
[2022-07-04T14:29:00.147-0700][gc,task       ] GC(14) Using 8 workers of 8 for evacuation
[2022-07-04T14:29:00.191-0700][gc,phases     ] GC(14)   Pre Evacuate Collection Set: 0.1ms
[2022-07-04T14:29:00.191-0700][gc,phases     ] GC(14)   Evacuate Collection Set: 42.4ms
[2022-07-04T14:29:00.191-0700][gc,phases     ] GC(14)   Post Evacuate Collection Set: 1.2ms
[2022-07-04T14:29:00.191-0700][gc,phases     ] GC(14)   Other: 1.1ms
[2022-07-04T14:29:00.191-0700][gc,heap       ] GC(14) Eden regions: 242->0(242)
[2022-07-04T14:29:00.191-0700][gc,heap       ] GC(14) Survivor regions: 14->14(32)
[2022-07-04T14:29:00.191-0700][gc,heap       ] GC(14) Old regions: 23->23
[2022-07-04T14:29:00.191-0700][gc,heap       ] GC(14) Humongous regions: 4->4
[2022-07-04T14:29:00.191-0700][gc,metaspace  ] GC(14) Metaspace: 76368K->76368K(1118208K)
[2022-07-04T14:29:00.191-0700][gc            ] GC(14) Pause Young (Normal) (G1 Evacuation Pause) 281M->39M(512M) 44.966ms
[2022-07-04T14:29:00.191-0700][gc,cpu        ] GC(14) User=0.10s Sys=0.03s Real=0.05s
[2022-07-04T18:12:11.623-0700][gc,start      ] GC(15) Pause Young (Normal) (G1 Evacuation Pause)
[2022-07-04T18:12:11.624-0700][gc,task       ] GC(15) Using 8 workers of 8 for evacuation
[2022-07-04T18:12:11.670-0700][gc,phases     ] GC(15)   Pre Evacuate Collection Set: 0.1ms
[2022-07-04T18:12:11.670-0700][gc,phases     ] GC(15)   Evacuate Collection Set: 43.6ms
[2022-07-04T18:12:11.670-0700][gc,phases     ] GC(15)   Post Evacuate Collection Set: 1.0ms
[2022-07-04T18:12:11.670-0700][gc,phases     ] GC(15)   Other: 2.2ms
[2022-07-04T18:12:11.670-0700][gc,heap       ] GC(15) Eden regions: 242->0(242)
[2022-07-04T18:12:11.670-0700][gc,heap       ] GC(15) Survivor regions: 14->14(32)
[2022-07-04T18:12:11.670-0700][gc,heap       ] GC(15) Old regions: 23->23
[2022-07-04T18:12:11.670-0700][gc,heap       ] GC(15) Humongous regions: 4->4
[2022-07-04T18:12:11.670-0700][gc,metaspace  ] GC(15) Metaspace: 76414K->76414K(1118208K)
[2022-07-04T18:12:11.670-0700][gc            ] GC(15) Pause Young (Normal) (G1 Evacuation Pause) 281M->39M(512M) 47.125ms
[2022-07-04T18:12:11.670-0700][gc,cpu        ] GC(15) User=0.12s Sys=0.04s Real=0.05s
[2022-07-04T20:27:30.178-0700][gc,start      ] GC(16) Pause Young (Normal) (G1 Evacuation Pause)
[2022-07-04T20:27:30.179-0700][gc,task       ] GC(16) Using 8 workers of 8 for evacuation
[2022-07-04T20:27:30.238-0700][gc,phases     ] GC(16)   Pre Evacuate Collection Set: 0.2ms
[2022-07-04T20:27:30.238-0700][gc,phases     ] GC(16)   Evacuate Collection Set: 56.5ms
[2022-07-04T20:27:30.238-0700][gc,phases     ] GC(16)   Post Evacuate Collection Set: 1.1ms
[2022-07-04T20:27:30.238-0700][gc,phases     ] GC(16)   Other: 2.2ms
[2022-07-04T20:27:30.238-0700][gc,heap       ] GC(16) Eden regions: 242->0(242)
[2022-07-04T20:27:30.238-0700][gc,heap       ] GC(16) Survivor regions: 14->14(32)
[2022-07-04T20:27:30.238-0700][gc,heap       ] GC(16) Old regions: 23->23
[2022-07-04T20:27:30.238-0700][gc,heap       ] GC(16) Humongous regions: 4->4
[2022-07-04T20:27:30.238-0700][gc,metaspace  ] GC(16) Metaspace: 76444K->76444K(1118208K)
[2022-07-04T20:27:30.238-0700][gc            ] GC(16) Pause Young (Normal) (G1 Evacuation Pause) 281M->39M(512M) 60.044ms
[2022-07-04T20:27:30.238-0700][gc,cpu        ] GC(16) User=0.14s Sys=0.10s Real=0.06s
[2022-07-05T00:00:25.495-0700][gc,start      ] GC(17) Pause Young (Normal) (G1 Evacuation Pause)
[2022-07-05T00:00:25.496-0700][gc,task       ] GC(17) Using 8 workers of 8 for evacuation
[2022-07-05T00:00:25.537-0700][gc,phases     ] GC(17)   Pre Evacuate Collection Set: 0.0ms
[2022-07-05T00:00:25.537-0700][gc,phases     ] GC(17)   Evacuate Collection Set: 39.2ms
[2022-07-05T00:00:25.537-0700][gc,phases     ] GC(17)   Post Evacuate Collection Set: 1.0ms
[2022-07-05T00:00:25.537-0700][gc,phases     ] GC(17)   Other: 1.2ms
[2022-07-05T00:00:25.537-0700][gc,heap       ] GC(17) Eden regions: 242->0(242)
[2022-07-05T00:00:25.537-0700][gc,heap       ] GC(17) Survivor regions: 14->14(32)
[2022-07-05T00:00:25.537-0700][gc,heap       ] GC(17) Old regions: 23->23
[2022-07-05T00:00:25.537-0700][gc,heap       ] GC(17) Humongous regions: 4->4
[2022-07-05T00:00:25.537-0700][gc,metaspace  ] GC(17) Metaspace: 76504K->76504K(1118208K)
[2022-07-05T00:00:25.537-0700][gc            ] GC(17) Pause Young (Normal) (G1 Evacuation Pause) 281M->39M(512M) 41.456ms
[2022-07-05T00:00:25.537-0700][gc,cpu        ] GC(17) User=0.12s Sys=0.03s Real=0.04s
[2022-07-05T11:28:17.859-0700][gc,start      ] GC(18) Pause Young (Normal) (G1 Evacuation Pause)
[2022-07-05T11:28:17.860-0700][gc,task       ] GC(18) Using 8 workers of 8 for evacuation
[2022-07-05T11:28:17.906-0700][gc,phases     ] GC(18)   Pre Evacuate Collection Set: 0.2ms
[2022-07-05T11:28:17.906-0700][gc,phases     ] GC(18)   Evacuate Collection Set: 43.8ms
[2022-07-05T11:28:17.906-0700][gc,phases     ] GC(18)   Post Evacuate Collection Set: 1.0ms
[2022-07-05T11:28:17.906-0700][gc,phases     ] GC(18)   Other: 2.3ms
[2022-07-05T11:28:17.906-0700][gc,heap       ] GC(18) Eden regions: 242->0(242)
[2022-07-05T11:28:17.906-0700][gc,heap       ] GC(18) Survivor regions: 14->14(32)
[2022-07-05T11:28:17.906-0700][gc,heap       ] GC(18) Old regions: 23->23
[2022-07-05T11:28:17.906-0700][gc,heap       ] GC(18) Humongous regions: 4->4
[2022-07-05T11:28:17.906-0700][gc,metaspace  ] GC(18) Metaspace: 76566K->76566K(1118208K)
[2022-07-05T11:28:17.906-0700][gc            ] GC(18) Pause Young (Normal) (G1 Evacuation Pause) 281M->39M(512M) 47.458ms
[2022-07-05T11:28:17.906-0700][gc,cpu        ] GC(18) User=0.14s Sys=0.05s Real=0.05s
[2022-07-05T17:24:21.448-0700][gc,start      ] GC(19) Pause Young (Normal) (G1 Evacuation Pause)
[2022-07-05T17:24:21.449-0700][gc,task       ] GC(19) Using 8 workers of 8 for evacuation
[2022-07-05T17:24:21.491-0700][gc,phases     ] GC(19)   Pre Evacuate Collection Set: 0.0ms
[2022-07-05T17:24:21.491-0700][gc,phases     ] GC(19)   Evacuate Collection Set: 40.4ms
[2022-07-05T17:24:21.491-0700][gc,phases     ] GC(19)   Post Evacuate Collection Set: 1.0ms
[2022-07-05T17:24:21.491-0700][gc,phases     ] GC(19)   Other: 0.8ms
[2022-07-05T17:24:21.491-0700][gc,heap       ] GC(19) Eden regions: 242->0(242)
[2022-07-05T17:24:21.491-0700][gc,heap       ] GC(19) Survivor regions: 14->14(32)
[2022-07-05T17:24:21.491-0700][gc,heap       ] GC(19) Old regions: 23->23
[2022-07-05T17:24:21.491-0700][gc,heap       ] GC(19) Humongous regions: 4->4
[2022-07-05T17:24:21.491-0700][gc,metaspace  ] GC(19) Metaspace: 76607K->76607K(1118208K)
[2022-07-05T17:24:21.491-0700][gc            ] GC(19) Pause Young (Normal) (G1 Evacuation Pause) 281M->39M(512M) 42.425ms
[2022-07-05T17:24:21.491-0700][gc,cpu        ] GC(19) User=0.12s Sys=0.03s Real=0.05s
[2022-07-05T19:39:44.376-0700][gc,start      ] GC(20) Pause Young (Normal) (G1 Evacuation Pause)
[2022-07-05T19:39:44.377-0700][gc,task       ] GC(20) Using 8 workers of 8 for evacuation
[2022-07-05T19:39:44.420-0700][gc,phases     ] GC(20)   Pre Evacuate Collection Set: 0.1ms
[2022-07-05T19:39:44.420-0700][gc,phases     ] GC(20)   Evacuate Collection Set: 40.7ms
[2022-07-05T19:39:44.420-0700][gc,phases     ] GC(20)   Post Evacuate Collection Set: 1.3ms
[2022-07-05T19:39:44.420-0700][gc,phases     ] GC(20)   Other: 2.2ms
[2022-07-05T19:39:44.420-0700][gc,heap       ] GC(20) Eden regions: 242->0(242)
[2022-07-05T19:39:44.420-0700][gc,heap       ] GC(20) Survivor regions: 14->14(32)
[2022-07-05T19:39:44.420-0700][gc,heap       ] GC(20) Old regions: 23->23
[2022-07-05T19:39:44.420-0700][gc,heap       ] GC(20) Humongous regions: 4->4
[2022-07-05T19:39:44.420-0700][gc,metaspace  ] GC(20) Metaspace: 76669K->76669K(1118208K)
[2022-07-05T19:39:44.420-0700][gc            ] GC(20) Pause Young (Normal) (G1 Evacuation Pause) 281M->39M(512M) 44.399ms
[2022-07-05T19:39:44.420-0700][gc,cpu        ] GC(20) User=0.14s Sys=0.05s Real=0.05s
[2022-07-05T23:47:57.310-0700][gc,start      ] GC(21) Pause Young (Normal) (G1 Evacuation Pause)
[2022-07-05T23:47:57.312-0700][gc,task       ] GC(21) Using 8 workers of 8 for evacuation
[2022-07-05T23:47:57.367-0700][gc,phases     ] GC(21)   Pre Evacuate Collection Set: 0.3ms
[2022-07-05T23:47:57.368-0700][gc,phases     ] GC(21)   Evacuate Collection Set: 53.5ms
[2022-07-05T23:47:57.368-0700][gc,phases     ] GC(21)   Post Evacuate Collection Set: 0.8ms
[2022-07-05T23:47:57.368-0700][gc,phases     ] GC(21)   Other: 2.6ms
[2022-07-05T23:47:57.368-0700][gc,heap       ] GC(21) Eden regions: 242->0(242)
[2022-07-05T23:47:57.368-0700][gc,heap       ] GC(21) Survivor regions: 14->14(32)
[2022-07-05T23:47:57.368-0700][gc,heap       ] GC(21) Old regions: 23->23
[2022-07-05T23:47:57.368-0700][gc,heap       ] GC(21) Humongous regions: 4->4
[2022-07-05T23:47:57.368-0700][gc,metaspace  ] GC(21) Metaspace: 76746K->76746K(1118208K)
[2022-07-05T23:47:57.368-0700][gc            ] GC(21) Pause Young (Normal) (G1 Evacuation Pause) 281M->39M(512M) 57.280ms
[2022-07-05T23:47:57.368-0700][gc,cpu        ] GC(21) User=0.14s Sys=0.09s Real=0.05s
[2022-07-06T11:50:59.571-0700][gc,start      ] GC(22) Pause Young (Normal) (G1 Evacuation Pause)
[2022-07-06T11:50:59.572-0700][gc,task       ] GC(22) Using 8 workers of 8 for evacuation
[2022-07-06T11:50:59.632-0700][gc,phases     ] GC(22)   Pre Evacuate Collection Set: 0.2ms
[2022-07-06T11:50:59.632-0700][gc,phases     ] GC(22)   Evacuate Collection Set: 57.7ms
[2022-07-06T11:50:59.632-0700][gc,phases     ] GC(22)   Post Evacuate Collection Set: 1.5ms
[2022-07-06T11:50:59.632-0700][gc,phases     ] GC(22)   Other: 1.6ms
[2022-07-06T11:50:59.632-0700][gc,heap       ] GC(22) Eden regions: 242->0(242)
[2022-07-06T11:50:59.632-0700][gc,heap       ] GC(22) Survivor regions: 14->14(32)
[2022-07-06T11:50:59.632-0700][gc,heap       ] GC(22) Old regions: 23->23
[2022-07-06T11:50:59.632-0700][gc,heap       ] GC(22) Humongous regions: 4->4
[2022-07-06T11:50:59.632-0700][gc,metaspace  ] GC(22) Metaspace: 76750K->76750K(1118208K)
[2022-07-06T11:50:59.632-0700][gc            ] GC(22) Pause Young (Normal) (G1 Evacuation Pause) 281M->40M(512M) 61.054ms
[2022-07-06T11:50:59.632-0700][gc,cpu        ] GC(22) User=0.14s Sys=0.11s Real=0.06s
[2022-07-06T16:08:55.658-0700][gc,start      ] GC(23) Pause Young (Normal) (G1 Evacuation Pause)
[2022-07-06T16:08:55.659-0700][gc,task       ] GC(23) Using 8 workers of 8 for evacuation
[2022-07-06T16:08:55.708-0700][gc,phases     ] GC(23)   Pre Evacuate Collection Set: 0.1ms
[2022-07-06T16:08:55.708-0700][gc,phases     ] GC(23)   Evacuate Collection Set: 47.3ms
[2022-07-06T16:08:55.708-0700][gc,phases     ] GC(23)   Post Evacuate Collection Set: 1.0ms
[2022-07-06T16:08:55.708-0700][gc,phases     ] GC(23)   Other: 2.2ms
[2022-07-06T16:08:55.708-0700][gc,heap       ] GC(23) Eden regions: 242->0(245)
[2022-07-06T16:08:55.708-0700][gc,heap       ] GC(23) Survivor regions: 14->11(32)
[2022-07-06T16:08:55.708-0700][gc,heap       ] GC(23) Old regions: 23->26
[2022-07-06T16:08:55.708-0700][gc,heap       ] GC(23) Humongous regions: 4->4
[2022-07-06T16:08:55.708-0700][gc,metaspace  ] GC(23) Metaspace: 76779K->76779K(1118208K)
[2022-07-06T16:08:55.708-0700][gc            ] GC(23) Pause Young (Normal) (G1 Evacuation Pause) 282M->40M(512M) 50.608ms
[2022-07-06T16:08:55.708-0700][gc,cpu        ] GC(23) User=0.16s Sys=0.05s Real=0.05s
[2022-07-06T18:26:11.278-0700][gc,start      ] GC(24) Pause Young (Normal) (G1 Evacuation Pause)
[2022-07-06T18:26:11.280-0700][gc,task       ] GC(24) Using 8 workers of 8 for evacuation
[2022-07-06T18:26:11.319-0700][gc,phases     ] GC(24)   Pre Evacuate Collection Set: 0.1ms
[2022-07-06T18:26:11.319-0700][gc,phases     ] GC(24)   Evacuate Collection Set: 37.8ms
[2022-07-06T18:26:11.319-0700][gc,phases     ] GC(24)   Post Evacuate Collection Set: 0.6ms
[2022-07-06T18:26:11.319-0700][gc,phases     ] GC(24)   Other: 2.2ms
[2022-07-06T18:26:11.319-0700][gc,heap       ] GC(24) Eden regions: 245->0(252)
[2022-07-06T18:26:11.319-0700][gc,heap       ] GC(24) Survivor regions: 11->4(32)
[2022-07-06T18:26:11.319-0700][gc,heap       ] GC(24) Old regions: 26->33
[2022-07-06T18:26:11.319-0700][gc,heap       ] GC(24) Humongous regions: 4->4
[2022-07-06T18:26:11.319-0700][gc,metaspace  ] GC(24) Metaspace: 76796K->76796K(1118208K)
[2022-07-06T18:26:11.319-0700][gc            ] GC(24) Pause Young (Normal) (G1 Evacuation Pause) 285M->40M(512M) 40.848ms
[2022-07-06T18:26:11.319-0700][gc,cpu        ] GC(24) User=0.13s Sys=0.03s Real=0.04s
[2022-07-06T23:21:21.050-0700][gc,start      ] GC(25) Pause Young (Normal) (G1 Evacuation Pause)
[2022-07-06T23:21:21.051-0700][gc,task       ] GC(25) Using 8 workers of 8 for evacuation
[2022-07-06T23:21:21.098-0700][gc,phases     ] GC(25)   Pre Evacuate Collection Set: 0.3ms
[2022-07-06T23:21:21.098-0700][gc,phases     ] GC(25)   Evacuate Collection Set: 43.9ms
[2022-07-06T23:21:21.098-0700][gc,phases     ] GC(25)   Post Evacuate Collection Set: 1.2ms
[2022-07-06T23:21:21.098-0700][gc,phases     ] GC(25)   Other: 2.4ms
[2022-07-06T23:21:21.098-0700][gc,heap       ] GC(25) Eden regions: 252->0(254)
[2022-07-06T23:21:21.098-0700][gc,heap       ] GC(25) Survivor regions: 4->2(32)
[2022-07-06T23:21:21.098-0700][gc,heap       ] GC(25) Old regions: 33->35
[2022-07-06T23:21:21.098-0700][gc,heap       ] GC(25) Humongous regions: 4->4
[2022-07-06T23:21:21.098-0700][gc,metaspace  ] GC(25) Metaspace: 76837K->76837K(1118208K)
[2022-07-06T23:21:21.098-0700][gc            ] GC(25) Pause Young (Normal) (G1 Evacuation Pause) 292M->39M(512M) 47.911ms
[2022-07-06T23:21:21.098-0700][gc,cpu        ] GC(25) User=0.17s Sys=0.08s Real=0.04s
[2022-07-07T11:36:06.631-0700][gc,start      ] GC(26) Pause Young (Normal) (G1 Evacuation Pause)
[2022-07-07T11:36:06.632-0700][gc,task       ] GC(26) Using 8 workers of 8 for evacuation
[2022-07-07T11:36:06.663-0700][gc,phases     ] GC(26)   Pre Evacuate Collection Set: 0.5ms
[2022-07-07T11:36:06.663-0700][gc,phases     ] GC(26)   Evacuate Collection Set: 26.4ms
[2022-07-07T11:36:06.663-0700][gc,phases     ] GC(26)   Post Evacuate Collection Set: 1.8ms
[2022-07-07T11:36:06.663-0700][gc,phases     ] GC(26)   Other: 3.5ms
[2022-07-07T11:36:06.663-0700][gc,heap       ] GC(26) Eden regions: 254->0(255)
[2022-07-07T11:36:06.663-0700][gc,heap       ] GC(26) Survivor regions: 2->1(32)
[2022-07-07T11:36:06.663-0700][gc,heap       ] GC(26) Old regions: 35->36
[2022-07-07T11:36:06.663-0700][gc,heap       ] GC(26) Humongous regions: 4->4
[2022-07-07T11:36:06.663-0700][gc,metaspace  ] GC(26) Metaspace: 76853K->76853K(1118208K)
[2022-07-07T11:36:06.663-0700][gc            ] GC(26) Pause Young (Normal) (G1 Evacuation Pause) 293M->39M(512M) 32.378ms
[2022-07-07T11:36:06.663-0700][gc,cpu        ] GC(26) User=0.09s Sys=0.04s Real=0.03s
[2022-07-07T18:25:38.871-0700][gc,start      ] GC(27) Pause Young (Normal) (G1 Evacuation Pause)
[2022-07-07T18:25:38.872-0700][gc,task       ] GC(27) Using 8 workers of 8 for evacuation
[2022-07-07T18:25:38.887-0700][gc,phases     ] GC(27)   Pre Evacuate Collection Set: 0.1ms
[2022-07-07T18:25:38.887-0700][gc,phases     ] GC(27)   Evacuate Collection Set: 12.7ms
[2022-07-07T18:25:38.887-0700][gc,phases     ] GC(27)   Post Evacuate Collection Set: 1.0ms
[2022-07-07T18:25:38.887-0700][gc,phases     ] GC(27)   Other: 2.4ms
[2022-07-07T18:25:38.887-0700][gc,heap       ] GC(27) Eden regions: 255->0(255)
[2022-07-07T18:25:38.887-0700][gc,heap       ] GC(27) Survivor regions: 1->1(32)
[2022-07-07T18:25:38.887-0700][gc,heap       ] GC(27) Old regions: 36->36
[2022-07-07T18:25:38.887-0700][gc,heap       ] GC(27) Humongous regions: 4->4
[2022-07-07T18:25:38.887-0700][gc,metaspace  ] GC(27) Metaspace: 76854K->76854K(1118208K)
[2022-07-07T18:25:38.887-0700][gc            ] GC(27) Pause Young (Normal) (G1 Evacuation Pause) 294M->39M(512M) 16.538ms
[2022-07-07T18:25:38.887-0700][gc,cpu        ] GC(27) User=0.04s Sys=0.02s Real=0.01s
[2022-07-07T20:49:11.817-0700][gc,start      ] GC(28) Pause Young (Normal) (G1 Evacuation Pause)
[2022-07-07T20:49:11.818-0700][gc,task       ] GC(28) Using 8 workers of 8 for evacuation
[2022-07-07T20:49:11.837-0700][gc,phases     ] GC(28)   Pre Evacuate Collection Set: 0.4ms
[2022-07-07T20:49:11.837-0700][gc,phases     ] GC(28)   Evacuate Collection Set: 15.9ms
[2022-07-07T20:49:11.837-0700][gc,phases     ] GC(28)   Post Evacuate Collection Set: 1.2ms
[2022-07-07T20:49:11.837-0700][gc,phases     ] GC(28)   Other: 2.8ms
[2022-07-07T20:49:11.837-0700][gc,heap       ] GC(28) Eden regions: 255->0(255)
[2022-07-07T20:49:11.837-0700][gc,heap       ] GC(28) Survivor regions: 1->1(32)
[2022-07-07T20:49:11.837-0700][gc,heap       ] GC(28) Old regions: 36->36
[2022-07-07T20:49:11.837-0700][gc,heap       ] GC(28) Humongous regions: 4->4
[2022-07-07T20:49:11.837-0700][gc,metaspace  ] GC(28) Metaspace: 76855K->76855K(1118208K)
[2022-07-07T20:49:11.837-0700][gc            ] GC(28) Pause Young (Normal) (G1 Evacuation Pause) 294M->39M(512M) 20.491ms
[2022-07-07T20:49:11.837-0700][gc,cpu        ] GC(28) User=0.03s Sys=0.02s Real=0.02s
[2022-07-07T23:44:52.495-0700][gc,start      ] GC(29) Pause Young (Normal) (G1 Evacuation Pause)
[2022-07-07T23:44:52.496-0700][gc,task       ] GC(29) Using 8 workers of 8 for evacuation
[2022-07-07T23:44:52.512-0700][gc,phases     ] GC(29)   Pre Evacuate Collection Set: 0.2ms
[2022-07-07T23:44:52.512-0700][gc,phases     ] GC(29)   Evacuate Collection Set: 12.9ms
[2022-07-07T23:44:52.512-0700][gc,phases     ] GC(29)   Post Evacuate Collection Set: 1.8ms
[2022-07-07T23:44:52.512-0700][gc,phases     ] GC(29)   Other: 2.4ms
[2022-07-07T23:44:52.512-0700][gc,heap       ] GC(29) Eden regions: 255->0(255)
[2022-07-07T23:44:52.512-0700][gc,heap       ] GC(29) Survivor regions: 1->1(32)
[2022-07-07T23:44:52.512-0700][gc,heap       ] GC(29) Old regions: 36->36
[2022-07-07T23:44:52.512-0700][gc,heap       ] GC(29) Humongous regions: 4->4
[2022-07-07T23:44:52.512-0700][gc,metaspace  ] GC(29) Metaspace: 76860K->76860K(1118208K)
[2022-07-07T23:44:52.512-0700][gc            ] GC(29) Pause Young (Normal) (G1 Evacuation Pause) 294M->39M(512M) 17.714ms
[2022-07-07T23:44:52.512-0700][gc,cpu        ] GC(29) User=0.05s Sys=0.02s Real=0.02s
[2022-07-08T12:07:11.083-0700][gc,start      ] GC(30) Pause Young (Normal) (G1 Evacuation Pause)
[2022-07-08T12:07:11.084-0700][gc,task       ] GC(30) Using 8 workers of 8 for evacuation
[2022-07-08T12:07:11.100-0700][gc,phases     ] GC(30)   Pre Evacuate Collection Set: 0.4ms
[2022-07-08T12:07:11.100-0700][gc,phases     ] GC(30)   Evacuate Collection Set: 12.5ms
[2022-07-08T12:07:11.100-0700][gc,phases     ] GC(30)   Post Evacuate Collection Set: 1.6ms
[2022-07-08T12:07:11.100-0700][gc,phases     ] GC(30)   Other: 2.7ms
[2022-07-08T12:07:11.100-0700][gc,heap       ] GC(30) Eden regions: 255->0(255)
[2022-07-08T12:07:11.100-0700][gc,heap       ] GC(30) Survivor regions: 1->1(32)
[2022-07-08T12:07:11.100-0700][gc,heap       ] GC(30) Old regions: 36->36
[2022-07-08T12:07:11.100-0700][gc,heap       ] GC(30) Humongous regions: 4->4
[2022-07-08T12:07:11.100-0700][gc,metaspace  ] GC(30) Metaspace: 76929K->76929K(1120256K)
[2022-07-08T12:07:11.100-0700][gc            ] GC(30) Pause Young (Normal) (G1 Evacuation Pause) 294M->39M(512M) 17.565ms
[2022-07-08T12:07:11.100-0700][gc,cpu        ] GC(30) User=0.03s Sys=0.01s Real=0.02s
[2022-07-08T17:17:05.398-0700][gc,start      ] GC(31) Pause Young (Normal) (G1 Evacuation Pause)
[2022-07-08T17:17:05.400-0700][gc,task       ] GC(31) Using 8 workers of 8 for evacuation
[2022-07-08T17:17:05.413-0700][gc,phases     ] GC(31)   Pre Evacuate Collection Set: 0.3ms
[2022-07-08T17:17:05.413-0700][gc,phases     ] GC(31)   Evacuate Collection Set: 10.5ms
[2022-07-08T17:17:05.413-0700][gc,phases     ] GC(31)   Post Evacuate Collection Set: 1.4ms
[2022-07-08T17:17:05.413-0700][gc,phases     ] GC(31)   Other: 2.5ms
[2022-07-08T17:17:05.413-0700][gc,heap       ] GC(31) Eden regions: 255->0(255)
[2022-07-08T17:17:05.413-0700][gc,heap       ] GC(31) Survivor regions: 1->1(32)
[2022-07-08T17:17:05.413-0700][gc,heap       ] GC(31) Old regions: 36->36
[2022-07-08T17:17:05.413-0700][gc,heap       ] GC(31) Humongous regions: 4->4
[2022-07-08T17:17:05.413-0700][gc,metaspace  ] GC(31) Metaspace: 76935K->76935K(1120256K)
[2022-07-08T17:17:05.413-0700][gc            ] GC(31) Pause Young (Normal) (G1 Evacuation Pause) 294M->39M(512M) 14.891ms
[2022-07-08T17:17:05.413-0700][gc,cpu        ] GC(31) User=0.02s Sys=0.01s Real=0.02s
[2022-07-08T21:00:39.774-0700][gc,start      ] GC(32) Pause Young (Normal) (G1 Evacuation Pause)
[2022-07-08T21:00:39.775-0700][gc,task       ] GC(32) Using 8 workers of 8 for evacuation
[2022-07-08T21:00:39.793-0700][gc,phases     ] GC(32)   Pre Evacuate Collection Set: 0.6ms
[2022-07-08T21:00:39.793-0700][gc,phases     ] GC(32)   Evacuate Collection Set: 13.9ms
[2022-07-08T21:00:39.793-0700][gc,phases     ] GC(32)   Post Evacuate Collection Set: 2.1ms
[2022-07-08T21:00:39.794-0700][gc,phases     ] GC(32)   Other: 3.2ms
[2022-07-08T21:00:39.794-0700][gc,heap       ] GC(32) Eden regions: 255->0(255)
[2022-07-08T21:00:39.794-0700][gc,heap       ] GC(32) Survivor regions: 1->1(32)
[2022-07-08T21:00:39.794-0700][gc,heap       ] GC(32) Old regions: 36->36
[2022-07-08T21:00:39.794-0700][gc,heap       ] GC(32) Humongous regions: 4->4
[2022-07-08T21:00:39.794-0700][gc,metaspace  ] GC(32) Metaspace: 76939K->76939K(1120256K)
[2022-07-08T21:00:39.794-0700][gc            ] GC(32) Pause Young (Normal) (G1 Evacuation Pause) 294M->39M(512M) 20.148ms
[2022-07-08T21:00:39.794-0700][gc,cpu        ] GC(32) User=0.03s Sys=0.02s Real=0.02s
[2022-07-08T23:34:06.091-0700][gc,start      ] GC(33) Pause Young (Normal) (G1 Evacuation Pause)
[2022-07-08T23:34:06.092-0700][gc,task       ] GC(33) Using 8 workers of 8 for evacuation
[2022-07-08T23:34:06.108-0700][gc,phases     ] GC(33)   Pre Evacuate Collection Set: 0.4ms
[2022-07-08T23:34:06.108-0700][gc,phases     ] GC(33)   Evacuate Collection Set: 12.7ms
[2022-07-08T23:34:06.108-0700][gc,phases     ] GC(33)   Post Evacuate Collection Set: 2.3ms
[2022-07-08T23:34:06.108-0700][gc,phases     ] GC(33)   Other: 1.7ms
[2022-07-08T23:34:06.108-0700][gc,heap       ] GC(33) Eden regions: 255->0(255)
[2022-07-08T23:34:06.108-0700][gc,heap       ] GC(33) Survivor regions: 1->1(32)
[2022-07-08T23:34:06.108-0700][gc,heap       ] GC(33) Old regions: 36->36
[2022-07-08T23:34:06.108-0700][gc,heap       ] GC(33) Humongous regions: 4->4
[2022-07-08T23:34:06.108-0700][gc,metaspace  ] GC(33) Metaspace: 76940K->76940K(1120256K)
[2022-07-08T23:34:06.109-0700][gc            ] GC(33) Pause Young (Normal) (G1 Evacuation Pause) 294M->39M(512M) 17.325ms
[2022-07-08T23:34:06.109-0700][gc,cpu        ] GC(33) User=0.03s Sys=0.02s Real=0.01s
[2022-07-09T12:14:59.943-0700][gc,start      ] GC(34) Pause Young (Normal) (G1 Evacuation Pause)
[2022-07-09T12:14:59.945-0700][gc,task       ] GC(34) Using 8 workers of 8 for evacuation
[2022-07-09T12:14:59.962-0700][gc,phases     ] GC(34)   Pre Evacuate Collection Set: 0.5ms
[2022-07-09T12:14:59.963-0700][gc,phases     ] GC(34)   Evacuate Collection Set: 13.4ms
[2022-07-09T12:14:59.963-0700][gc,phases     ] GC(34)   Post Evacuate Collection Set: 2.0ms
[2022-07-09T12:14:59.963-0700][gc,phases     ] GC(34)   Other: 3.5ms
[2022-07-09T12:14:59.963-0700][gc,heap       ] GC(34) Eden regions: 255->0(255)
[2022-07-09T12:14:59.963-0700][gc,heap       ] GC(34) Survivor regions: 1->1(32)
[2022-07-09T12:14:59.963-0700][gc,heap       ] GC(34) Old regions: 36->36
[2022-07-09T12:14:59.963-0700][gc,heap       ] GC(34) Humongous regions: 4->4
[2022-07-09T12:14:59.963-0700][gc,metaspace  ] GC(34) Metaspace: 76944K->76944K(1120256K)
[2022-07-09T12:14:59.963-0700][gc            ] GC(34) Pause Young (Normal) (G1 Evacuation Pause) 294M->39M(512M) 19.481ms
[2022-07-09T12:14:59.963-0700][gc,cpu        ] GC(34) User=0.03s Sys=0.02s Real=0.02s
[2022-07-09T16:44:30.981-0700][gc,start      ] GC(35) Pause Young (Normal) (G1 Evacuation Pause)
[2022-07-09T16:44:30.983-0700][gc,task       ] GC(35) Using 8 workers of 8 for evacuation
[2022-07-09T16:44:30.998-0700][gc,phases     ] GC(35)   Pre Evacuate Collection Set: 0.3ms
[2022-07-09T16:44:30.999-0700][gc,phases     ] GC(35)   Evacuate Collection Set: 11.7ms
[2022-07-09T16:44:30.999-0700][gc,phases     ] GC(35)   Post Evacuate Collection Set: 2.8ms
[2022-07-09T16:44:30.999-0700][gc,phases     ] GC(35)   Other: 2.4ms
[2022-07-09T16:44:30.999-0700][gc,heap       ] GC(35) Eden regions: 255->0(255)
[2022-07-09T16:44:30.999-0700][gc,heap       ] GC(35) Survivor regions: 1->1(32)
[2022-07-09T16:44:30.999-0700][gc,heap       ] GC(35) Old regions: 36->36
[2022-07-09T16:44:30.999-0700][gc,heap       ] GC(35) Humongous regions: 4->4
[2022-07-09T16:44:30.999-0700][gc,metaspace  ] GC(35) Metaspace: 76950K->76950K(1120256K)
[2022-07-09T16:44:30.999-0700][gc            ] GC(35) Pause Young (Normal) (G1 Evacuation Pause) 294M->39M(512M) 17.551ms
[2022-07-09T16:44:30.999-0700][gc,cpu        ] GC(35) User=0.03s Sys=0.02s Real=0.01s
[2022-07-09T19:07:34.891-0700][gc,start      ] GC(36) Pause Young (Normal) (G1 Evacuation Pause)
[2022-07-09T19:07:34.892-0700][gc,task       ] GC(36) Using 8 workers of 8 for evacuation
[2022-07-09T19:07:34.910-0700][gc,phases     ] GC(36)   Pre Evacuate Collection Set: 0.3ms
[2022-07-09T19:07:34.910-0700][gc,phases     ] GC(36)   Evacuate Collection Set: 15.5ms
[2022-07-09T19:07:34.910-0700][gc,phases     ] GC(36)   Post Evacuate Collection Set: 1.3ms
[2022-07-09T19:07:34.910-0700][gc,phases     ] GC(36)   Other: 2.1ms
[2022-07-09T19:07:34.910-0700][gc,heap       ] GC(36) Eden regions: 255->0(255)
[2022-07-09T19:07:34.910-0700][gc,heap       ] GC(36) Survivor regions: 1->1(32)
[2022-07-09T19:07:34.910-0700][gc,heap       ] GC(36) Old regions: 36->36
[2022-07-09T19:07:34.910-0700][gc,heap       ] GC(36) Humongous regions: 4->4
[2022-07-09T19:07:34.910-0700][gc,metaspace  ] GC(36) Metaspace: 76950K->76950K(1120256K)
[2022-07-09T19:07:34.910-0700][gc            ] GC(36) Pause Young (Normal) (G1 Evacuation Pause) 294M->39M(512M) 19.589ms
[2022-07-09T19:07:34.910-0700][gc,cpu        ] GC(36) User=0.03s Sys=0.02s Real=0.02s
[2022-07-09T21:31:08.908-0700][gc,start      ] GC(37) Pause Young (Normal) (G1 Evacuation Pause)
[2022-07-09T21:31:08.909-0700][gc,task       ] GC(37) Using 8 workers of 8 for evacuation
[2022-07-09T21:31:08.920-0700][gc,phases     ] GC(37)   Pre Evacuate Collection Set: 0.2ms
[2022-07-09T21:31:08.920-0700][gc,phases     ] GC(37)   Evacuate Collection Set: 7.5ms
[2022-07-09T21:31:08.920-0700][gc,phases     ] GC(37)   Post Evacuate Collection Set: 2.0ms
[2022-07-09T21:31:08.920-0700][gc,phases     ] GC(37)   Other: 2.1ms
[2022-07-09T21:31:08.920-0700][gc,heap       ] GC(37) Eden regions: 255->0(255)
[2022-07-09T21:31:08.920-0700][gc,heap       ] GC(37) Survivor regions: 1->1(32)
[2022-07-09T21:31:08.920-0700][gc,heap       ] GC(37) Old regions: 36->36
[2022-07-09T21:31:08.920-0700][gc,heap       ] GC(37) Humongous regions: 4->4
[2022-07-09T21:31:08.920-0700][gc,metaspace  ] GC(37) Metaspace: 76950K->76950K(1120256K)
[2022-07-09T21:31:08.920-0700][gc            ] GC(37) Pause Young (Normal) (G1 Evacuation Pause) 294M->39M(512M) 12.223ms
[2022-07-09T21:31:08.921-0700][gc,cpu        ] GC(37) User=0.02s Sys=0.01s Real=0.02s
[2022-07-10T10:44:35.030-0700][gc,start      ] GC(38) Pause Young (Normal) (G1 Evacuation Pause)
[2022-07-10T10:44:35.031-0700][gc,task       ] GC(38) Using 8 workers of 8 for evacuation
[2022-07-10T10:44:35.048-0700][gc,phases     ] GC(38)   Pre Evacuate Collection Set: 0.4ms
[2022-07-10T10:44:35.048-0700][gc,phases     ] GC(38)   Evacuate Collection Set: 12.4ms
[2022-07-10T10:44:35.048-0700][gc,phases     ] GC(38)   Post Evacuate Collection Set: 2.0ms
[2022-07-10T10:44:35.048-0700][gc,phases     ] GC(38)   Other: 3.2ms
[2022-07-10T10:44:35.048-0700][gc,heap       ] GC(38) Eden regions: 255->0(255)
[2022-07-10T10:44:35.048-0700][gc,heap       ] GC(38) Survivor regions: 1->1(32)
[2022-07-10T10:44:35.048-0700][gc,heap       ] GC(38) Old regions: 36->36
[2022-07-10T10:44:35.048-0700][gc,heap       ] GC(38) Humongous regions: 4->4
[2022-07-10T10:44:35.048-0700][gc,metaspace  ] GC(38) Metaspace: 76956K->76956K(1120256K)
[2022-07-10T10:44:35.048-0700][gc            ] GC(38) Pause Young (Normal) (G1 Evacuation Pause) 294M->39M(512M) 18.480ms
[2022-07-10T10:44:35.048-0700][gc,cpu        ] GC(38) User=0.03s Sys=0.02s Real=0.01s
[2022-07-10T13:07:30.128-0700][gc,start      ] GC(39) Pause Young (Normal) (G1 Evacuation Pause)
[2022-07-10T13:07:30.130-0700][gc,task       ] GC(39) Using 8 workers of 8 for evacuation
[2022-07-10T13:07:30.140-0700][gc,phases     ] GC(39)   Pre Evacuate Collection Set: 0.3ms
[2022-07-10T13:07:30.140-0700][gc,phases     ] GC(39)   Evacuate Collection Set: 7.1ms
[2022-07-10T13:07:30.140-0700][gc,phases     ] GC(39)   Post Evacuate Collection Set: 1.9ms
[2022-07-10T13:07:30.140-0700][gc,phases     ] GC(39)   Other: 2.6ms
[2022-07-10T13:07:30.140-0700][gc,heap       ] GC(39) Eden regions: 255->0(255)
[2022-07-10T13:07:30.140-0700][gc,heap       ] GC(39) Survivor regions: 1->1(32)
[2022-07-10T13:07:30.140-0700][gc,heap       ] GC(39) Old regions: 36->36
[2022-07-10T13:07:30.140-0700][gc,heap       ] GC(39) Humongous regions: 4->4
[2022-07-10T13:07:30.140-0700][gc,metaspace  ] GC(39) Metaspace: 77032K->77032K(1120256K)
[2022-07-10T13:07:30.141-0700][gc            ] GC(39) Pause Young (Normal) (G1 Evacuation Pause) 294M->39M(512M) 12.172ms
[2022-07-10T13:07:30.141-0700][gc,cpu        ] GC(39) User=0.02s Sys=0.01s Real=0.02s
[2022-07-10T17:28:07.405-0700][gc,start      ] GC(40) Pause Young (Normal) (G1 Evacuation Pause)
[2022-07-10T17:28:07.406-0700][gc,task       ] GC(40) Using 8 workers of 8 for evacuation
[2022-07-10T17:28:07.419-0700][gc,phases     ] GC(40)   Pre Evacuate Collection Set: 0.5ms
[2022-07-10T17:28:07.419-0700][gc,phases     ] GC(40)   Evacuate Collection Set: 9.2ms
[2022-07-10T17:28:07.419-0700][gc,phases     ] GC(40)   Post Evacuate Collection Set: 2.0ms
[2022-07-10T17:28:07.420-0700][gc,phases     ] GC(40)   Other: 3.2ms
[2022-07-10T17:28:07.420-0700][gc,heap       ] GC(40) Eden regions: 255->0(255)
[2022-07-10T17:28:07.420-0700][gc,heap       ] GC(40) Survivor regions: 1->1(32)
[2022-07-10T17:28:07.420-0700][gc,heap       ] GC(40) Old regions: 36->36
[2022-07-10T17:28:07.420-0700][gc,heap       ] GC(40) Humongous regions: 4->4
[2022-07-10T17:28:07.420-0700][gc,metaspace  ] GC(40) Metaspace: 77033K->77033K(1120256K)
[2022-07-10T17:28:07.420-0700][gc            ] GC(40) Pause Young (Normal) (G1 Evacuation Pause) 294M->39M(512M) 15.158ms
[2022-07-10T17:28:07.420-0700][gc,cpu        ] GC(40) User=0.03s Sys=0.01s Real=0.02s
[2022-07-10T19:51:10.578-0700][gc,start      ] GC(41) Pause Young (Normal) (G1 Evacuation Pause)
[2022-07-10T19:51:10.579-0700][gc,task       ] GC(41) Using 8 workers of 8 for evacuation
[2022-07-10T19:51:10.592-0700][gc,phases     ] GC(41)   Pre Evacuate Collection Set: 0.5ms
[2022-07-10T19:51:10.592-0700][gc,phases     ] GC(41)   Evacuate Collection Set: 9.2ms
[2022-07-10T19:51:10.592-0700][gc,phases     ] GC(41)   Post Evacuate Collection Set: 1.9ms
[2022-07-10T19:51:10.592-0700][gc,phases     ] GC(41)   Other: 2.9ms
[2022-07-10T19:51:10.592-0700][gc,heap       ] GC(41) Eden regions: 255->0(255)
[2022-07-10T19:51:10.592-0700][gc,heap       ] GC(41) Survivor regions: 1->1(32)
[2022-07-10T19:51:10.592-0700][gc,heap       ] GC(41) Old regions: 36->36
[2022-07-10T19:51:10.592-0700][gc,heap       ] GC(41) Humongous regions: 4->4
[2022-07-10T19:51:10.592-0700][gc,metaspace  ] GC(41) Metaspace: 77035K->77035K(1120256K)
[2022-07-10T19:51:10.592-0700][gc            ] GC(41) Pause Young (Normal) (G1 Evacuation Pause) 294M->39M(512M) 14.665ms
[2022-07-10T19:51:10.592-0700][gc,cpu        ] GC(41) User=0.02s Sys=0.02s Real=0.02s
[2022-07-11T11:15:27.244-0700][gc,start      ] GC(42) Pause Young (Normal) (G1 Evacuation Pause)
[2022-07-11T11:15:27.246-0700][gc,task       ] GC(42) Using 8 workers of 8 for evacuation
[2022-07-11T11:15:27.263-0700][gc,phases     ] GC(42)   Pre Evacuate Collection Set: 0.5ms
[2022-07-11T11:15:27.263-0700][gc,phases     ] GC(42)   Evacuate Collection Set: 12.2ms
[2022-07-11T11:15:27.263-0700][gc,phases     ] GC(42)   Post Evacuate Collection Set: 2.9ms
[2022-07-11T11:15:27.263-0700][gc,phases     ] GC(42)   Other: 3.3ms
[2022-07-11T11:15:27.263-0700][gc,heap       ] GC(42) Eden regions: 255->0(255)
[2022-07-11T11:15:27.263-0700][gc,heap       ] GC(42) Survivor regions: 1->1(32)
[2022-07-11T11:15:27.263-0700][gc,heap       ] GC(42) Old regions: 36->36
[2022-07-11T11:15:27.263-0700][gc,heap       ] GC(42) Humongous regions: 4->4
[2022-07-11T11:15:27.263-0700][gc,metaspace  ] GC(42) Metaspace: 77036K->77036K(1120256K)
[2022-07-11T11:15:27.263-0700][gc            ] GC(42) Pause Young (Normal) (G1 Evacuation Pause) 294M->39M(512M) 19.250ms
[2022-07-11T11:15:27.263-0700][gc,cpu        ] GC(42) User=0.03s Sys=0.02s Real=0.02s
[2022-07-11T18:33:02.437-0700][gc,start      ] GC(43) Pause Young (Normal) (G1 Evacuation Pause)
[2022-07-11T18:33:02.439-0700][gc,task       ] GC(43) Using 8 workers of 8 for evacuation
[2022-07-11T18:33:02.452-0700][gc,phases     ] GC(43)   Pre Evacuate Collection Set: 0.4ms
[2022-07-11T18:33:02.452-0700][gc,phases     ] GC(43)   Evacuate Collection Set: 9.0ms
[2022-07-11T18:33:02.452-0700][gc,phases     ] GC(43)   Post Evacuate Collection Set: 2.2ms
[2022-07-11T18:33:02.452-0700][gc,phases     ] GC(43)   Other: 3.3ms
[2022-07-11T18:33:02.452-0700][gc,heap       ] GC(43) Eden regions: 255->0(255)
[2022-07-11T18:33:02.452-0700][gc,heap       ] GC(43) Survivor regions: 1->1(32)
[2022-07-11T18:33:02.452-0700][gc,heap       ] GC(43) Old regions: 36->36
[2022-07-11T18:33:02.452-0700][gc,heap       ] GC(43) Humongous regions: 4->4
[2022-07-11T18:33:02.452-0700][gc,metaspace  ] GC(43) Metaspace: 77056K->77056K(1120256K)
[2022-07-11T18:33:02.452-0700][gc            ] GC(43) Pause Young (Normal) (G1 Evacuation Pause) 294M->39M(512M) 15.260ms
[2022-07-11T18:33:02.452-0700][gc,cpu        ] GC(43) User=0.02s Sys=0.02s Real=0.02s
[2022-07-11T22:20:54.223-0700][gc,start      ] GC(44) Pause Young (Normal) (G1 Evacuation Pause)
[2022-07-11T22:20:54.224-0700][gc,task       ] GC(44) Using 8 workers of 8 for evacuation
[2022-07-11T22:20:54.237-0700][gc,phases     ] GC(44)   Pre Evacuate Collection Set: 0.5ms
[2022-07-11T22:20:54.237-0700][gc,phases     ] GC(44)   Evacuate Collection Set: 8.4ms
[2022-07-11T22:20:54.237-0700][gc,phases     ] GC(44)   Post Evacuate Collection Set: 2.4ms
[2022-07-11T22:20:54.237-0700][gc,phases     ] GC(44)   Other: 2.4ms
[2022-07-11T22:20:54.237-0700][gc,heap       ] GC(44) Eden regions: 255->0(255)
[2022-07-11T22:20:54.237-0700][gc,heap       ] GC(44) Survivor regions: 1->1(32)
[2022-07-11T22:20:54.237-0700][gc,heap       ] GC(44) Old regions: 36->36
[2022-07-11T22:20:54.237-0700][gc,heap       ] GC(44) Humongous regions: 4->4
[2022-07-11T22:20:54.237-0700][gc,metaspace  ] GC(44) Metaspace: 77064K->77064K(1120256K)
[2022-07-11T22:20:54.237-0700][gc            ] GC(44) Pause Young (Normal) (G1 Evacuation Pause) 294M->39M(512M) 13.942ms
[2022-07-11T22:20:54.237-0700][gc,cpu        ] GC(44) User=0.02s Sys=0.02s Real=0.01s
[2022-07-12T10:24:04.017-0700][gc,start      ] GC(45) Pause Young (Normal) (G1 Evacuation Pause)
[2022-07-12T10:24:04.019-0700][gc,task       ] GC(45) Using 8 workers of 8 for evacuation
[2022-07-12T10:24:04.033-0700][gc,phases     ] GC(45)   Pre Evacuate Collection Set: 0.4ms
[2022-07-12T10:24:04.034-0700][gc,phases     ] GC(45)   Evacuate Collection Set: 10.3ms
[2022-07-12T10:24:04.034-0700][gc,phases     ] GC(45)   Post Evacuate Collection Set: 2.4ms
[2022-07-12T10:24:04.034-0700][gc,phases     ] GC(45)   Other: 3.1ms
[2022-07-12T10:24:04.034-0700][gc,heap       ] GC(45) Eden regions: 255->0(255)
[2022-07-12T10:24:04.034-0700][gc,heap       ] GC(45) Survivor regions: 1->1(32)
[2022-07-12T10:24:04.034-0700][gc,heap       ] GC(45) Old regions: 36->36
[2022-07-12T10:24:04.034-0700][gc,heap       ] GC(45) Humongous regions: 4->4
[2022-07-12T10:24:04.034-0700][gc,metaspace  ] GC(45) Metaspace: 77067K->77067K(1120256K)
[2022-07-12T10:24:04.034-0700][gc            ] GC(45) Pause Young (Normal) (G1 Evacuation Pause) 294M->39M(512M) 16.647ms
[2022-07-12T10:24:04.034-0700][gc,cpu        ] GC(45) User=0.03s Sys=0.02s Real=0.02s
[2022-07-12T15:06:11.706-0700][gc,start      ] GC(46) Pause Young (Normal) (G1 Evacuation Pause)
[2022-07-12T15:06:11.708-0700][gc,task       ] GC(46) Using 8 workers of 8 for evacuation
[2022-07-12T15:06:11.724-0700][gc,phases     ] GC(46)   Pre Evacuate Collection Set: 0.5ms
[2022-07-12T15:06:11.724-0700][gc,phases     ] GC(46)   Evacuate Collection Set: 10.1ms
[2022-07-12T15:06:11.724-0700][gc,phases     ] GC(46)   Post Evacuate Collection Set: 4.0ms
[2022-07-12T15:06:11.724-0700][gc,phases     ] GC(46)   Other: 3.4ms
[2022-07-12T15:06:11.724-0700][gc,heap       ] GC(46) Eden regions: 255->0(255)
[2022-07-12T15:06:11.724-0700][gc,heap       ] GC(46) Survivor regions: 1->1(32)
[2022-07-12T15:06:11.724-0700][gc,heap       ] GC(46) Old regions: 36->36
[2022-07-12T15:06:11.724-0700][gc,heap       ] GC(46) Humongous regions: 4->4
[2022-07-12T15:06:11.724-0700][gc,metaspace  ] GC(46) Metaspace: 77067K->77067K(1120256K)
[2022-07-12T15:06:11.724-0700][gc            ] GC(46) Pause Young (Normal) (G1 Evacuation Pause) 294M->39M(512M) 18.169ms
[2022-07-12T15:06:11.725-0700][gc,cpu        ] GC(46) User=0.01s Sys=0.01s Real=0.02s
[2022-07-12T18:44:29.273-0700][gc,start      ] GC(47) Pause Young (Normal) (G1 Evacuation Pause)
[2022-07-12T18:44:29.274-0700][gc,task       ] GC(47) Using 8 workers of 8 for evacuation
[2022-07-12T18:44:29.283-0700][gc,phases     ] GC(47)   Pre Evacuate Collection Set: 0.2ms
[2022-07-12T18:44:29.283-0700][gc,phases     ] GC(47)   Evacuate Collection Set: 6.3ms
[2022-07-12T18:44:29.283-0700][gc,phases     ] GC(47)   Post Evacuate Collection Set: 1.9ms
[2022-07-12T18:44:29.283-0700][gc,phases     ] GC(47)   Other: 1.7ms
[2022-07-12T18:44:29.283-0700][gc,heap       ] GC(47) Eden regions: 255->0(255)
[2022-07-12T18:44:29.283-0700][gc,heap       ] GC(47) Survivor regions: 1->1(32)
[2022-07-12T18:44:29.283-0700][gc,heap       ] GC(47) Old regions: 36->36
[2022-07-12T18:44:29.283-0700][gc,heap       ] GC(47) Humongous regions: 4->4
[2022-07-12T18:44:29.283-0700][gc,metaspace  ] GC(47) Metaspace: 77068K->77068K(1120256K)
[2022-07-12T18:44:29.283-0700][gc            ] GC(47) Pause Young (Normal) (G1 Evacuation Pause) 294M->39M(512M) 10.526ms
[2022-07-12T18:44:29.283-0700][gc,cpu        ] GC(47) User=0.02s Sys=0.01s Real=0.01s
[2022-07-12T22:30:02.575-0700][gc,start      ] GC(48) Pause Young (Normal) (G1 Evacuation Pause)
[2022-07-12T22:30:02.576-0700][gc,task       ] GC(48) Using 8 workers of 8 for evacuation
[2022-07-12T22:30:02.587-0700][gc,phases     ] GC(48)   Pre Evacuate Collection Set: 0.3ms
[2022-07-12T22:30:02.587-0700][gc,phases     ] GC(48)   Evacuate Collection Set: 6.0ms
[2022-07-12T22:30:02.587-0700][gc,phases     ] GC(48)   Post Evacuate Collection Set: 3.4ms
[2022-07-12T22:30:02.587-0700][gc,phases     ] GC(48)   Other: 2.1ms
[2022-07-12T22:30:02.587-0700][gc,heap       ] GC(48) Eden regions: 255->0(255)
[2022-07-12T22:30:02.587-0700][gc,heap       ] GC(48) Survivor regions: 1->1(32)
[2022-07-12T22:30:02.587-0700][gc,heap       ] GC(48) Old regions: 36->36
[2022-07-12T22:30:02.587-0700][gc,heap       ] GC(48) Humongous regions: 4->4
[2022-07-12T22:30:02.587-0700][gc,metaspace  ] GC(48) Metaspace: 77085K->77085K(1120256K)
[2022-07-12T22:30:02.587-0700][gc            ] GC(48) Pause Young (Normal) (G1 Evacuation Pause) 294M->39M(512M) 12.129ms
[2022-07-12T22:30:02.587-0700][gc,cpu        ] GC(48) User=0.01s Sys=0.01s Real=0.01s
[2022-07-13T10:47:07.404-0700][gc,start      ] GC(49) Pause Young (Normal) (G1 Evacuation Pause)
[2022-07-13T10:47:07.406-0700][gc,task       ] GC(49) Using 8 workers of 8 for evacuation
[2022-07-13T10:47:07.421-0700][gc,phases     ] GC(49)   Pre Evacuate Collection Set: 0.7ms
[2022-07-13T10:47:07.421-0700][gc,phases     ] GC(49)   Evacuate Collection Set: 11.1ms
[2022-07-13T10:47:07.421-0700][gc,phases     ] GC(49)   Post Evacuate Collection Set: 1.7ms
[2022-07-13T10:47:07.421-0700][gc,phases     ] GC(49)   Other: 3.1ms
[2022-07-13T10:47:07.421-0700][gc,heap       ] GC(49) Eden regions: 255->0(255)
[2022-07-13T10:47:07.421-0700][gc,heap       ] GC(49) Survivor regions: 1->1(32)
[2022-07-13T10:47:07.421-0700][gc,heap       ] GC(49) Old regions: 36->36
[2022-07-13T10:47:07.421-0700][gc,heap       ] GC(49) Humongous regions: 4->4
[2022-07-13T10:47:07.421-0700][gc,metaspace  ] GC(49) Metaspace: 77085K->77085K(1120256K)
[2022-07-13T10:47:07.421-0700][gc            ] GC(49) Pause Young (Normal) (G1 Evacuation Pause) 294M->39M(512M) 16.863ms
[2022-07-13T10:47:07.421-0700][gc,cpu        ] GC(49) User=0.02s Sys=0.02s Real=0.02s
[2022-07-13T15:58:55.558-0700][gc,start      ] GC(50) Pause Young (Normal) (G1 Evacuation Pause)
[2022-07-13T15:58:55.559-0700][gc,task       ] GC(50) Using 8 workers of 8 for evacuation
[2022-07-13T15:58:55.574-0700][gc,phases     ] GC(50)   Pre Evacuate Collection Set: 0.3ms
[2022-07-13T15:58:55.574-0700][gc,phases     ] GC(50)   Evacuate Collection Set: 12.1ms
[2022-07-13T15:58:55.574-0700][gc,phases     ] GC(50)   Post Evacuate Collection Set: 1.7ms
[2022-07-13T15:58:55.574-0700][gc,phases     ] GC(50)   Other: 1.9ms
[2022-07-13T15:58:55.574-0700][gc,heap       ] GC(50) Eden regions: 255->0(255)
[2022-07-13T15:58:55.574-0700][gc,heap       ] GC(50) Survivor regions: 1->1(32)
[2022-07-13T15:58:55.574-0700][gc,heap       ] GC(50) Old regions: 36->36
[2022-07-13T15:58:55.574-0700][gc,heap       ] GC(50) Humongous regions: 4->4
[2022-07-13T15:58:55.574-0700][gc,metaspace  ] GC(50) Metaspace: 77094K->77094K(1120256K)
[2022-07-13T15:58:55.574-0700][gc            ] GC(50) Pause Young (Normal) (G1 Evacuation Pause) 294M->40M(512M) 16.223ms
[2022-07-13T15:58:55.574-0700][gc,cpu        ] GC(50) User=0.05s Sys=0.02s Real=0.02s
[2022-07-13T18:22:24.776-0700][gc,start      ] GC(51) Pause Young (Normal) (G1 Evacuation Pause)
[2022-07-13T18:22:24.778-0700][gc,task       ] GC(51) Using 8 workers of 8 for evacuation
[2022-07-13T18:22:24.790-0700][gc,phases     ] GC(51)   Pre Evacuate Collection Set: 0.4ms
[2022-07-13T18:22:24.790-0700][gc,phases     ] GC(51)   Evacuate Collection Set: 8.3ms
[2022-07-13T18:22:24.790-0700][gc,phases     ] GC(51)   Post Evacuate Collection Set: 2.5ms
[2022-07-13T18:22:24.790-0700][gc,phases     ] GC(51)   Other: 2.9ms
[2022-07-13T18:22:24.790-0700][gc,heap       ] GC(51) Eden regions: 255->0(255)
[2022-07-13T18:22:24.790-0700][gc,heap       ] GC(51) Survivor regions: 1->1(32)
[2022-07-13T18:22:24.790-0700][gc,heap       ] GC(51) Old regions: 36->36
[2022-07-13T18:22:24.790-0700][gc,heap       ] GC(51) Humongous regions: 4->4
[2022-07-13T18:22:24.790-0700][gc,metaspace  ] GC(51) Metaspace: 77094K->77094K(1120256K)
[2022-07-13T18:22:24.790-0700][gc            ] GC(51) Pause Young (Normal) (G1 Evacuation Pause) 295M->39M(512M) 14.481ms
[2022-07-13T18:22:24.791-0700][gc,cpu        ] GC(51) User=0.02s Sys=0.02s Real=0.02s
